<html>
<body>
<pre>
<h1>µVision Build Log</h1>
<h2>Tool Versions:</h2>
IDE-Version: ¦ÌVision V5.38.0.0
Copyright (C) 2022 ARM Ltd and ARM Germany GmbH. All rights reserved.
License Information: aa 846762142@qq.com, a, LIC=IK1BF-68TZ6-EVH1R-KZQK5-ZBPKE-ULEH4
 
Tool Versions:
Toolchain:       MDK-ARM Plus  Version: 5.38.0.0
Toolchain Path:  C:\Program Files\Keil_v5\ARM\ARMCLANG\Bin
C Compiler:      ArmClang.exe V6.19
Assembler:       Armasm.exe V6.19
Linker/Locator:  ArmLink.exe V6.19
Library Manager: ArmAr.exe V6.19
Hex Converter:   FromElf.exe V6.19
CPU DLL:         SARMCM3.DLL V5.38.0.0
Dialog DLL:      DARMCM1.DLL V1.19.6.0
Target DLL:      STLink\ST-LINKIII-KEIL_SWO.dll V3.1.0.0
Dialog DLL:      TARMCM1.DLL V1.14.6.0
 
<h2>Project:</h2>
D:\Workspace_2023\Project_Little_FOC\Code\LittleFOC-0.0.8\MDK-ARM\LittleFOC-0.0.8.uvprojx
Project File Date:  04/16/2023

<h2>Output:</h2>
*** Using Compiler 'V6.19', folder: 'C:\Program Files\Keil_v5\ARM\ARMCLANG\Bin'
Rebuild target 'LittleFOC-0.0.8'
compiling retarget.c...
assembling startup_stm32g030xx.s...
compiling main.c...
compiling usart.c...
compiling MyMaths.c...
compiling base_vectors.c...
compiling LPF_controller.c...
compiling dma.c...
compiling gpio.c...
compiling stm32g0xx_it.c...
compiling adc.c...
compiling i2c.c...
compiling tim.c...
compiling PID_controller.c...
compiling pmsm_motor.c...
compiling NI_controller.c...
compiling FOC_motor.c...
compiling svpwm_driver.c...
compiling magnetic_sensor.c...
compiling stm32g0xx_ll_exti.c...
compiling stm32g0xx_ll_gpio.c...
compiling stm32g0xx_ll_utils.c...
compiling stm32g0xx_ll_dma.c...
compiling stm32g0xx_ll_i2c.c...
compiling stm32g0xx_ll_rcc.c...
compiling stm32g0xx_ll_adc.c...
compiling current_sensor.c...
compiling stm32g0xx_ll_pwr.c...
compiling system_stm32g0xx.c...
compiling BasicMathFunctionsF16.c...
compiling stm32g0xx_ll_usart.c...
compiling BayesFunctions.c...
compiling BayesFunctionsF16.c...
compiling stm32g0xx_ll_tim.c...
compiling ComplexMathFunctionsF16.c...
compiling ControllerFunctions.c...
compiling BasicMathFunctions.c...
compiling ComplexMathFunctions.c...
compiling DistanceFunctionsF16.c...
compiling FastMathFunctionsF16.c...
compiling DistanceFunctions.c...
compiling InterpolationFunctionsF16.c...
compiling CommonTablesF16.c...
compiling FilteringFunctionsF16.c...
compiling InterpolationFunctions.c...
compiling QuaternionMathFunctions.c...
compiling SVMFunctions.c...
compiling FastMathFunctions.c...
compiling SVMFunctionsF16.c...
compiling SupportFunctionsF16.c...
compiling StatisticsFunctionsF16.c...
compiling MatrixFunctionsF16.c...
compiling SupportFunctions.c...
compiling TransformFunctionsF16.c...
compiling StatisticsFunctions.c...
compiling CommonTables.c...
compiling MatrixFunctions.c...
compiling TransformFunctions.c...
compiling FilteringFunctions.c...
linking...
Program Size: Code=12108 RO-data=1620 RW-data=260 ZI-data=3532  
FromELF: creating hex file...
".\LittleFOC-0.0.8\LittleFOC-0.0.8" - 0 Error(s), 0 Warning(s).

<h2>Software Packages used:</h2>

Package Vendor: ARM
                http://www.keil.com/pack/ARM.CMSIS.5.9.0.pack
                ARM.CMSIS.5.9.0
                CMSIS (Common Microcontroller Software Interface Standard)
   * Component: CORE Version: 5.6.0

Package Vendor: ARM
                https://www.keil.com/pack/ARM.CMSIS-DSP.1.14.2.pack
                ARM.CMSIS-DSP.1.14.2
                CMSIS Embedded Compute Library
   * Component: DSP Variant: Source Version: 1.14.2

Package Vendor: Keil
                http://www.keil.com/pack/Keil.STM32G0xx_DFP.1.4.0.pack
                Keil.STM32G0xx_DFP.1.4.0
                STMicroelectronics STM32G0 Series Device Support

<h2>Collection of Component include folders:</h2>
  ./RTE/_LittleFOC-0.0.8
  C:/Users/84676/AppData/Local/Arm/Packs/ARM/CMSIS-DSP/1.14.2/Include
  C:/Users/84676/AppData/Local/Arm/Packs/ARM/CMSIS-DSP/1.14.2/PrivateInclude
  C:/Users/84676/AppData/Local/Arm/Packs/ARM/CMSIS/5.9.0/CMSIS/Core/Include
  C:/Users/84676/AppData/Local/Arm/Packs/Keil/STM32G0xx_DFP/1.4.0/Drivers/CMSIS/Device/ST/STM32G0xx/Include

<h2>Collection of Component Files used:</h2>

   * Component: ARM::CMSIS:CORE:5.6.0
      Include file:  CMSIS/Core/Include/tz_context.h

   * Component: ARM::CMSIS:DSP:Source:1.14.2
      Include file:  Include/arm_common_tables_f16.h
      Source file:   Source/DistanceFunctions/DistanceFunctions.c
      Include file:  Include/arm_math_f16.h
      Source file:   Source/FastMathFunctions/FastMathFunctions.c
      Source file:   Source/FilteringFunctions/FilteringFunctions.c
      Source file:   Source/MatrixFunctions/MatrixFunctions.c
      Source file:   Source/SVMFunctions/SVMFunctions.c
      Source file:   Source/BasicMathFunctions/BasicMathFunctionsF16.c
      Source file:   Source/ComplexMathFunctions/ComplexMathFunctionsF16.c
      Include file:  Include/arm_math.h
      Source file:   Source/FilteringFunctions/FilteringFunctionsF16.c
      Source file:   Source/CommonTables/CommonTablesF16.c
      Source file:   Source/InterpolationFunctions/InterpolationFunctions.c
      Source file:   Source/TransformFunctions/TransformFunctionsF16.c
      Source file:   Source/QuaternionMathFunctions/QuaternionMathFunctions.c
      Source file:   Source/TransformFunctions/TransformFunctions.c
      Source file:   Source/MatrixFunctions/MatrixFunctionsF16.c
      Source file:   Source/BasicMathFunctions/BasicMathFunctions.c
      Include file:  Include/arm_const_structs.h
      Include file:  Include/arm_const_structs_f16.h
      Source file:   Source/CommonTables/CommonTables.c
      Source file:   Source/StatisticsFunctions/StatisticsFunctions.c
      Source file:   Source/BayesFunctions/BayesFunctions.c
      Source file:   Source/ComplexMathFunctions/ComplexMathFunctions.c
      Source file:   Source/ControllerFunctions/ControllerFunctions.c
      Source file:   Source/SupportFunctions/SupportFunctions.c
      Include file:  Include/arm_common_tables.h
      Source file:   Source/SVMFunctions/SVMFunctionsF16.c
      Source file:   Source/FastMathFunctions/FastMathFunctionsF16.c
      Source file:   Source/SupportFunctions/SupportFunctionsF16.c
      Source file:   Source/StatisticsFunctions/StatisticsFunctionsF16.c
      Source file:   Source/BayesFunctions/BayesFunctionsF16.c
      Source file:   Source/InterpolationFunctions/InterpolationFunctionsF16.c
      Source file:   Source/DistanceFunctions/DistanceFunctionsF16.c
Build Time Elapsed:  00:00:03
</pre>
</body>
</html>
