Component: Arm Compiler for Embedded 6.19 Tool: armlink [5e73cb00]

==============================================================================

Section Cross References

    startup_stm32g030xx.o(STACK) refers (Special) to heapauxi.o(.text) for __use_two_region_memory
    startup_stm32g030xx.o(HEAP) refers (Special) to heapauxi.o(.text) for __use_two_region_memory
    startup_stm32g030xx.o(RESET) refers (Special) to heapauxi.o(.text) for __use_two_region_memory
    startup_stm32g030xx.o(RESET) refers to startup_stm32g030xx.o(STACK) for __initial_sp
    startup_stm32g030xx.o(RESET) refers to startup_stm32g030xx.o(.text) for Reset_Handler
    startup_stm32g030xx.o(RESET) refers to stm32g0xx_it.o(.text.NMI_Handler) for NMI_Handler
    startup_stm32g030xx.o(RESET) refers to stm32g0xx_it.o(.text.HardFault_Handler) for HardFault_Handler
    startup_stm32g030xx.o(RESET) refers to stm32g0xx_it.o(.text.SVC_Handler) for SVC_Handler
    startup_stm32g030xx.o(RESET) refers to stm32g0xx_it.o(.text.PendSV_Handler) for PendSV_Handler
    startup_stm32g030xx.o(RESET) refers to stm32g0xx_it.o(.text.SysTick_Handler) for SysTick_Handler
    startup_stm32g030xx.o(RESET) refers to stm32g0xx_it.o(.text.DMA1_Channel1_IRQHandler) for DMA1_Channel1_IRQHandler
    startup_stm32g030xx.o(RESET) refers to stm32g0xx_it.o(.text.DMA1_Channel2_3_IRQHandler) for DMA1_Channel2_3_IRQHandler
    startup_stm32g030xx.o(RESET) refers to stm32g0xx_it.o(.text.DMA1_Ch4_5_DMAMUX1_OVR_IRQHandler) for DMA1_Ch4_5_DMAMUX1_OVR_IRQHandler
    startup_stm32g030xx.o(RESET) refers to stm32g0xx_it.o(.text.ADC1_IRQHandler) for ADC1_IRQHandler
    startup_stm32g030xx.o(RESET) refers to stm32g0xx_it.o(.text.TIM1_BRK_UP_TRG_COM_IRQHandler) for TIM1_BRK_UP_TRG_COM_IRQHandler
    startup_stm32g030xx.o(RESET) refers to stm32g0xx_it.o(.text.TIM1_CC_IRQHandler) for TIM1_CC_IRQHandler
    startup_stm32g030xx.o(RESET) refers to stm32g0xx_it.o(.text.TIM17_IRQHandler) for TIM17_IRQHandler
    startup_stm32g030xx.o(RESET) refers to stm32g0xx_it.o(.text.I2C2_IRQHandler) for I2C2_IRQHandler
    startup_stm32g030xx.o(RESET) refers to stm32g0xx_it.o(.text.USART1_IRQHandler) for USART1_IRQHandler
    startup_stm32g030xx.o(.text) refers (Special) to heapauxi.o(.text) for __use_two_region_memory
    startup_stm32g030xx.o(.text) refers to system_stm32g0xx.o(.text.SystemInit) for SystemInit
    startup_stm32g030xx.o(.text) refers to __main.o(!!!main) for __main
    startup_stm32g030xx.o(.text) refers to startup_stm32g030xx.o(HEAP) for Heap_Mem
    startup_stm32g030xx.o(.text) refers to startup_stm32g030xx.o(STACK) for Stack_Mem
    retarget.o(.text) refers (Special) to use_no_semi_2.o(.text) for __use_no_semihosting
    retarget.o(.text.fputc) refers (Special) to use_no_semi_2.o(.text) for __use_no_semihosting
    retarget.o(.text.fputc) refers to usart.o(.text.sendchar) for sendchar
    retarget.o(.ARM.exidx.text.fputc) refers (Special) to use_no_semi_2.o(.text) for __use_no_semihosting
    retarget.o(.ARM.exidx.text.fputc) refers to retarget.o(.text.fputc) for [Anonymous Symbol]
    retarget.o(.text.ferror) refers (Special) to use_no_semi_2.o(.text) for __use_no_semihosting
    retarget.o(.ARM.exidx.text.ferror) refers (Special) to use_no_semi_2.o(.text) for __use_no_semihosting
    retarget.o(.ARM.exidx.text.ferror) refers to retarget.o(.text.ferror) for [Anonymous Symbol]
    retarget.o(.text._ttywrch) refers (Special) to use_no_semi_2.o(.text) for __use_no_semihosting
    retarget.o(.text._ttywrch) refers to usart.o(.text.sendchar) for sendchar
    retarget.o(.ARM.exidx.text._ttywrch) refers (Special) to use_no_semi_2.o(.text) for __use_no_semihosting
    retarget.o(.ARM.exidx.text._ttywrch) refers to retarget.o(.text._ttywrch) for [Anonymous Symbol]
    retarget.o(.text._sys_exit) refers (Special) to use_no_semi_2.o(.text) for __use_no_semihosting
    retarget.o(.ARM.exidx.text._sys_exit) refers (Special) to use_no_semi_2.o(.text) for __use_no_semihosting
    retarget.o(.ARM.exidx.text._sys_exit) refers to retarget.o(.text._sys_exit) for [Anonymous Symbol]
    retarget.o(.bss.__stdout) refers (Special) to use_no_semi_2.o(.text) for __use_no_semihosting
    retarget.o(.bss.__stdin) refers (Special) to use_no_semi_2.o(.text) for __use_no_semihosting
    main.o(.text.main) refers to main.o(.text.SystemClock_Config) for SystemClock_Config
    main.o(.text.main) refers to gpio.o(.text.MX_GPIO_Init) for MX_GPIO_Init
    main.o(.text.main) refers to dma.o(.text.MX_DMA_Init) for MX_DMA_Init
    main.o(.text.main) refers to tim.o(.text.MX_TIM17_Init) for MX_TIM17_Init
    main.o(.text.main) refers to tim.o(.text.MX_TIM1_Init) for MX_TIM1_Init
    main.o(.text.main) refers to tim.o(.text.MX_TIM3_Init) for MX_TIM3_Init
    main.o(.text.main) refers to usart.o(.text.MX_USART1_UART_Init) for MX_USART1_UART_Init
    main.o(.text.main) refers to i2c.o(.text.MX_I2C2_Init) for MX_I2C2_Init
    main.o(.text.main) refers to adc.o(.text.MX_ADC1_Init) for MX_ADC1_Init
[...]
    LL_IOP_GRP1_EnableClock                  0x08001395   Thumb Code    24  gpio.o(.text.LL_IOP_GRP1_EnableClock)
    [Anonymous Symbol]                       0x08001394   Section        0  gpio.o(.text.LL_IOP_GRP1_EnableClock)
    LL_IOP_GRP1_EnableClock                  0x080013ad   Thumb Code    24  tim.o(.text.LL_IOP_GRP1_EnableClock)
    [Anonymous Symbol]                       0x080013ac   Section        0  tim.o(.text.LL_IOP_GRP1_EnableClock)
    __arm_cp.3_0                             0x080013c4   Number         4  tim.o(.text.LL_IOP_GRP1_EnableClock)
    [Anonymous Symbol]                       0x080013c8   Section        0  stm32g0xx_ll_utils.o(.text.LL_Init1msTick)
    __arm_cp.0_0                             0x080013e4   Number         4  stm32g0xx_ll_utils.o(.text.LL_Init1msTick)
    [Anonymous Symbol]                       0x080013e8   Section        0  stm32g0xx_ll_rcc.o(.text.LL_RCC_GetSystemClocksFreq)
    __arm_cp.1_0                             0x0800141c   Number         4  stm32g0xx_ll_rcc.o(.text.LL_RCC_GetSystemClocksFreq)
    [Anonymous Symbol]                       0x08001420   Section        0  stm32g0xx_ll_rcc.o(.text.LL_RCC_GetUSARTClockFreq)
    __arm_cp.3_0                             0x0800148c   Number         4  stm32g0xx_ll_rcc.o(.text.LL_RCC_GetUSARTClockFreq)
    __arm_cp.3_1                             0x08001490   Number         4  stm32g0xx_ll_rcc.o(.text.LL_RCC_GetUSARTClockFreq)
    __arm_cp.3_2                             0x08001494   Number         4  stm32g0xx_ll_rcc.o(.text.LL_RCC_GetUSARTClockFreq)
    __arm_cp.3_3                             0x08001498   Number         4  stm32g0xx_ll_rcc.o(.text.LL_RCC_GetUSARTClockFreq)
    __arm_cp.3_4                             0x0800149c   Number         4  stm32g0xx_ll_rcc.o(.text.LL_RCC_GetUSARTClockFreq)
    __arm_cp.3_5                             0x080014a0   Number         4  stm32g0xx_ll_rcc.o(.text.LL_RCC_GetUSARTClockFreq)
    __arm_cp.3_6                             0x080014a4   Number         4  stm32g0xx_ll_rcc.o(.text.LL_RCC_GetUSARTClockFreq)
    [Anonymous Symbol]                       0x080014a8   Section        0  stm32g0xx_ll_utils.o(.text.LL_SetSystemCoreClock)
    __arm_cp.2_0                             0x080014b0   Number         4  stm32g0xx_ll_utils.o(.text.LL_SetSystemCoreClock)
    [Anonymous Symbol]                       0x080014b4   Section        0  stm32g0xx_ll_tim.o(.text.LL_TIM_BDTR_Init)
    __arm_cp.12_0                            0x0800152c   Number         4  stm32g0xx_ll_tim.o(.text.LL_TIM_BDTR_Init)
    __arm_cp.12_2                            0x08001530   Number         4  stm32g0xx_ll_tim.o(.text.LL_TIM_BDTR_Init)
    __arm_cp.12_3                            0x08001534   Number         4  stm32g0xx_ll_tim.o(.text.LL_TIM_BDTR_Init)
    __arm_cp.12_4                            0x08001538   Number         4  stm32g0xx_ll_tim.o(.text.LL_TIM_BDTR_Init)
    [Anonymous Symbol]                       0x0800153c   Section        0  stm32g0xx_ll_tim.o(.text.LL_TIM_Init)
    __arm_cp.2_1                             0x080015b0   Number         4  stm32g0xx_ll_tim.o(.text.LL_TIM_Init)
    __arm_cp.2_2                             0x080015b4   Number         4  stm32g0xx_ll_tim.o(.text.LL_TIM_Init)
    [Anonymous Symbol]                       0x080015b8   Section        0  stm32g0xx_ll_tim.o(.text.LL_TIM_OC_Init)
    __arm_cp.4_0                             0x08001868   Number         4  stm32g0xx_ll_tim.o(.text.LL_TIM_OC_Init)
    __arm_cp.4_1                             0x0800186c   Number         4  stm32g0xx_ll_tim.o(.text.LL_TIM_OC_Init)
    __arm_cp.4_2                             0x08001870   Number         4  stm32g0xx_ll_tim.o(.text.LL_TIM_OC_Init)
    __arm_cp.4_3                             0x08001874   Number         4  stm32g0xx_ll_tim.o(.text.LL_TIM_OC_Init)
    __arm_cp.4_4                             0x08001878   Number         4  stm32g0xx_ll_tim.o(.text.LL_TIM_OC_Init)
    __arm_cp.4_5                             0x0800187c   Number         4  stm32g0xx_ll_tim.o(.text.LL_TIM_OC_Init)
    __arm_cp.4_6                             0x08001880   Number         4  stm32g0xx_ll_tim.o(.text.LL_TIM_OC_Init)
    __arm_cp.4_7                             0x08001884   Number         4  stm32g0xx_ll_tim.o(.text.LL_TIM_OC_Init)
    __arm_cp.4_8                             0x08001888   Number         4  stm32g0xx_ll_tim.o(.text.LL_TIM_OC_Init)
    [Anonymous Symbol]                       0x0800188c   Section        0  stm32g0xx_ll_usart.o(.text.LL_USART_Init)
    __arm_cp.1_0                             0x08001948   Number         4  stm32g0xx_ll_usart.o(.text.LL_USART_Init)
    __arm_cp.1_1                             0x0800194c   Number         4  stm32g0xx_ll_usart.o(.text.LL_USART_Init)
    __arm_cp.1_2                             0x08001950   Number         4  stm32g0xx_ll_usart.o(.text.LL_USART_Init)
    USART_PRESCALER_TAB                      0x08001954   Number         0  stm32g0xx_ll_usart.o(.text.LL_USART_Init)
    __arm_cp.1_4                             0x08001984   Number         4  stm32g0xx_ll_usart.o(.text.LL_USART_Init)
    [Anonymous Symbol]                       0x08001988   Section        0  stm32g0xx_ll_utils.o(.text.LL_mDelay)
    __arm_cp.1_0                             0x080019ac   Number         4  stm32g0xx_ll_utils.o(.text.LL_mDelay)
    [Anonymous Symbol]                       0x080019b0   Section        0  lpf_controller.o(.text.LPF_controller_calc)
    __arm_cp.2_0                             0x080019d8   Number         4  lpf_controller.o(.text.LPF_controller_calc)
    [Anonymous Symbol]                       0x080019dc   Section        0  lpf_controller.o(.text.LPF_controller_init)
    [Anonymous Symbol]                       0x080019e0   Section        0  tim.o(.text.Loop_Is_Timeout_Xms)
    __arm_cp.7_0                             0x08001a10   Number         4  tim.o(.text.Loop_Is_Timeout_Xms)
    [Anonymous Symbol]                       0x08001a14   Section        0  adc.o(.text.MX_ADC1_Init)
    __arm_cp.0_1                             0x08001b70   Number         4  adc.o(.text.MX_ADC1_Init)
    __arm_cp.0_2                             0x08001b74   Number         4  adc.o(.text.MX_ADC1_Init)
    __arm_cp.0_4                             0x08001b78   Number         4  adc.o(.text.MX_ADC1_Init)
    __arm_cp.0_5                             0x08001b7c   Number         4  adc.o(.text.MX_ADC1_Init)
    __arm_cp.0_7                             0x08001b80   Number         4  adc.o(.text.MX_ADC1_Init)
    __arm_cp.0_8                             0x08001b84   Number         4  adc.o(.text.MX_ADC1_Init)
    [Anonymous Symbol]                       0x08001b88   Section        0  dma.o(.text.MX_DMA_Init)
    __arm_cp.0_0                             0x08001bcc   Number         4  dma.o(.text.MX_DMA_Init)
    __arm_cp.0_1                             0x08001bd0   Number         4  dma.o(.text.MX_DMA_Init)
    [Anonymous Symbol]                       0x08001bd4   Section        0  gpio.o(.text.MX_GPIO_Init)
    __arm_cp.0_0                             0x08001c64   Number         4  gpio.o(.text.MX_GPIO_Init)
    __arm_cp.0_1                             0x08001c68   Number         4  gpio.o(.text.MX_GPIO_Init)
    __arm_cp.0_2                             0x08001c6c   Number         4  gpio.o(.text.MX_GPIO_Init)
    [Anonymous Symbol]                       0x08001c70   Section        0  i2c.o(.text.MX_I2C2_Init)
    __arm_cp.0_0                             0x08001d88   Number         4  i2c.o(.text.MX_I2C2_Init)
    __arm_cp.0_1                             0x08001d8c   Number         4  i2c.o(.text.MX_I2C2_Init)
    __arm_cp.0_2                             0x08001d90   Number         4  i2c.o(.text.MX_I2C2_Init)
    __arm_cp.0_3                             0x08001d94   Number         4  i2c.o(.text.MX_I2C2_Init)
    __arm_cp.0_4                             0x08001d98   Number         4  i2c.o(.text.MX_I2C2_Init)
    __arm_cp.0_6                             0x08001d9c   Number         4  i2c.o(.text.MX_I2C2_Init)
    __arm_cp.0_7                             0x08001da0   Number         4  i2c.o(.text.MX_I2C2_Init)
    __arm_cp.0_8                             0x08001da4   Number         4  i2c.o(.text.MX_I2C2_Init)
    __arm_cp.0_9                             0x08001da8   Number         4  i2c.o(.text.MX_I2C2_Init)
    [Anonymous Symbol]                       0x08001dac   Section        0  tim.o(.text.MX_TIM17_Init)
    __arm_cp.4_0                             0x08001df4   Number         4  tim.o(.text.MX_TIM17_Init)
    __arm_cp.4_1                             0x08001df8   Number         4  tim.o(.text.MX_TIM17_Init)
    __arm_cp.4_2                             0x08001dfc   Number         4  tim.o(.text.MX_TIM17_Init)
    __arm_cp.4_3                             0x08001e00   Number         4  tim.o(.text.MX_TIM17_Init)
    [Anonymous Symbol]                       0x08001e04   Section        0  tim.o(.text.MX_TIM1_Init)
    __arm_cp.0_0                             0x08001ef8   Number         4  tim.o(.text.MX_TIM1_Init)
    __arm_cp.0_1                             0x08001efc   Number         4  tim.o(.text.MX_TIM1_Init)
    __arm_cp.0_2                             0x08001f00   Number         4  tim.o(.text.MX_TIM1_Init)
    __arm_cp.0_4                             0x08001f04   Number         4  tim.o(.text.MX_TIM1_Init)
    __arm_cp.0_5                             0x08001f08   Number         4  tim.o(.text.MX_TIM1_Init)
    [Anonymous Symbol]                       0x08001f0c   Section        0  tim.o(.text.MX_TIM3_Init)
    __arm_cp.2_0                             0x08002034   Number         4  tim.o(.text.MX_TIM3_Init)
    __arm_cp.2_1                             0x08002038   Number         4  tim.o(.text.MX_TIM3_Init)
    __arm_cp.2_2                             0x0800203c   Number         4  tim.o(.text.MX_TIM3_Init)
    __arm_cp.2_3                             0x08002040   Number         4  tim.o(.text.MX_TIM3_Init)
    __arm_cp.2_4                             0x08002044   Number         4  tim.o(.text.MX_TIM3_Init)
    [Anonymous Symbol]                       0x08002048   Section        0  usart.o(.text.MX_USART1_UART_Init)
    __arm_cp.0_0                             0x080021d0   Number         4  usart.o(.text.MX_USART1_UART_Init)
    __arm_cp.0_1                             0x080021d4   Number         4  usart.o(.text.MX_USART1_UART_Init)
    __arm_cp.0_2                             0x080021d8   Number         4  usart.o(.text.MX_USART1_UART_Init)
    __arm_cp.0_3                             0x080021dc   Number         4  usart.o(.text.MX_USART1_UART_Init)
    __arm_cp.0_4                             0x080021e0   Number         4  usart.o(.text.MX_USART1_UART_Init)
    __arm_cp.0_5                             0x080021e4   Number         4  usart.o(.text.MX_USART1_UART_Init)
    __arm_cp.0_6                             0x080021e8   Number         4  usart.o(.text.MX_USART1_UART_Init)
    __arm_cp.0_7                             0x080021ec   Number         4  usart.o(.text.MX_USART1_UART_Init)
    __arm_cp.0_8                             0x080021f0   Number         4  usart.o(.text.MX_USART1_UART_Init)
    __arm_cp.0_9                             0x080021f4   Number         4  usart.o(.text.MX_USART1_UART_Init)
    __arm_cp.0_10                            0x080021f8   Number         4  usart.o(.text.MX_USART1_UART_Init)
    [Anonymous Symbol]                       0x080021fc   Section        0  magnetic_sensor.o(.text.Magnetic_Sensor_get)
    [Anonymous Symbol]                       0x08002228   Section        0  magnetic_sensor.o(.text.Magnetic_Sensor_init)
    [Anonymous Symbol]                       0x0800222c   Section        0  magnetic_sensor.o(.text.Magnetic_Sensor_start_DMA)
    [Anonymous Symbol]                       0x08002244   Section        0  ni_controller.o(.text.NI_Controller_calc)
    __arm_cp.2_0                             0x080022d8   Number         4  ni_controller.o(.text.NI_Controller_calc)
    [Anonymous Symbol]                       0x080022dc   Section        0  ni_controller.o(.text.NI_Controller_get)
    [Anonymous Symbol]                       0x08002334   Section        0  ni_controller.o(.text.NI_Controller_get_)
    [Anonymous Symbol]                       0x0800235c   Section        0  ni_controller.o(.text.NI_Controller_init)
    __arm_cp.1_0                             0x08002370   Number         4  ni_controller.o(.text.NI_Controller_init)
    [Anonymous Symbol]                       0x08002374   Section        0  stm32g0xx_it.o(.text.NMI_Handler)
    [Anonymous Symbol]                       0x08002378   Section        0  pid_controller.o(.text.PID_Controller_calc)
    __arm_cp.2_0                             0x080023cc   Number         4  pid_controller.o(.text.PID_Controller_calc)
    [Anonymous Symbol]                       0x080023d0   Section        0  pid_controller.o(.text.PID_Controller_init)
    __arm_cp.1_0                             0x0800241c   Number         4  pid_controller.o(.text.PID_Controller_init)
    [Anonymous Symbol]                       0x08002420   Section        0  pid_controller.o(.text.PID_Controller_set)
    [Anonymous Symbol]                       0x08002424   Section        0  stm32g0xx_it.o(.text.PendSV_Handler)
    RCC_GetSystemClockFreq                   0x08002429   Thumb Code    64  stm32g0xx_ll_rcc.o(.text.RCC_GetSystemClockFreq)
    [Anonymous Symbol]                       0x08002428   Section        0  stm32g0xx_ll_rcc.o(.text.RCC_GetSystemClockFreq)
    __arm_cp.2_1                             0x08002468   Number         4  stm32g0xx_ll_rcc.o(.text.RCC_GetSystemClockFreq)
    [Anonymous Symbol]                       0x0800246c   Section        0  stm32g0xx_it.o(.text.SVC_Handler)
    [Anonymous Symbol]                       0x0800246e   Section        0  stm32g0xx_it.o(.text.SysTick_Handler)
    [Anonymous Symbol]                       0x08002470   Section        0  main.o(.text.SystemClock_Config)
    __arm_cp.1_0                             0x080024fc   Number         4  main.o(.text.SystemClock_Config)
    __arm_cp.1_1                             0x08002500   Number         4  main.o(.text.SystemClock_Config)
    __arm_cp.1_2                             0x08002504   Number         4  main.o(.text.SystemClock_Config)
    __arm_cp.1_3                             0x08002508   Number         4  main.o(.text.SystemClock_Config)
    __arm_cp.1_4                             0x0800250c   Number         4  main.o(.text.SystemClock_Config)
    [Anonymous Symbol]                       0x08002510   Section        0  system_stm32g0xx.o(.text.SystemInit)
    [Anonymous Symbol]                       0x08002514   Section        0  tim.o(.text.TIM17_Config)
    __arm_cp.6_0                             0x08002528   Number         4  tim.o(.text.TIM17_Config)
    [Anonymous Symbol]                       0x0800252c   Section        0  stm32g0xx_it.o(.text.TIM17_IRQHandler)
    __arm_cp.11_0                            0x08002544   Number         4  stm32g0xx_it.o(.text.TIM17_IRQHandler)
    __arm_cp.11_1                            0x08002548   Number         4  stm32g0xx_it.o(.text.TIM17_IRQHandler)
    [Anonymous Symbol]                       0x0800254c   Section        0  stm32g0xx_it.o(.text.TIM1_BRK_UP_TRG_COM_IRQHandler)
    __arm_cp.9_0                             0x0800256c   Number         4  stm32g0xx_it.o(.text.TIM1_BRK_UP_TRG_COM_IRQHandler)
    __arm_cp.9_2                             0x08002570   Number         4  stm32g0xx_it.o(.text.TIM1_BRK_UP_TRG_COM_IRQHandler)
    [Anonymous Symbol]                       0x08002574   Section        0  stm32g0xx_it.o(.text.TIM1_CC_IRQHandler)
    [Anonymous Symbol]                       0x08002578   Section        0  tim.o(.text.TIM_PWM_Config)
    __arm_cp.5_0                             0x080025cc   Number         4  tim.o(.text.TIM_PWM_Config)
    __arm_cp.5_1                             0x080025d0   Number         4  tim.o(.text.TIM_PWM_Config)
    [Anonymous Symbol]                       0x080025d4   Section        0  stm32g0xx_it.o(.text.USART1_IRQHandler)
    __arm_cp.13_0                            0x0800262c   Number         4  stm32g0xx_it.o(.text.USART1_IRQHandler)
    [Anonymous Symbol]                       0x08002630   Section        0  usart.o(.text.USART_DMA_Config)
    __arm_cp.1_0                             0x080026f4   Number         4  usart.o(.text.USART_DMA_Config)
    __arm_cp.1_1                             0x080026f8   Number         4  usart.o(.text.USART_DMA_Config)
    __arm_cp.1_2                             0x080026fc   Number         4  usart.o(.text.USART_DMA_Config)
    __arm_cp.1_3                             0x08002700   Number         4  usart.o(.text.USART_DMA_Config)
    __arm_cp.1_4                             0x08002704   Number         4  usart.o(.text.USART_DMA_Config)
    __arm_cp.1_5                             0x08002708   Number         4  usart.o(.text.USART_DMA_Config)
    [Anonymous Symbol]                       0x0800270c   Section        0  retarget.o(.text._sys_exit)
    [Anonymous Symbol]                       0x0800270e   Section        0  retarget.o(.text._ttywrch)
    [Anonymous Symbol]                       0x08002718   Section        0  fastmathfunctions.o(.text.arm_cos_q15)
    __arm_cp.1_0                             0x08002754   Number         4  fastmathfunctions.o(.text.arm_cos_q15)
    [Anonymous Symbol]                       0x08002758   Section        0  supportfunctions.o(.text.arm_float_to_q15)
    __arm_cp.30_0                            0x0800278c   Number         4  supportfunctions.o(.text.arm_float_to_q15)
    __arm_cp.30_1                            0x08002790   Number         4  supportfunctions.o(.text.arm_float_to_q15)
    [Anonymous Symbol]                       0x08002794   Section        0  fastmathfunctions.o(.text.arm_sin_q15)
    __arm_cp.4_0                             0x080027c4   Number         4  fastmathfunctions.o(.text.arm_sin_q15)
    __arm_cp.4_1                             0x080027c8   Number         4  fastmathfunctions.o(.text.arm_sin_q15)
    [Anonymous Symbol]                       0x080027cc   Section        0  retarget.o(.text.ferror)
    [Anonymous Symbol]                       0x080027d4   Section        0  foc_motor.o(.text.foc_MS_DMAstart)
    __arm_cp.1_0                             0x080027ec   Number         4  foc_motor.o(.text.foc_MS_DMAstart)
    __arm_cp.1_1                             0x080027f0   Number         4  foc_motor.o(.text.foc_MS_DMAstart)
    [Anonymous Symbol]                       0x080027f4   Section        0  foc_motor.o(.text.foc_communication)
    [Anonymous Symbol]                       0x08002818   Section        0  foc_motor.o(.text.foc_controller)
    __arm_cp.2_0                             0x08002824   Number         4  foc_motor.o(.text.foc_controller)
    [Anonymous Symbol]                       0x08002828   Section        0  svpwm_driver.o(.text.foc_svpwm_calc)
    __arm_cp.2_1                             0x080028ec   Number         4  svpwm_driver.o(.text.foc_svpwm_calc)
    [Anonymous Symbol]                       0x080028f0   Section        0  svpwm_driver.o(.text.foc_svpwm_init)
    [Anonymous Symbol]                       0x080028f4   Section        0  svpwm_driver.o(.text.foc_svpwm_stop)
    [Anonymous Symbol]                       0x08002900   Section        0  svpwm_driver.o(.text.foc_svpwm_write_)
    __arm_cp.4_0                             0x08002950   Number         4  svpwm_driver.o(.text.foc_svpwm_write_)
    __arm_cp.4_1                             0x08002954   Number         4  svpwm_driver.o(.text.foc_svpwm_write_)
    [Anonymous Symbol]                       0x08002958   Section        0  retarget.o(.text.fputc)
    [Anonymous Symbol]                       0x08002960   Section        0  main.o(.text.main)
    __arm_cp.0_0                             0x080029c8   Number         4  main.o(.text.main)
    __arm_cp.0_1                             0x080029cc   Number         4  main.o(.text.main)
    [Anonymous Symbol]                       0x080029d0   Section        0  mymaths.o(.text.my_float_to_q15)
    [Anonymous Symbol]                       0x080029e8   Section        0  mymaths.o(.text.my_float_to_q17_15_t)
    __arm_cp.5_0                             0x08002a10   Number         4  mymaths.o(.text.my_float_to_q17_15_t)
    [Anonymous Symbol]                       0x08002a14   Section        0  mymaths.o(.text.my_mult_q15)
    [Anonymous Symbol]                       0x08002a1c   Section        0  mymaths.o(.text.my_mult_q17_15_t_and_q15)
    [Anonymous Symbol]                       0x08002a34   Section        0  current_sensor.o(.text.new_Current_Sensor)
    __arm_cp.0_1                             0x08002aac   Number         4  current_sensor.o(.text.new_Current_Sensor)
    __arm_cp.0_2                             0x08002ab0   Number         4  current_sensor.o(.text.new_Current_Sensor)
    __arm_cp.0_3                             0x08002ab4   Number         4  current_sensor.o(.text.new_Current_Sensor)
    [Anonymous Symbol]                       0x08002ae8   Section        0  lpf_controller.o(.text.new_LPF_Controller)
    __arm_cp.0_1                             0x08002b44   Number         4  lpf_controller.o(.text.new_LPF_Controller)
    __arm_cp.0_2                             0x08002b48   Number         4  lpf_controller.o(.text.new_LPF_Controller)
    [Anonymous Symbol]                       0x08002b7c   Section        0  magnetic_sensor.o(.text.new_Magnetic_Sensor__)
    __arm_cp.0_1                             0x08002bf4   Number         4  magnetic_sensor.o(.text.new_Magnetic_Sensor__)
    __arm_cp.0_2                             0x08002bf8   Number         4  magnetic_sensor.o(.text.new_Magnetic_Sensor__)
    __arm_cp.0_3                             0x08002bfc   Number         4  magnetic_sensor.o(.text.new_Magnetic_Sensor__)
    [Anonymous Symbol]                       0x08002c34   Section        0  ni_controller.o(.text.new_NI_Controller)
    __arm_cp.0_1                             0x08002ca0   Number         4  ni_controller.o(.text.new_NI_Controller)
    __arm_cp.0_2                             0x08002ca4   Number         4  ni_controller.o(.text.new_NI_Controller)
    __arm_cp.0_3                             0x08002ca8   Number         4  ni_controller.o(.text.new_NI_Controller)
    __arm_cp.0_4                             0x08002cac   Number         4  ni_controller.o(.text.new_NI_Controller)
    __arm_cp.0_5                             0x08002cb0   Number         4  ni_controller.o(.text.new_NI_Controller)
    [Anonymous Symbol]                       0x08002ce4   Section        0  pid_controller.o(.text.new_PID_Controller)
    __arm_cp.0_1                             0x08002d40   Number         4  pid_controller.o(.text.new_PID_Controller)
    __arm_cp.0_2                             0x08002d44   Number         4  pid_controller.o(.text.new_PID_Controller)
    __arm_cp.0_3                             0x08002d48   Number         4  pid_controller.o(.text.new_PID_Controller)
    [Anonymous Symbol]                       0x08002d7c   Section        0  pmsm_motor.o(.text.new_PMSM_Motor)
    __arm_cp.0_1                             0x08002e14   Number         4  pmsm_motor.o(.text.new_PMSM_Motor)
    __arm_cp.0_2                             0x08002e18   Number         4  pmsm_motor.o(.text.new_PMSM_Motor)
    __arm_cp.0_3                             0x08002e1c   Number         4  pmsm_motor.o(.text.new_PMSM_Motor)
    __arm_cp.0_4                             0x08002e20   Number         4  pmsm_motor.o(.text.new_PMSM_Motor)
    __arm_cp.0_5                             0x08002e24   Number         4  pmsm_motor.o(.text.new_PMSM_Motor)
    __arm_cp.0_6                             0x08002e28   Number         4  pmsm_motor.o(.text.new_PMSM_Motor)
    __arm_cp.0_7                             0x08002e2c   Number         4  pmsm_motor.o(.text.new_PMSM_Motor)
    __arm_cp.0_8                             0x08002e30   Number         4  pmsm_motor.o(.text.new_PMSM_Motor)
    __arm_cp.0_9                             0x08002e34   Number         4  pmsm_motor.o(.text.new_PMSM_Motor)
    __arm_cp.0_10                            0x08002e38   Number         4  pmsm_motor.o(.text.new_PMSM_Motor)
    [Anonymous Symbol]                       0x08002e68   Section        0  svpwm_driver.o(.text.new_SVPWM_Driver)
    __arm_cp.0_1                             0x08002ec8   Number         4  svpwm_driver.o(.text.new_SVPWM_Driver)
    __arm_cp.0_2                             0x08002ecc   Number         4  svpwm_driver.o(.text.new_SVPWM_Driver)
    __arm_cp.0_3                             0x08002ed0   Number         4  svpwm_driver.o(.text.new_SVPWM_Driver)
    __arm_cp.0_4                             0x08002ed4   Number         4  svpwm_driver.o(.text.new_SVPWM_Driver)
    [Anonymous Symbol]                       0x08002f08   Section        0  pmsm_motor.o(.text.pmsm_motor_ctrl)
    [Anonymous Symbol]                       0x08002f28   Section        0  pmsm_motor.o(.text.pmsm_motor_ctrl_position)
    __arm_cp.4_0                             0x08002f7c   Number         4  pmsm_motor.o(.text.pmsm_motor_ctrl_position)
    __arm_cp.4_1                             0x08002f80   Number         4  pmsm_motor.o(.text.pmsm_motor_ctrl_position)
    [Anonymous Symbol]                       0x08002f8c   Section        0  pmsm_motor.o(.text.pmsm_motor_init)
    __arm_cp.1_0                             0x0800307c   Number         4  pmsm_motor.o(.text.pmsm_motor_init)
    __arm_cp.1_1                             0x08003080   Number         4  pmsm_motor.o(.text.pmsm_motor_init)
    __arm_cp.1_2                             0x08003084   Number         4  pmsm_motor.o(.text.pmsm_motor_init)
    __arm_cp.1_3                             0x08003088   Number         4  pmsm_motor.o(.text.pmsm_motor_init)
    __arm_cp.1_4                             0x0800308c   Number         4  pmsm_motor.o(.text.pmsm_motor_init)
    __arm_cp.1_5                             0x08003090   Number         4  pmsm_motor.o(.text.pmsm_motor_init)
    __arm_cp.1_6                             0x08003094   Number         4  pmsm_motor.o(.text.pmsm_motor_init)
    __arm_cp.1_7                             0x08003098   Number         4  pmsm_motor.o(.text.pmsm_motor_init)
    __arm_cp.1_8                             0x0800309c   Number         4  pmsm_motor.o(.text.pmsm_motor_init)
    __arm_cp.1_9                             0x080030a0   Number         4  pmsm_motor.o(.text.pmsm_motor_init)
    __arm_cp.1_10                            0x080030a4   Number         4  pmsm_motor.o(.text.pmsm_motor_init)
    __arm_cp.1_11                            0x080030a8   Number         4  pmsm_motor.o(.text.pmsm_motor_init)
    __arm_cp.1_12                            0x080030ac   Number         4  pmsm_motor.o(.text.pmsm_motor_init)
    [Anonymous Symbol]                       0x080030b0   Section        0  pmsm_motor.o(.text.pmsm_motor_port)
    [Anonymous Symbol]                       0x080030f4   Section        0  pmsm_motor.o(.text.pmsm_motor_run)
    [Anonymous Symbol]                       0x0800312c   Section        0  pmsm_motor.o(.text.pmsm_motor_sensor_get)
    __arm_cp.5_0                             0x08003164   Number         4  pmsm_motor.o(.text.pmsm_motor_sensor_get)
    [Anonymous Symbol]                       0x08003168   Section        0  pmsm_motor.o(.text.pmsm_motor_start)
    __arm_cp.2_0                             0x08003180   Number         4  pmsm_motor.o(.text.pmsm_motor_start)
    __arm_cp.2_1                             0x08003184   Number         4  pmsm_motor.o(.text.pmsm_motor_start)
    [Anonymous Symbol]                       0x08003188   Section        0  usart.o(.text.sendchar)
    __arm_cp.2_0                             0x08003198   Number         4  usart.o(.text.sendchar)
    locale$$code                             0x0800319c   Section       44  lc_ctype_c.o(locale$$code)
    x$fpl$fmul                               0x080031c8   Section      176  fmul.o(x$fpl$fmul)
    x$fpl$usenofp                            0x08003278   Section        0  usenofp.o(x$fpl$usenofp)
    locale$$data                             0x080036fc   Section      272  lc_ctype_c.o(locale$$data)
    __lcctype_c_name                         0x08003700   Data           2  lc_ctype_c.o(locale$$data)
    __lcctype_c_start                        0x08003708   Data           0  lc_ctype_c.o(locale$$data)
    __lcctype_c_end                          0x0800380c   Data           0  lc_ctype_c.o(locale$$data)
    .bss                                     0x20000108   Section       96  libspace.o(.bss)
    Loop_Is_Timeout_Xms.start_time           0x20000168   Data           4  tim.o(.bss..L_MergedGlobals)
    [Anonymous Symbol]                       0x20000168   Section        0  tim.o(.bss..L_MergedGlobals)
    pmsm_motor_ctrl_position.i               0x20000170   Data           1  pmsm_motor.o(.bss..L_MergedGlobals)
    [Anonymous Symbol]                       0x20000170   Section        0  pmsm_motor.o(.bss..L_MergedGlobals)
    Heap_Mem                                 0x200002d8   Data        1024  startup_stm32g030xx.o(HEAP)
    HEAP                                     0x200002d8   Section     1024  startup_stm32g030xx.o(HEAP)
    Stack_Mem                                0x200006d8   Data        2048  startup_stm32g030xx.o(STACK)
    STACK                                    0x200006d8   Section     2048  startup_stm32g030xx.o(STACK)
    __initial_sp                             0x20000ed8   Data           0  startup_stm32g030xx.o(STACK)

    Global Symbols

    Symbol Name                              Value     Ov Type        Size  Object(Section)

    BuildAttributes$$THM_ISAv3M$S$PE$A:L22$X:L11$S22$IEEE1$IW$~IW$USESV6$~STKCKD$USESV7$~SHL$OTIME$ROPI$IEEEX$EBA8$UX$STANDARDLIB$REQ8$PRES8$EABIv2 0x00000000   Number         0  anon$$obj.o ABSOLUTE
    __ARM_exceptions_init                     - Undefined Weak Reference
    __alloca_initialize                       - Undefined Weak Reference
    __arm_preinit_                            - Undefined Weak Reference
    __arm_relocate_pie_                       - Undefined Weak Reference
    __cpp_initialize__aeabi_                  - Undefined Weak Reference
    __cxa_finalize                            - Undefined Weak Reference
    __sigvec_lookup                           - Undefined Weak Reference
    __user_heap_extent                        - Undefined Weak Reference
    _atexit_init                              - Undefined Weak Reference
    _call_atexit_fns                          - Undefined Weak Reference
    _clock_init                               - Undefined Weak Reference
    _fp_trap_init                             - Undefined Weak Reference
    _fp_trap_shutdown                         - Undefined Weak Reference
    _get_lc_collate                           - Undefined Weak Reference
    _get_lc_monetary                          - Undefined Weak Reference
    _get_lc_numeric                           - Undefined Weak Reference
    _get_lc_time                              - Undefined Weak Reference
    _getenv_init                              - Undefined Weak Reference
    _handle_redirection                       - Undefined Weak Reference
    _initio                                   - Undefined Weak Reference
    _mutex_acquire                            - Undefined Weak Reference
    _mutex_free                               - Undefined Weak Reference
    _mutex_release                            - Undefined Weak Reference
    _printf_post_padding                      - Undefined Weak Reference
    _printf_pre_padding                       - Undefined Weak Reference
    _printf_truncate_signed                   - Undefined Weak Reference
    _printf_truncate_unsigned                 - Undefined Weak Reference
    _rand_init                                - Undefined Weak Reference
    _scanf_longlong                           - Undefined Weak Reference
    _scanf_mbtowc                             - Undefined Weak Reference
    _scanf_real                               - Undefined Weak Reference
    _scanf_string                             - Undefined Weak Reference
    _scanf_wctomb                             - Undefined Weak Reference
    _scanf_wstring                            - Undefined Weak Reference
    _signal_finish                            - Undefined Weak Reference
    _signal_init                              - Undefined Weak Reference
    _terminateio                              - Undefined Weak Reference
    __Vectors_Size                           0x000000c0   Number         0  startup_stm32g030xx.o ABSOLUTE
    __Vectors                                0x08000000   Data           4  startup_stm32g030xx.o(RESET)
    __Vectors_End                            0x080000c0   Data           0  startup_stm32g030xx.o(RESET)
    __main                                   0x080000c1   Thumb Code     8  __main.o(!!!main)
    __scatterload                            0x080000c9   Thumb Code     0  __scatter.o(!!!scatter)
    __scatterload_rt2                        0x080000c9   Thumb Code    52  __scatter.o(!!!scatter)
    __scatterload_rt2_thumb_only             0x080000c9   Thumb Code     0  __scatter.o(!!!scatter)
    __scatterload_null                       0x080000d9   Thumb Code     0  __scatter.o(!!!scatter)
    __scatterload_copy                       0x08000105   Thumb Code    26  __scatter_copy.o(!!handler_copy)
    __scatterload_zeroinit                   0x08000121   Thumb Code    28  __scatter_zi.o(!!handler_zi)
    _printf_percent                          0x0800013d   Thumb Code     0  _printf_percent.o(.ARM.Collect$$_printf_percent$$00000000)
    _printf_d                                0x0800013f   Thumb Code     0  _printf_d.o(.ARM.Collect$$_printf_percent$$00000009)
    _printf_percent_end                      0x08000149   Thumb Code     0  _printf_percent_end.o(.ARM.Collect$$_printf_percent$$00000017)
    __rt_lib_init                            0x0800014d   Thumb Code     0  libinit.o(.ARM.Collect$$libinit$$00000000)
    __rt_lib_init_fp_1                       0x0800014f   Thumb Code     0  libinit2.o(.ARM.Collect$$libinit$$00000002)
    __rt_lib_init_heap_2                     0x0800014f   Thumb Code     0  libinit2.o(.ARM.Collect$$libinit$$00000007)
    __rt_lib_init_preinit_1                  0x0800014f   Thumb Code     0  libinit2.o(.ARM.Collect$$libinit$$00000006)
    __rt_lib_init_relocate_pie_1             0x0800014f   Thumb Code     0  libinit2.o(.ARM.Collect$$libinit$$00000004)
    __rt_lib_init_heap_1                     0x08000157   Thumb Code     0  libinit2.o(.ARM.Collect$$libinit$$0000000C)
    __rt_lib_init_lc_common                  0x08000157   Thumb Code     0  libinit2.o(.ARM.Collect$$libinit$$00000011)
    __rt_lib_init_rand_1                     0x08000157   Thumb Code     0  libinit2.o(.ARM.Collect$$libinit$$00000010)
    __rt_lib_init_user_alloc_1               0x08000157   Thumb Code     0  libinit2.o(.ARM.Collect$$libinit$$0000000E)
    __rt_lib_init_lc_collate_1               0x0800015d   Thumb Code     0  libinit2.o(.ARM.Collect$$libinit$$00000013)
    __rt_lib_init_lc_ctype_2                 0x0800015d   Thumb Code     0  libinit2.o(.ARM.Collect$$libinit$$00000014)
    __rt_lib_init_alloca_1                   0x08000169   Thumb Code     0  libinit2.o(.ARM.Collect$$libinit$$00000030)
    __rt_lib_init_argv_1                     0x08000169   Thumb Code     0  libinit2.o(.ARM.Collect$$libinit$$0000002E)
    __rt_lib_init_atexit_1                   0x08000169   Thumb Code     0  libinit2.o(.ARM.Collect$$libinit$$0000001D)
    __rt_lib_init_clock_1                    0x08000169   Thumb Code     0  libinit2.o(.ARM.Collect$$libinit$$00000023)
    __rt_lib_init_cpp_1                      0x08000169   Thumb Code     0  libinit2.o(.ARM.Collect$$libinit$$00000034)
    __rt_lib_init_exceptions_1               0x08000169   Thumb Code     0  libinit2.o(.ARM.Collect$$libinit$$00000032)
    __rt_lib_init_fp_trap_1                  0x08000169   Thumb Code     0  libinit2.o(.ARM.Collect$$libinit$$00000021)
    __rt_lib_init_getenv_1                   0x08000169   Thumb Code     0  libinit2.o(.ARM.Collect$$libinit$$00000025)
    __rt_lib_init_lc_ctype_1                 0x08000169   Thumb Code     0  libinit2.o(.ARM.Collect$$libinit$$00000015)
    __rt_lib_init_lc_monetary_1              0x08000169   Thumb Code     0  libinit2.o(.ARM.Collect$$libinit$$00000017)
    __rt_lib_init_lc_numeric_1               0x08000169   Thumb Code     0  libinit2.o(.ARM.Collect$$libinit$$00000019)
    __rt_lib_init_lc_time_1                  0x08000169   Thumb Code     0  libinit2.o(.ARM.Collect$$libinit$$0000001B)
    __rt_lib_init_return                     0x08000169   Thumb Code     0  libinit2.o(.ARM.Collect$$libinit$$00000035)
    __rt_lib_init_signal_1                   0x08000169   Thumb Code     0  libinit2.o(.ARM.Collect$$libinit$$0000001F)
    __rt_lib_init_stdio_1                    0x08000169   Thumb Code     0  libinit2.o(.ARM.Collect$$libinit$$00000027)
    __rt_lib_shutdown                        0x0800016b   Thumb Code     0  libshutdown.o(.ARM.Collect$$libshutdown$$00000000)
    __rt_lib_shutdown_cpp_1                  0x0800016d   Thumb Code     0  libshutdown2.o(.ARM.Collect$$libshutdown$$00000002)
    __rt_lib_shutdown_fp_trap_1              0x0800016d   Thumb Code     0  libshutdown2.o(.ARM.Collect$$libshutdown$$00000007)
    __rt_lib_shutdown_heap_1                 0x0800016d   Thumb Code     0  libshutdown2.o(.ARM.Collect$$libshutdown$$0000000F)
    __rt_lib_shutdown_return                 0x0800016d   Thumb Code     0  libshutdown2.o(.ARM.Collect$$libshutdown$$00000010)
    __rt_lib_shutdown_signal_1               0x0800016d   Thumb Code     0  libshutdown2.o(.ARM.Collect$$libshutdown$$0000000A)
    __rt_lib_shutdown_stdio_1                0x0800016d   Thumb Code     0  libshutdown2.o(.ARM.Collect$$libshutdown$$00000004)
    __rt_lib_shutdown_user_alloc_1           0x0800016d   Thumb Code     0  libshutdown2.o(.ARM.Collect$$libshutdown$$0000000C)
    __rt_entry                               0x0800016f   Thumb Code     0  __rtentry.o(.ARM.Collect$$rtentry$$00000000)
    __rt_entry_presh_1                       0x0800016f   Thumb Code     0  __rtentry2.o(.ARM.Collect$$rtentry$$00000002)
    __rt_entry_sh                            0x0800016f   Thumb Code     0  __rtentry4.o(.ARM.Collect$$rtentry$$00000004)
    __rt_entry_li                            0x08000175   Thumb Code     0  __rtentry2.o(.ARM.Collect$$rtentry$$0000000A)
    __rt_entry_postsh_1                      0x08000175   Thumb Code     0  __rtentry2.o(.ARM.Collect$$rtentry$$00000009)
    __rt_entry_main                          0x08000179   Thumb Code     0  __rtentry2.o(.ARM.Collect$$rtentry$$0000000D)
    __rt_entry_postli_1                      0x08000179   Thumb Code     0  __rtentry2.o(.ARM.Collect$$rtentry$$0000000C)
    __rt_exit                                0x08000181   Thumb Code     0  rtexit.o(.ARM.Collect$$rtexit$$00000000)
    __rt_exit_ls                             0x08000183   Thumb Code     0  rtexit2.o(.ARM.Collect$$rtexit$$00000003)
    __rt_exit_prels_1                        0x08000183   Thumb Code     0  rtexit2.o(.ARM.Collect$$rtexit$$00000002)
    __rt_exit_exit                           0x08000187   Thumb Code     0  rtexit2.o(.ARM.Collect$$rtexit$$00000004)
    Reset_Handler                            0x0800018d   Thumb Code     8  startup_stm32g030xx.o(.text)
    EXTI0_1_IRQHandler                       0x0800019f   Thumb Code     0  startup_stm32g030xx.o(.text)
    EXTI2_3_IRQHandler                       0x0800019f   Thumb Code     0  startup_stm32g030xx.o(.text)
    EXTI4_15_IRQHandler                      0x0800019f   Thumb Code     0  startup_stm32g030xx.o(.text)
    FLASH_IRQHandler                         0x0800019f   Thumb Code     0  startup_stm32g030xx.o(.text)
    I2C1_IRQHandler                          0x0800019f   Thumb Code     0  startup_stm32g030xx.o(.text)
    RCC_IRQHandler                           0x0800019f   Thumb Code     0  startup_stm32g030xx.o(.text)
    RTC_TAMP_IRQHandler                      0x0800019f   Thumb Code     0  startup_stm32g030xx.o(.text)
    SPI1_IRQHandler                          0x0800019f   Thumb Code     0  startup_stm32g030xx.o(.text)
    SPI2_IRQHandler                          0x0800019f   Thumb Code     0  startup_stm32g030xx.o(.text)
    TIM14_IRQHandler                         0x0800019f   Thumb Code     0  startup_stm32g030xx.o(.text)
    TIM16_IRQHandler                         0x0800019f   Thumb Code     0  startup_stm32g030xx.o(.text)
    TIM3_IRQHandler                          0x0800019f   Thumb Code     0  startup_stm32g030xx.o(.text)
    USART2_IRQHandler                        0x0800019f   Thumb Code     0  startup_stm32g030xx.o(.text)
    WWDG_IRQHandler                          0x0800019f   Thumb Code     0  startup_stm32g030xx.o(.text)
    __user_initial_stackheap                 0x080001a1   Thumb Code     0  startup_stm32g030xx.o(.text)
    __use_no_semihosting                     0x080001c5   Thumb Code     2  use_no_semi_2.o(.text)
    malloc                                   0x080001c7   Thumb Code    98  h1_alloc.o(.text)
    free                                     0x08000229   Thumb Code    76  h1_free.o(.text)
    __aeabi_lmul                             0x08000275   Thumb Code    48  llmul.o(.text)
    _ll_mul                                  0x08000275   Thumb Code     0  llmul.o(.text)
    __2printf                                0x080002a5   Thumb Code    22  noretval__2printf.o(.text)
    __printf                                 0x080002c1   Thumb Code   108  __printf.o(.text)
    _printf_int_dec                          0x0800032d   Thumb Code    90  _printf_dec.o(.text)
    __0sscanf                                0x08000399   Thumb Code    54  __0sscanf.o(.text)
    _scanf_int                               0x080003d9   Thumb Code   330  _scanf_int.o(.text)
    puts                                     0x08000525   Thumb Code    38  puts.o(.text)
    _memset_w                                0x08000551   Thumb Code    26  rt_memclr.o(.text)
    _memset                                  0x0800056b   Thumb Code    30  rt_memclr.o(.text)
    __aeabi_memclr                           0x08000589   Thumb Code     4  rt_memclr.o(.text)
    __rt_memclr                              0x08000589   Thumb Code     0  rt_memclr.o(.text)
    __aeabi_memclr4                          0x0800058d   Thumb Code     0  rt_memclr.o(.text)
    __aeabi_memclr8                          0x0800058d   Thumb Code     0  rt_memclr.o(.text)
    __rt_memclr_w                            0x0800058d   Thumb Code     4  rt_memclr.o(.text)
    __aeabi_uidiv                            0x08000591   Thumb Code     0  aeabi_sdiv.o(.text)
    __aeabi_uidivmod                         0x08000591   Thumb Code    20  aeabi_sdiv.o(.text)
    __aeabi_idiv                             0x080005a5   Thumb Code     0  aeabi_sdiv.o(.text)
    __aeabi_idivmod                          0x080005a5   Thumb Code   338  aeabi_sdiv.o(.text)
    __use_two_region_memory                  0x080006fd   Thumb Code     2  heapauxi.o(.text)
    __rt_heap_escrow                         0x080006ff   Thumb Code     2  heapauxi.o(.text)
    __rt_heap_expand                         0x08000701   Thumb Code     2  heapauxi.o(.text)
    __aeabi_f2iz                             0x08000703   Thumb Code     0  ffixi.o(.text)
    _ffix                                    0x08000703   Thumb Code    76  ffixi.o(.text)
    __I$use$semihosting                      0x0800074f   Thumb Code     0  use_no_semi.o(.text)
    __use_no_semihosting_swi                 0x0800074f   Thumb Code     2  use_no_semi.o(.text)
    __rt_heap_descriptor                     0x08000751   Thumb Code     8  rt_heap_descriptor_intlibspace.o(.text)
    __use_no_heap                            0x08000759   Thumb Code     2  hguard.o(.text)
    __heap$guard                             0x0800075b   Thumb Code     2  hguard.o(.text)
    _terminate_user_alloc                    0x0800075d   Thumb Code     2  init_alloc.o(.text)
    _init_user_alloc                         0x0800075f   Thumb Code     2  init_alloc.o(.text)
    __Heap_Full                              0x08000761   Thumb Code    32  init_alloc.o(.text)
    __Heap_Broken                            0x08000781   Thumb Code    10  init_alloc.o(.text)
    _init_alloc                              0x0800078b   Thumb Code    90  init_alloc.o(.text)
    __Heap_Initialize                        0x080007e5   Thumb Code    10  h1_init.o(.text)
    __Heap_DescSize                          0x080007ef   Thumb Code     4  h1_init.o(.text)
    _printf_int_common                       0x080007f3   Thumb Code   176  _printf_intcommon.o(.text)
    _printf_char_file                        0x080008a5   Thumb Code    34  _printf_char_file.o(.text)
    _chval                                   0x080008cd   Thumb Code    30  _chval.o(.text)
    __vfscanf_char                           0x080008f9   Thumb Code    28  scanf_char.o(.text)
    _sgetc                                   0x0800091d   Thumb Code    32  _sgetc.o(.text)
    _sbackspace                              0x0800093d   Thumb Code    36  _sgetc.o(.text)
    __rt_udiv10                              0x08000961   Thumb Code    40  rtudiv10.o(.text)
    __user_libspace                          0x08000989   Thumb Code     8  libspace.o(.text)
    __user_perproc_libspace                  0x08000989   Thumb Code     0  libspace.o(.text)
    __user_perthread_libspace                0x08000989   Thumb Code     0  libspace.o(.text)
    __Heap_ProvideMemory                     0x08000991   Thumb Code    52  h1_extend.o(.text)
    _maybe_terminate_alloc                   0x08000991   Thumb Code     0  maybetermalloc1.o(.text)
    isspace                                  0x080009c5   Thumb Code    18  isspace.o(.text)
    _printf_char_common                      0x080009e3   Thumb Code    32  _printf_char_common.o(.text)
    __vfscanf                                0x08000a09   Thumb Code   880  _scanf.o(.text)
    __rt_SIGRTMEM                            0x08000d89   Thumb Code    12  defsig_rtmem_outer.o(.text)
    __user_setup_stackheap                   0x08000d95   Thumb Code    62  sys_stackheap_outer.o(.text)
    __rt_ctype_table                         0x08000dd5   Thumb Code    16  rt_ctype_table.o(.text)
    exit                                     0x08000de5   Thumb Code    16  exit.o(.text)
    __sig_exit                               0x08000df5   Thumb Code    12  defsig_exit.o(.text)
    __rt_SIGRTMEM_inner                      0x08000e01   Thumb Code    22  defsig_rtmem_inner.o(.text)
    __rt_locale                              0x08000e51   Thumb Code     8  rt_locale_intlibspace.o(.text)
    __default_signal_display                 0x08000e59   Thumb Code    52  defsig_general.o(.text)
    strcmp                                   0x08000e8d   Thumb Code   132  strcmp.o(.text)
    ADC1_DMA_Config_                         0x08000f15   Thumb Code    88  adc.o(.text.ADC1_DMA_Config_)
    ADC1_IRQHandler                          0x08000f75   Thumb Code     2  stm32g0xx_it.o(.text.ADC1_IRQHandler)
    Current_Sensor_get                       0x08000f79   Thumb Code   144  current_sensor.o(.text.Current_Sensor_get)
    Current_Sensor_init                      0x08001011   Thumb Code     6  current_sensor.o(.text.Current_Sensor_init)
    Current_Sensor_start_DMA                 0x08001019   Thumb Code    16  current_sensor.o(.text.Current_Sensor_start_DMA)
    DMA1_Ch4_5_DMAMUX1_OVR_IRQHandler        0x08001031   Thumb Code    24  stm32g0xx_it.o(.text.DMA1_Ch4_5_DMAMUX1_OVR_IRQHandler)
    DMA1_Channel1_IRQHandler                 0x08001049   Thumb Code     2  stm32g0xx_it.o(.text.DMA1_Channel1_IRQHandler)
    DMA1_Channel2_3_IRQHandler               0x0800104d   Thumb Code    16  stm32g0xx_it.o(.text.DMA1_Channel2_3_IRQHandler)
    FOC_Init                                 0x08001061   Thumb Code    52  foc_motor.o(.text.FOC_Init)
    HardFault_Handler                        0x080010bd   Thumb Code     2  stm32g0xx_it.o(.text.HardFault_Handler)
    I2C2_DMA_Config_                         0x080010c1   Thumb Code    56  i2c.o(.text.I2C2_DMA_Config_)
    I2C2_IRQHandler                          0x08001109   Thumb Code    36  stm32g0xx_it.o(.text.I2C2_IRQHandler)
    I2Cx_Mem_Read_DMA                        0x08001131   Thumb Code   136  i2c.o(.text.I2Cx_Mem_Read_DMA)
    LL_ADC_Init                              0x080011cd   Thumb Code    48  stm32g0xx_ll_adc.o(.text.LL_ADC_Init)
    LL_ADC_REG_Init                          0x08001201   Thumb Code   100  stm32g0xx_ll_adc.o(.text.LL_ADC_REG_Init)
    LL_GPIO_Init                             0x08001285   Thumb Code   160  stm32g0xx_ll_gpio.o(.text.LL_GPIO_Init)
    LL_I2C_Init                              0x08001325   Thumb Code   104  stm32g0xx_ll_i2c.o(.text.LL_I2C_Init)
    LL_Init1msTick                           0x080013c9   Thumb Code    28  stm32g0xx_ll_utils.o(.text.LL_Init1msTick)
    LL_RCC_GetSystemClocksFreq               0x080013e9   Thumb Code    52  stm32g0xx_ll_rcc.o(.text.LL_RCC_GetSystemClocksFreq)
    LL_RCC_GetUSARTClockFreq                 0x08001421   Thumb Code   108  stm32g0xx_ll_rcc.o(.text.LL_RCC_GetUSARTClockFreq)
    LL_SetSystemCoreClock                    0x080014a9   Thumb Code     8  stm32g0xx_ll_utils.o(.text.LL_SetSystemCoreClock)
    LL_TIM_BDTR_Init                         0x080014b5   Thumb Code   120  stm32g0xx_ll_tim.o(.text.LL_TIM_BDTR_Init)
    LL_TIM_Init                              0x0800153d   Thumb Code   116  stm32g0xx_ll_tim.o(.text.LL_TIM_Init)
    LL_TIM_OC_Init                           0x080015b9   Thumb Code   688  stm32g0xx_ll_tim.o(.text.LL_TIM_OC_Init)
    LL_USART_Init                            0x0800188d   Thumb Code   188  stm32g0xx_ll_usart.o(.text.LL_USART_Init)
    LL_mDelay                                0x08001989   Thumb Code    36  stm32g0xx_ll_utils.o(.text.LL_mDelay)
    LPF_controller_calc                      0x080019b1   Thumb Code    40  lpf_controller.o(.text.LPF_controller_calc)
    LPF_controller_init                      0x080019dd   Thumb Code     4  lpf_controller.o(.text.LPF_controller_init)
    Loop_Is_Timeout_Xms                      0x080019e1   Thumb Code    48  tim.o(.text.Loop_Is_Timeout_Xms)
    MX_ADC1_Init                             0x08001a15   Thumb Code   348  adc.o(.text.MX_ADC1_Init)
    MX_DMA_Init                              0x08001b89   Thumb Code    68  dma.o(.text.MX_DMA_Init)
    MX_GPIO_Init                             0x08001bd5   Thumb Code   144  gpio.o(.text.MX_GPIO_Init)
    MX_I2C2_Init                             0x08001c71   Thumb Code   280  i2c.o(.text.MX_I2C2_Init)
    MX_TIM17_Init                            0x08001dad   Thumb Code    72  tim.o(.text.MX_TIM17_Init)
    MX_TIM1_Init                             0x08001e05   Thumb Code   244  tim.o(.text.MX_TIM1_Init)
    MX_TIM3_Init                             0x08001f0d   Thumb Code   296  tim.o(.text.MX_TIM3_Init)
    MX_USART1_UART_Init                      0x08002049   Thumb Code   392  usart.o(.text.MX_USART1_UART_Init)
    Magnetic_Sensor_get                      0x080021fd   Thumb Code    44  magnetic_sensor.o(.text.Magnetic_Sensor_get)
    Magnetic_Sensor_init                     0x08002229   Thumb Code     4  magnetic_sensor.o(.text.Magnetic_Sensor_init)
    Magnetic_Sensor_start_DMA                0x0800222d   Thumb Code    24  magnetic_sensor.o(.text.Magnetic_Sensor_start_DMA)
    NI_Controller_calc                       0x08002245   Thumb Code   148  ni_controller.o(.text.NI_Controller_calc)
    NI_Controller_get                        0x080022dd   Thumb Code    88  ni_controller.o(.text.NI_Controller_get)
    NI_Controller_get_                       0x08002335   Thumb Code    40  ni_controller.o(.text.NI_Controller_get_)
    NI_Controller_init                       0x0800235d   Thumb Code    20  ni_controller.o(.text.NI_Controller_init)
    NMI_Handler                              0x08002375   Thumb Code     2  stm32g0xx_it.o(.text.NMI_Handler)
    PID_Controller_calc                      0x08002379   Thumb Code    84  pid_controller.o(.text.PID_Controller_calc)
    PID_Controller_init                      0x080023d1   Thumb Code    76  pid_controller.o(.text.PID_Controller_init)
    PID_Controller_set                       0x08002421   Thumb Code     4  pid_controller.o(.text.PID_Controller_set)
    PendSV_Handler                           0x08002425   Thumb Code     2  stm32g0xx_it.o(.text.PendSV_Handler)
    SVC_Handler                              0x0800246d   Thumb Code     2  stm32g0xx_it.o(.text.SVC_Handler)
    SysTick_Handler                          0x0800246f   Thumb Code     2  stm32g0xx_it.o(.text.SysTick_Handler)
    SystemClock_Config                       0x08002471   Thumb Code   140  main.o(.text.SystemClock_Config)
    SystemInit                               0x08002511   Thumb Code     2  system_stm32g0xx.o(.text.SystemInit)
    TIM17_Config                             0x08002515   Thumb Code    20  tim.o(.text.TIM17_Config)
    TIM17_IRQHandler                         0x0800252d   Thumb Code    24  stm32g0xx_it.o(.text.TIM17_IRQHandler)
    TIM1_BRK_UP_TRG_COM_IRQHandler           0x0800254d   Thumb Code    32  stm32g0xx_it.o(.text.TIM1_BRK_UP_TRG_COM_IRQHandler)
    TIM1_CC_IRQHandler                       0x08002575   Thumb Code     2  stm32g0xx_it.o(.text.TIM1_CC_IRQHandler)
    TIM_PWM_Config                           0x08002579   Thumb Code    84  tim.o(.text.TIM_PWM_Config)
    USART1_IRQHandler                        0x080025d5   Thumb Code    88  stm32g0xx_it.o(.text.USART1_IRQHandler)
    USART_DMA_Config                         0x08002631   Thumb Code   196  usart.o(.text.USART_DMA_Config)
    _sys_exit                                0x0800270d   Thumb Code     2  retarget.o(.text._sys_exit)
    _ttywrch                                 0x0800270f   Thumb Code     8  retarget.o(.text._ttywrch)
    arm_cos_q15                              0x08002719   Thumb Code    60  fastmathfunctions.o(.text.arm_cos_q15)
    arm_float_to_q15                         0x08002759   Thumb Code    52  supportfunctions.o(.text.arm_float_to_q15)
    arm_sin_q15                              0x08002795   Thumb Code    48  fastmathfunctions.o(.text.arm_sin_q15)
    ferror                                   0x080027cd   Thumb Code     6  retarget.o(.text.ferror)
    foc_MS_DMAstart                          0x080027d5   Thumb Code    24  foc_motor.o(.text.foc_MS_DMAstart)
    foc_communication                        0x080027f5   Thumb Code    36  foc_motor.o(.text.foc_communication)
    foc_controller                           0x08002819   Thumb Code    12  foc_motor.o(.text.foc_controller)
    foc_svpwm_calc                           0x08002829   Thumb Code   196  svpwm_driver.o(.text.foc_svpwm_calc)
    foc_svpwm_init                           0x080028f1   Thumb Code     4  svpwm_driver.o(.text.foc_svpwm_init)
    foc_svpwm_stop                           0x080028f5   Thumb Code    12  svpwm_driver.o(.text.foc_svpwm_stop)
    foc_svpwm_write_                         0x08002901   Thumb Code    80  svpwm_driver.o(.text.foc_svpwm_write_)
    fputc                                    0x08002959   Thumb Code     8  retarget.o(.text.fputc)
    main                                     0x08002961   Thumb Code   104  main.o(.text.main)
    my_float_to_q15                          0x080029d1   Thumb Code    22  mymaths.o(.text.my_float_to_q15)
    my_float_to_q17_15_t                     0x080029e9   Thumb Code    40  mymaths.o(.text.my_float_to_q17_15_t)
    my_mult_q15                              0x08002a15   Thumb Code     8  mymaths.o(.text.my_mult_q15)
    my_mult_q17_15_t_and_q15                 0x08002a1d   Thumb Code    24  mymaths.o(.text.my_mult_q17_15_t_and_q15)
    new_Current_Sensor                       0x08002a35   Thumb Code    72  current_sensor.o(.text.new_Current_Sensor)
    new_LPF_Controller                       0x08002ae9   Thumb Code    44  lpf_controller.o(.text.new_LPF_Controller)
    new_Magnetic_Sensor__                    0x08002b7d   Thumb Code    72  magnetic_sensor.o(.text.new_Magnetic_Sensor__)
    new_NI_Controller                        0x08002c35   Thumb Code    64  ni_controller.o(.text.new_NI_Controller)
    new_PID_Controller                       0x08002ce5   Thumb Code    44  pid_controller.o(.text.new_PID_Controller)
    new_PMSM_Motor                           0x08002d7d   Thumb Code   108  pmsm_motor.o(.text.new_PMSM_Motor)
    new_SVPWM_Driver                         0x08002e69   Thumb Code    52  svpwm_driver.o(.text.new_SVPWM_Driver)
    pmsm_motor_ctrl                          0x08002f09   Thumb Code    32  pmsm_motor.o(.text.pmsm_motor_ctrl)
    pmsm_motor_ctrl_position                 0x08002f29   Thumb Code    84  pmsm_motor.o(.text.pmsm_motor_ctrl_position)
    pmsm_motor_init                          0x08002f8d   Thumb Code   240  pmsm_motor.o(.text.pmsm_motor_init)
    pmsm_motor_port                          0x080030b1   Thumb Code    60  pmsm_motor.o(.text.pmsm_motor_port)
    pmsm_motor_run                           0x080030f5   Thumb Code    56  pmsm_motor.o(.text.pmsm_motor_run)
    pmsm_motor_sensor_get                    0x0800312d   Thumb Code    56  pmsm_motor.o(.text.pmsm_motor_sensor_get)
    pmsm_motor_start                         0x08003169   Thumb Code    24  pmsm_motor.o(.text.pmsm_motor_start)
    sendchar                                 0x08003189   Thumb Code    16  usart.o(.text.sendchar)
    _get_lc_ctype                            0x0800319d   Thumb Code    44  lc_ctype_c.o(locale$$code)
    __aeabi_fmul                             0x080031c9   Thumb Code     0  fmul.o(x$fpl$fmul)
    _fmul                                    0x080031c9   Thumb Code   172  fmul.o(x$fpl$fmul)
    AHBPrescTable                            0x08003278   Data          64  system_stm32g0xx.o(.rodata.AHBPrescTable)
    __I$use$fp                               0x08003278   Number         0  usenofp.o(x$fpl$usenofp)
    APBPrescTable                            0x080032b8   Data          32  system_stm32g0xx.o(.rodata.APBPrescTable)
    sinTable_q15                             0x080032d8   Data        1026  commontables.o(.rodata.sinTable_q15)
    Region$$Table$$Base                      0x080036dc   Number         0  anon$$obj.o(Region$$Table)
    Region$$Table$$Limit                     0x080036fc   Number         0  anon$$obj.o(Region$$Table)
    __ctype                                  0x08003709   Data           0  lc_ctype_c.o(locale$$data)
    SystemCoreClock                          0x20000000   Data           4  system_stm32g0xx.o(.data.SystemCoreClock)
    usart1_tx_buf                            0x20000004   Data         256  usart.o(.data.usart1_tx_buf)
    __libspace_start                         0x20000108   Data          96  libspace.o(.bss)
    __temporary_stack_top$libspace           0x20000168   Data           0  libspace.o(.bss)
    TIM17_mCounter                           0x2000016c   Data           4  tim.o(.bss..L_MergedGlobals)
    time                                     0x20000174   Data           4  pmsm_motor.o(.bss..L_MergedGlobals)
    __stdout                                 0x20000178   Data          84  retarget.o(.bss.__stdout)
    global_time_stamp                        0x200001cc   Data           4  pmsm_motor.o(.bss.global_time_stamp)
    pmsm_motor                               0x200001d0   Data           4  foc_motor.o(.bss.pmsm_motor)
    usart1_rx_buf                            0x200001d4   Data         256  usart.o(.bss.usart1_rx_buf)



==============================================================================

Memory Map of the image

  Image Entry point : 0x080000c1

  Load Region LR_IROM1 (Base: 0x08000000, Size: 0x00003918, Max: 0x00008000, ABSOLUTE)

    Execution Region ER_IROM1 (Exec base: 0x08000000, Load base: 0x08000000, Size: 0x0000380c, Max: 0x00008000, ABSOLUTE)

    Exec Addr    Load Addr    Size         Type   Attr      Idx    E Section Name        Object

    0x08000000   0x08000000   0x000000c0   Data   RO            3    RESET               startup_stm32g030xx.o
    0x080000c0   0x080000c0   0x00000008   Code   RO         2443  * !!!main             c_p.l(__main.o)
    0x080000c8   0x080000c8   0x0000003c   Code   RO         2900    !!!scatter          c_p.l(__scatter.o)
    0x08000104   0x08000104   0x0000001a   Code   RO         2902    !!handler_copy      c_p.l(__scatter_copy.o)
    0x0800011e   0x0800011e   0x00000002   PAD
    0x08000120   0x08000120   0x0000001c   Code   RO         2904    !!handler_zi        c_p.l(__scatter_zi.o)
    0x0800013c   0x0800013c   0x00000002   Code   RO         2424    .ARM.Collect$$_printf_percent$$00000000  c_p.l(_printf_percent.o)
    0x0800013e   0x0800013e   0x0000000a   Code   RO         2423    .ARM.Collect$$_printf_percent$$00000009  c_p.l(_printf_d.o)
    0x08000148   0x08000148   0x00000004   Code   RO         2600    .ARM.Collect$$_printf_percent$$00000017  c_p.l(_printf_percent_end.o)
    0x0800014c   0x0800014c   0x00000002   Code   RO         2824    .ARM.Collect$$libinit$$00000000  c_p.l(libinit.o)
    0x0800014e   0x0800014e   0x00000000   Code   RO         2612    .ARM.Collect$$libinit$$00000002  c_p.l(libinit2.o)
    0x0800014e   0x0800014e   0x00000000   Code   RO         2614    .ARM.Collect$$libinit$$00000004  c_p.l(libinit2.o)
    0x0800014e   0x0800014e   0x00000000   Code   RO         2616    .ARM.Collect$$libinit$$00000006  c_p.l(libinit2.o)
    0x0800014e   0x0800014e   0x00000008   Code   RO         2617    .ARM.Collect$$libinit$$00000007  c_p.l(libinit2.o)
    0x08000156   0x08000156   0x00000000   Code   RO         2619    .ARM.Collect$$libinit$$0000000C  c_p.l(libinit2.o)
    0x08000156   0x08000156   0x00000000   Code   RO         2621    .ARM.Collect$$libinit$$0000000E  c_p.l(libinit2.o)
    0x08000156   0x08000156   0x00000000   Code   RO         2623    .ARM.Collect$$libinit$$00000010  c_p.l(libinit2.o)
    0x08000156   0x08000156   0x00000006   Code   RO         2624    .ARM.Collect$$libinit$$00000011  c_p.l(libinit2.o)
    0x0800015c   0x0800015c   0x00000000   Code   RO         2626    .ARM.Collect$$libinit$$00000013  c_p.l(libinit2.o)
    0x0800015c   0x0800015c   0x0000000c   Code   RO         2627    .ARM.Collect$$libinit$$00000014  c_p.l(libinit2.o)
    0x08000168   0x08000168   0x00000000   Code   RO         2628    .ARM.Collect$$libinit$$00000015  c_p.l(libinit2.o)
    0x08000168   0x08000168   0x00000000   Code   RO         2630    .ARM.Collect$$libinit$$00000017  c_p.l(libinit2.o)
    0x08000168   0x08000168   0x00000000   Code   RO         2632    .ARM.Collect$$libinit$$00000019  c_p.l(libinit2.o)
    0x08000168   0x08000168   0x00000000   Code   RO         2634    .ARM.Collect$$libinit$$0000001B  c_p.l(libinit2.o)
    0x08000168   0x08000168   0x00000000   Code   RO         2636    .ARM.Collect$$libinit$$0000001D  c_p.l(libinit2.o)
    0x08000168   0x08000168   0x00000000   Code   RO         2638    .ARM.Collect$$libinit$$0000001F  c_p.l(libinit2.o)
    0x08000168   0x08000168   0x00000000   Code   RO         2640    .ARM.Collect$$libinit$$00000021  c_p.l(libinit2.o)
    0x08000168   0x08000168   0x00000000   Code   RO         2642    .ARM.Collect$$libinit$$00000023  c_p.l(libinit2.o)
    0x08000168   0x08000168   0x00000000   Code   RO         2644    .ARM.Collect$$libinit$$00000025  c_p.l(libinit2.o)
    0x08000168   0x08000168   0x00000000   Code   RO         2646    .ARM.Collect$$libinit$$00000027  c_p.l(libinit2.o)
    0x08000168   0x08000168   0x00000000   Code   RO         2650    .ARM.Collect$$libinit$$0000002E  c_p.l(libinit2.o)
    0x08000168   0x08000168   0x00000000   Code   RO         2652    .ARM.Collect$$libinit$$00000030  c_p.l(libinit2.o)
    0x08000168   0x08000168   0x00000000   Code   RO         2654    .ARM.Collect$$libinit$$00000032  c_p.l(libinit2.o)
    0x08000168   0x08000168   0x00000000   Code   RO         2656    .ARM.Collect$$libinit$$00000034  c_p.l(libinit2.o)
    0x08000168   0x08000168   0x00000002   Code   RO         2657    .ARM.Collect$$libinit$$00000035  c_p.l(libinit2.o)
    0x0800016a   0x0800016a   0x00000002   Code   RO         2897    .ARM.Collect$$libshutdown$$00000000  c_p.l(libshutdown.o)
    0x0800016c   0x0800016c   0x00000000   Code   RO         2853    .ARM.Collect$$libshutdown$$00000002  c_p.l(libshutdown2.o)
    0x0800016c   0x0800016c   0x00000000   Code   RO         2855    .ARM.Collect$$libshutdown$$00000004  c_p.l(libshutdown2.o)
    0x0800016c   0x0800016c   0x00000000   Code   RO         2858    .ARM.Collect$$libshutdown$$00000007  c_p.l(libshutdown2.o)
    0x0800016c   0x0800016c   0x00000000   Code   RO         2861    .ARM.Collect$$libshutdown$$0000000A  c_p.l(libshutdown2.o)
    0x0800016c   0x0800016c   0x00000000   Code   RO         2863    .ARM.Collect$$libshutdown$$0000000C  c_p.l(libshutdown2.o)
    0x0800016c   0x0800016c   0x00000000   Code   RO         2866    .ARM.Collect$$libshutdown$$0000000F  c_p.l(libshutdown2.o)
    0x0800016c   0x0800016c   0x00000002   Code   RO         2867    .ARM.Collect$$libshutdown$$00000010  c_p.l(libshutdown2.o)
    0x0800016e   0x0800016e   0x00000000   Code   RO         2562    .ARM.Collect$$rtentry$$00000000  c_p.l(__rtentry.o)
    0x0800016e   0x0800016e   0x00000000   Code   RO         2743    .ARM.Collect$$rtentry$$00000002  c_p.l(__rtentry2.o)
    0x0800016e   0x0800016e   0x00000006   Code   RO         2755    .ARM.Collect$$rtentry$$00000004  c_p.l(__rtentry4.o)
    0x08000174   0x08000174   0x00000000   Code   RO         2745    .ARM.Collect$$rtentry$$00000009  c_p.l(__rtentry2.o)
    0x08000174   0x08000174   0x00000004   Code   RO         2746    .ARM.Collect$$rtentry$$0000000A  c_p.l(__rtentry2.o)
    0x08000178   0x08000178   0x00000000   Code   RO         2748    .ARM.Collect$$rtentry$$0000000C  c_p.l(__rtentry2.o)
    0x08000178   0x08000178   0x00000008   Code   RO         2749    .ARM.Collect$$rtentry$$0000000D  c_p.l(__rtentry2.o)
    0x08000180   0x08000180   0x00000002   Code   RO         2832    .ARM.Collect$$rtexit$$00000000  c_p.l(rtexit.o)
    0x08000182   0x08000182   0x00000000   Code   RO         2871    .ARM.Collect$$rtexit$$00000002  c_p.l(rtexit2.o)
    0x08000182   0x08000182   0x00000004   Code   RO         2872    .ARM.Collect$$rtexit$$00000003  c_p.l(rtexit2.o)
    0x08000186   0x08000186   0x00000006   Code   RO         2873    .ARM.Collect$$rtexit$$00000004  c_p.l(rtexit2.o)
    0x0800018c   0x0800018c   0x00000038   Code   RO            4    .text               startup_stm32g030xx.o
    0x080001c4   0x080001c4   0x00000002   Code   RO         2321    .text               c_p.l(use_no_semi_2.o)
    0x080001c6   0x080001c6   0x00000062   Code   RO         2327    .text               c_p.l(h1_alloc.o)
    0x08000228   0x08000228   0x0000004c   Code   RO         2329    .text               c_p.l(h1_free.o)
    0x08000274   0x08000274   0x00000030   Code   RO         2389    .text               c_p.l(llmul.o)
    0x080002a4   0x080002a4   0x0000001c   Code   RO         2397    .text               c_p.l(noretval__2printf.o)
    0x080002c0   0x080002c0   0x0000006c   Code   RO         2399    .text               c_p.l(__printf.o)
    0x0800032c   0x0800032c   0x0000006c   Code   RO         2401    .text               c_p.l(_printf_dec.o)
    0x08000398   0x08000398   0x00000040   Code   RO         2425    .text               c_p.l(__0sscanf.o)
    0x080003d8   0x080003d8   0x0000014a   Code   RO         2427    .text               c_p.l(_scanf_int.o)
    0x08000522   0x08000522   0x00000002   PAD
    0x08000524   0x08000524   0x0000002c   Code   RO         2429    .text               c_p.l(puts.o)
    0x08000550   0x08000550   0x00000040   Code   RO         2435    .text               c_p.l(rt_memclr.o)
    0x08000590   0x08000590   0x0000016c   Code   RO         2437    .text               c_p.l(aeabi_sdiv.o)
    0x080006fc   0x080006fc   0x00000006   Code   RO         2441    .text               c_p.l(heapauxi.o)
    0x08000702   0x08000702   0x0000004c   Code   RO         2499    .text               fz_ps.l(ffixi.o)
    0x0800074e   0x0800074e   0x00000002   Code   RO         2558    .text               c_p.l(use_no_semi.o)
    0x08000750   0x08000750   0x00000008   Code   RO         2574    .text               c_p.l(rt_heap_descriptor_intlibspace.o)
    0x08000758   0x08000758   0x00000004   Code   RO         2576    .text               c_p.l(hguard.o)
    0x0800075c   0x0800075c   0x00000088   Code   RO         2578    .text               c_p.l(init_alloc.o)
    0x080007e4   0x080007e4   0x0000000e   Code   RO         2582    .text               c_p.l(h1_init.o)
    0x080007f2   0x080007f2   0x000000b0   Code   RO         2596    .text               c_p.l(_printf_intcommon.o)
    0x080008a2   0x080008a2   0x00000002   PAD
    0x080008a4   0x080008a4   0x00000028   Code   RO         2598    .text               c_p.l(_printf_char_file.o)
    0x080008cc   0x080008cc   0x0000001e   Code   RO         2601    .text               c_p.l(_chval.o)
    0x080008ea   0x080008ea   0x00000002   PAD
    0x080008ec   0x080008ec   0x00000030   Code   RO         2603    .text               c_p.l(scanf_char.o)
    0x0800091c   0x0800091c   0x00000044   Code   RO         2605    .text               c_p.l(_sgetc.o)
    0x08000960   0x08000960   0x00000028   Code   RO         2607    .text               c_p.l(rtudiv10.o)
    0x08000988   0x08000988   0x00000008   Code   RO         2739    .text               c_p.l(libspace.o)
    0x08000990   0x08000990   0x00000000   Code   RO         2766    .text               c_p.l(maybetermalloc1.o)
    0x08000990   0x08000990   0x00000034   Code   RO         2768    .text               c_p.l(h1_extend.o)
    0x080009c4   0x080009c4   0x00000012   Code   RO         2772    .text               c_p.l(isspace.o)
    0x080009d6   0x080009d6   0x00000002   PAD
    0x080009d8   0x080009d8   0x00000030   Code   RO         2774    .text               c_p.l(_printf_char_common.o)
    0x08000a08   0x08000a08   0x00000380   Code   RO         2776    .text               c_p.l(_scanf.o)
    0x08000d88   0x08000d88   0x0000000c   Code   RO         2778    .text               c_p.l(defsig_rtmem_outer.o)
    0x08000d94   0x08000d94   0x0000003e   Code   RO         2794    .text               c_p.l(sys_stackheap_outer.o)
    0x08000dd2   0x08000dd2   0x00000002   PAD
    0x08000dd4   0x08000dd4   0x00000010   Code   RO         2797    .text               c_p.l(rt_ctype_table.o)
    0x08000de4   0x08000de4   0x00000010   Code   RO         2805    .text               c_p.l(exit.o)
    0x08000df4   0x08000df4   0x0000000c   Code   RO         2807    .text               c_p.l(defsig_exit.o)
    0x08000e00   0x08000e00   0x00000050   Code   RO         2813    .text               c_p.l(defsig_rtmem_inner.o)
    0x08000e50   0x08000e50   0x00000008   Code   RO         2837    .text               c_p.l(rt_locale_intlibspace.o)
    0x08000e58   0x08000e58   0x00000034   Code   RO         2848    .text               c_p.l(defsig_general.o)
    0x08000e8c   0x08000e8c   0x00000088   Code   RO         2879    .text               c_p.l(strcmp.o)
    0x08000f14   0x08000f14   0x00000060   Code   RO           58    .text.ADC1_DMA_Config_  adc.o
    0x08000f74   0x08000f74   0x00000002   Code   RO          148    .text.ADC1_IRQHandler  stm32g0xx_it.o
    0x08000f76   0x08000f76   0x00000002   PAD
    0x08000f78   0x08000f78   0x00000098   Code   RO          365    .text.Current_Sensor_get  current_sensor.o
    0x08001010   0x08001010   0x00000006   Code   RO          361    .text.Current_Sensor_init  current_sensor.o
    0x08001016   0x08001016   0x00000002   PAD
    0x08001018   0x08001018   0x00000018   Code   RO          363    .text.Current_Sensor_start_DMA  current_sensor.o
    0x08001030   0x08001030   0x00000018   Code   RO          146    .text.DMA1_Ch4_5_DMAMUX1_OVR_IRQHandler  stm32g0xx_it.o
    0x08001048   0x08001048   0x00000002   Code   RO          142    .text.DMA1_Channel1_IRQHandler  stm32g0xx_it.o
    0x0800104a   0x0800104a   0x00000002   PAD
    0x0800104c   0x0800104c   0x00000014   Code   RO          144    .text.DMA1_Channel2_3_IRQHandler  stm32g0xx_it.o
    0x08001060   0x08001060   0x0000005c   Code   RO          299    .text.FOC_Init      foc_motor.o
    0x080010bc   0x080010bc   0x00000002   Code   RO          134    .text.HardFault_Handler  stm32g0xx_it.o
    0x080010be   0x080010be   0x00000002   PAD
    0x080010c0   0x080010c0   0x00000048   Code   RO           78    .text.I2C2_DMA_Config_  i2c.o
    0x08001108   0x08001108   0x00000028   Code   RO          156    .text.I2C2_IRQHandler  stm32g0xx_it.o
    0x08001130   0x08001130   0x0000009c   Code   RO           80    .text.I2Cx_Mem_Read_DMA  i2c.o
    0x080011cc   0x080011cc   0x00000034   Code   RO          437    .text.LL_ADC_Init   stm32g0xx_ll_adc.o
    0x08001200   0x08001200   0x00000068   Code   RO          441    .text.LL_ADC_REG_Init  stm32g0xx_ll_adc.o
    0x08001268   0x08001268   0x0000001c   Code   RO           93    .text.LL_APB2_GRP1_EnableClock  tim.o
    0x08001284   0x08001284   0x000000a0   Code   RO          417    .text.LL_GPIO_Init  stm32g0xx_ll_gpio.o
    0x08001324   0x08001324   0x00000070   Code   RO          493    .text.LL_I2C_Init   stm32g0xx_ll_i2c.o
    0x08001394   0x08001394   0x00000018   Code   RO           46    .text.LL_IOP_GRP1_EnableClock  gpio.o
    0x080013ac   0x080013ac   0x0000001c   Code   RO           97    .text.LL_IOP_GRP1_EnableClock  tim.o
    0x080013c8   0x080013c8   0x00000020   Code   RO          377    .text.LL_Init1msTick  stm32g0xx_ll_utils.o
    0x080013e8   0x080013e8   0x00000038   Code   RO          469    .text.LL_RCC_GetSystemClocksFreq  stm32g0xx_ll_rcc.o
    0x08001420   0x08001420   0x00000088   Code   RO          473    .text.LL_RCC_GetUSARTClockFreq  stm32g0xx_ll_rcc.o
    0x080014a8   0x080014a8   0x0000000c   Code   RO          381    .text.LL_SetSystemCoreClock  stm32g0xx_ll_utils.o
    0x080014b4   0x080014b4   0x00000088   Code   RO          537    .text.LL_TIM_BDTR_Init  stm32g0xx_ll_tim.o
    0x0800153c   0x0800153c   0x0000007c   Code   RO          517    .text.LL_TIM_Init   stm32g0xx_ll_tim.o
    0x080015b8   0x080015b8   0x000002d4   Code   RO          521    .text.LL_TIM_OC_Init  stm32g0xx_ll_tim.o
    0x0800188c   0x0800188c   0x000000fc   Code   RO          549    .text.LL_USART_Init  stm32g0xx_ll_usart.o
    0x08001988   0x08001988   0x00000028   Code   RO          379    .text.LL_mDelay     stm32g0xx_ll_utils.o
    0x080019b0   0x080019b0   0x0000002c   Code   RO          249    .text.LPF_controller_calc  lpf_controller.o
    0x080019dc   0x080019dc   0x00000004   Code   RO          247    .text.LPF_controller_init  lpf_controller.o
    0x080019e0   0x080019e0   0x00000034   Code   RO          105    .text.Loop_Is_Timeout_Xms  tim.o
    0x08001a14   0x08001a14   0x00000174   Code   RO           56    .text.MX_ADC1_Init  adc.o
    0x08001b88   0x08001b88   0x0000004c   Code   RO           68    .text.MX_DMA_Init   dma.o
    0x08001bd4   0x08001bd4   0x0000009c   Code   RO           44    .text.MX_GPIO_Init  gpio.o
    0x08001c70   0x08001c70   0x0000013c   Code   RO           76    .text.MX_I2C2_Init  i2c.o
    0x08001dac   0x08001dac   0x00000058   Code   RO           99    .text.MX_TIM17_Init  tim.o
    0x08001e04   0x08001e04   0x00000108   Code   RO           91    .text.MX_TIM1_Init  tim.o
    0x08001f0c   0x08001f0c   0x0000013c   Code   RO           95    .text.MX_TIM3_Init  tim.o
    0x08002048   0x08002048   0x000001b4   Code   RO          116    .text.MX_USART1_UART_Init  usart.o
    0x080021fc   0x080021fc   0x0000002c   Code   RO          347    .text.Magnetic_Sensor_get  magnetic_sensor.o
    0x08002228   0x08002228   0x00000004   Code   RO          343    .text.Magnetic_Sensor_init  magnetic_sensor.o
    0x0800222c   0x0800222c   0x00000018   Code   RO          345    .text.Magnetic_Sensor_start_DMA  magnetic_sensor.o
    0x08002244   0x08002244   0x00000098   Code   RO          283    .text.NI_Controller_calc  ni_controller.o
    0x080022dc   0x080022dc   0x00000058   Code   RO          287    .text.NI_Controller_get  ni_controller.o
    0x08002334   0x08002334   0x00000028   Code   RO          285    .text.NI_Controller_get_  ni_controller.o
    0x0800235c   0x0800235c   0x00000018   Code   RO          281    .text.NI_Controller_init  ni_controller.o
    0x08002374   0x08002374   0x00000002   Code   RO          132    .text.NMI_Handler   stm32g0xx_it.o
    0x08002376   0x08002376   0x00000002   PAD
    0x08002378   0x08002378   0x00000058   Code   RO          265    .text.PID_Controller_calc  pid_controller.o
    0x080023d0   0x080023d0   0x00000050   Code   RO          263    .text.PID_Controller_init  pid_controller.o
    0x08002420   0x08002420   0x00000004   Code   RO          267    .text.PID_Controller_set  pid_controller.o
    0x08002424   0x08002424   0x00000002   Code   RO          138    .text.PendSV_Handler  stm32g0xx_it.o
    0x08002426   0x08002426   0x00000002   PAD
    0x08002428   0x08002428   0x00000044   Code   RO          471    .text.RCC_GetSystemClockFreq  stm32g0xx_ll_rcc.o
    0x0800246c   0x0800246c   0x00000002   Code   RO          136    .text.SVC_Handler   stm32g0xx_it.o
    0x0800246e   0x0800246e   0x00000002   Code   RO          140    .text.SysTick_Handler  stm32g0xx_it.o
    0x08002470   0x08002470   0x000000a0   Code   RO           31    .text.SystemClock_Config  main.o
    0x08002510   0x08002510   0x00000002   Code   RO          565    .text.SystemInit    system_stm32g0xx.o
    0x08002512   0x08002512   0x00000002   PAD
    0x08002514   0x08002514   0x00000018   Code   RO          103    .text.TIM17_Config  tim.o
    0x0800252c   0x0800252c   0x00000020   Code   RO          154    .text.TIM17_IRQHandler  stm32g0xx_it.o
    0x0800254c   0x0800254c   0x00000028   Code   RO          150    .text.TIM1_BRK_UP_TRG_COM_IRQHandler  stm32g0xx_it.o
    0x08002574   0x08002574   0x00000002   Code   RO          152    .text.TIM1_CC_IRQHandler  stm32g0xx_it.o
    0x08002576   0x08002576   0x00000002   PAD
    0x08002578   0x08002578   0x0000005c   Code   RO          101    .text.TIM_PWM_Config  tim.o
    0x080025d4   0x080025d4   0x0000005c   Code   RO          158    .text.USART1_IRQHandler  stm32g0xx_it.o
    0x08002630   0x08002630   0x000000dc   Code   RO          118    .text.USART_DMA_Config  usart.o
    0x0800270c   0x0800270c   0x00000002   Code   RO           17    .text._sys_exit     retarget.o
    0x0800270e   0x0800270e   0x00000008   Code   RO           15    .text._ttywrch      retarget.o
    0x08002716   0x08002716   0x00000002   PAD
    0x08002718   0x08002718   0x00000040   Code   RO         1161    .text.arm_cos_q15   fastmathfunctions.o
    0x08002758   0x08002758   0x0000003c   Code   RO         1994    .text.arm_float_to_q15  supportfunctions.o
    0x08002794   0x08002794   0x00000038   Code   RO         1167    .text.arm_sin_q15   fastmathfunctions.o
    0x080027cc   0x080027cc   0x00000006   Code   RO           13    .text.ferror        retarget.o
    0x080027d2   0x080027d2   0x00000002   PAD
    0x080027d4   0x080027d4   0x00000020   Code   RO          301    .text.foc_MS_DMAstart  foc_motor.o
    0x080027f4   0x080027f4   0x00000024   Code   RO          305    .text.foc_communication  foc_motor.o
    0x08002818   0x08002818   0x00000010   Code   RO          303    .text.foc_controller  foc_motor.o
    0x08002828   0x08002828   0x000000c8   Code   RO          325    .text.foc_svpwm_calc  svpwm_driver.o
    0x080028f0   0x080028f0   0x00000004   Code   RO          323    .text.foc_svpwm_init  svpwm_driver.o
    0x080028f4   0x080028f4   0x0000000c   Code   RO          327    .text.foc_svpwm_stop  svpwm_driver.o
    0x08002900   0x08002900   0x00000058   Code   RO          329    .text.foc_svpwm_write_  svpwm_driver.o
    0x08002958   0x08002958   0x00000008   Code   RO           11    .text.fputc         retarget.o
    0x08002960   0x08002960   0x00000070   Code   RO           29    .text.main          main.o
    0x080029d0   0x080029d0   0x00000016   Code   RO          233    .text.my_float_to_q15  mymaths.o
    0x080029e6   0x080029e6   0x00000002   PAD
    0x080029e8   0x080029e8   0x0000002c   Code   RO          231    .text.my_float_to_q17_15_t  mymaths.o
    0x08002a14   0x08002a14   0x00000008   Code   RO          227    .text.my_mult_q15   mymaths.o
    0x08002a1c   0x08002a1c   0x00000018   Code   RO          223    .text.my_mult_q17_15_t_and_q15  mymaths.o
    0x08002a34   0x08002a34   0x000000b4   Code   RO          359    .text.new_Current_Sensor  current_sensor.o
    0x08002ae8   0x08002ae8   0x00000094   Code   RO          245    .text.new_LPF_Controller  lpf_controller.o
    0x08002b7c   0x08002b7c   0x000000b8   Code   RO          341    .text.new_Magnetic_Sensor__  magnetic_sensor.o
    0x08002c34   0x08002c34   0x000000b0   Code   RO          279    .text.new_NI_Controller  ni_controller.o
    0x08002ce4   0x08002ce4   0x00000098   Code   RO          261    .text.new_PID_Controller  pid_controller.o
    0x08002d7c   0x08002d7c   0x000000ec   Code   RO          168    .text.new_PMSM_Motor  pmsm_motor.o
    0x08002e68   0x08002e68   0x000000a0   Code   RO          321    .text.new_SVPWM_Driver  svpwm_driver.o
    0x08002f08   0x08002f08   0x00000020   Code   RO          174    .text.pmsm_motor_ctrl  pmsm_motor.o
    0x08002f28   0x08002f28   0x00000064   Code   RO          176    .text.pmsm_motor_ctrl_position  pmsm_motor.o
    0x08002f8c   0x08002f8c   0x00000124   Code   RO          170    .text.pmsm_motor_init  pmsm_motor.o
    0x080030b0   0x080030b0   0x00000044   Code   RO          182    .text.pmsm_motor_port  pmsm_motor.o
    0x080030f4   0x080030f4   0x00000038   Code   RO          180    .text.pmsm_motor_run  pmsm_motor.o
    0x0800312c   0x0800312c   0x0000003c   Code   RO          178    .text.pmsm_motor_sensor_get  pmsm_motor.o
    0x08003168   0x08003168   0x00000020   Code   RO          172    .text.pmsm_motor_start  pmsm_motor.o
    0x08003188   0x08003188   0x00000014   Code   RO          120    .text.sendchar      usart.o
    0x0800319c   0x0800319c   0x0000002c   Code   RO         2844    locale$$code        c_p.l(lc_ctype_c.o)
    0x080031c8   0x080031c8   0x000000b0   Code   RO         2505    x$fpl$fmul          fz_ps.l(fmul.o)
    0x08003278   0x08003278   0x00000000   Code   RO         2686    x$fpl$usenofp       fz_ps.l(usenofp.o)
    0x08003278   0x08003278   0x00000040   Data   RO          570    .rodata.AHBPrescTable  system_stm32g0xx.o
    0x080032b8   0x080032b8   0x00000020   Data   RO          571    .rodata.APBPrescTable  system_stm32g0xx.o
    0x080032d8   0x080032d8   0x00000402   Data   RO          864    .rodata.sinTable_q15  commontables.o
    0x080036da   0x080036da   0x00000002   PAD
    0x080036dc   0x080036dc   0x00000020   Data   RO         2899    Region$$Table       anon$$obj.o
    0x080036fc   0x080036fc   0x00000110   Data   RO         2843    locale$$data        c_p.l(lc_ctype_c.o)


    Execution Region RW_IRAM1 (Exec base: 0x20000000, Load base: 0x08003810, Size: 0x00000ed8, Max: 0x00002000, ABSOLUTE)

    Exec Addr    Load Addr    Size         Type   Attr      Idx    E Section Name        Object

    0x20000000   0x08003810   0x00000004   Data   RW          569    .data.SystemCoreClock  system_stm32g0xx.o
    0x20000004   0x08003814   0x00000100   Data   RW          122    .data.usart1_tx_buf  usart.o
    0x20000104   0x08003914   0x00000004   PAD
    0x20000108        -       0x00000060   Zero   RW         2740    .bss                c_p.l(libspace.o)
    0x20000168        -       0x00000008   Zero   RW          107    .bss..L_MergedGlobals  tim.o
    0x20000170        -       0x00000008   Zero   RW          192    .bss..L_MergedGlobals  pmsm_motor.o
    0x20000178        -       0x00000054   Zero   RW           19    .bss.__stdout       retarget.o
    0x200001cc        -       0x00000004   Zero   RW          190    .bss.global_time_stamp  pmsm_motor.o
    0x200001d0        -       0x00000004   Zero   RW          309    .bss.pmsm_motor     foc_motor.o
    0x200001d4        -       0x00000100   Zero   RW          123    .bss.usart1_rx_buf  usart.o
    0x200002d4   0x08003914   0x00000004   PAD
    0x200002d8        -       0x00000400   Zero   RW            2    HEAP                startup_stm32g030xx.o
    0x200006d8        -       0x00000800   Zero   RW            1    STACK               startup_stm32g030xx.o


==============================================================================

Image component sizes


      Code (inc. data)   RO Data    RW Data    ZI Data      Debug   Object Name

       468         32          0          0          0       8697   adc.o
         0          0       1026          0          0      10723   commontables.o
       362        124          0          0          0       3490   current_sensor.o
        76          8          0          0          0       3070   dma.o
       120         12          0          0          0      24278   fastmathfunctions.o
       176         52          0          0          4       6720   foc_motor.o
       180         12          0          0          0       2564   gpio.o
       544         72          0          0          0       9694   i2c.o
       196        108          0          0          0       1954   lpf_controller.o
       256        112          0          0          0       3153   magnetic_sensor.o
       272         28          0          0          0       4621   main.o
        98          4          0          0          0       2876   mymaths.o
       480        120          0          0          0       3335   ni_controller.o
       324        116          0          0          0       2880   pid_controller.o
       876        216          0          0         12       9528   pmsm_motor.o
        24          0          0          0         84       1349   retarget.o
        56         26        192          0       3072        636   startup_stm32g030xx.o
       264         28          0          0          0       5857   stm32g0xx_it.o
       156          8          0          0          0       6062   stm32g0xx_ll_adc.o
       160          0          0          0          0       3535   stm32g0xx_ll_gpio.o
       112          8          0          0          0       3666   stm32g0xx_ll_i2c.o
       260         36          0          0          0       6974   stm32g0xx_ll_rcc.o
       984         60          0          0          0      13021   stm32g0xx_ll_tim.o
       252         64          0          0          0       5549   stm32g0xx_ll_usart.o
        84         12          0          0          0       7088   stm32g0xx_ll_utils.o
        60          8          0          0          0      23408   supportfunctions.o
       464        126          0          0          0       4479   svpwm_driver.o
         2          0         96          4          0       1948   system_stm32g0xx.o
       892         80          0          0          8       9491   tim.o
       676         72          0        256        256      10255   usart.o

    ----------------------------------------------------------------------
      8896       1544       1348        260       3444     200901   Object Totals
         0          0         32          0          0          0   (incl. Generated)
        22          0          2          0          8          0   (incl. Padding)

    ----------------------------------------------------------------------

      Code (inc. data)   RO Data    RW Data    ZI Data      Debug   Library Member Name

        64         10          0          0          0         84   __0sscanf.o
         8          0          0          0          0         68   __main.o
       108          0          0          0          0         76   __printf.o
         0          0          0          0          0          0   __rtentry.o
        12          0          0          0          0          0   __rtentry2.o
         6          0          0          0          0          0   __rtentry4.o
        60          8          0          0          0          0   __scatter.o
        26          0          0          0          0          0   __scatter_copy.o
        28          0          0          0          0          0   __scatter_zi.o
        30          0          0          0          0         60   _chval.o
        48          6          0          0          0         88   _printf_char_common.o
        40          6          0          0          0         72   _printf_char_file.o
        10          0          0          0          0          0   _printf_d.o
       108         18          0          0          0         76   _printf_dec.o
       176          0          0          0          0         84   _printf_intcommon.o
         2          0          0          0          0          0   _printf_percent.o
         4          0          0          0          0          0   _printf_percent_end.o
       896         16          0          0          0         84   _scanf.o
       330          0          0          0          0         84   _scanf_int.o
        68          0          0          0          0         76   _sgetc.o
       364          4          0          0          0         92   aeabi_sdiv.o
        12          0          0          0          0         68   defsig_exit.o
        52          0          0          0          0         72   defsig_general.o
        80         58          0          0          0         68   defsig_rtmem_inner.o
        12          0          0          0          0         68   defsig_rtmem_outer.o
        16          0          0          0          0         68   exit.o
        98          0          0          0          0         72   h1_alloc.o
        52          0          0          0          0         68   h1_extend.o
        76          0          0          0          0         72   h1_free.o
        14          0          0          0          0         76   h1_init.o
         6          0          0          0          0        136   heapauxi.o
         4          0          0          0          0        120   hguard.o
       136          0          0          0          0        160   init_alloc.o
        18          0          0          0          0         68   isspace.o
        44         10        272          0          0         76   lc_ctype_c.o
         2          0          0          0          0          0   libinit.o
        28          0          0          0          0          0   libinit2.o
         2          0          0          0          0          0   libshutdown.o
         2          0          0          0          0          0   libshutdown2.o
         8          4          0          0         96         68   libspace.o
        48          0          0          0          0         72   llmul.o
         0          0          0          0          0          0   maybetermalloc1.o
        28          6          0          0          0         84   noretval__2printf.o
        44          6          0          0          0         68   puts.o
        16          4          0          0          0         76   rt_ctype_table.o
         8          4          0          0          0         68   rt_heap_descriptor_intlibspace.o
         8          4          0          0          0         68   rt_locale_intlibspace.o
        64          0          0          0          0        108   rt_memclr.o
         2          0          0          0          0          0   rtexit.o
        10          0          0          0          0          0   rtexit2.o
        40          0          0          0          0         60   rtudiv10.o
        48          8          0          0          0         84   scanf_char.o
       136          4          0          0          0         72   strcmp.o
        62          0          0          0          0         80   sys_stackheap_outer.o
         2          0          0          0          0         68   use_no_semi.o
         2          0          0          0          0         68   use_no_semi_2.o
        76          0          0          0          0         68   ffixi.o
       176          4          0          0          0         80   fmul.o
         0          0          0          0          0          0   usenofp.o

    ----------------------------------------------------------------------
      3832        180        272          0         96       3328   Library Totals
        12          0          0          0          0          0   (incl. Padding)

    ----------------------------------------------------------------------

      Code (inc. data)   RO Data    RW Data    ZI Data      Debug   Library Name

      3568        176        272          0         96       3180   c_p.l
       252          4          0          0          0        148   fz_ps.l

    ----------------------------------------------------------------------
      3832        180        272          0         96       3328   Library Totals

    ----------------------------------------------------------------------

==============================================================================


      Code (inc. data)   RO Data    RW Data    ZI Data      Debug   

     12728       1724       1620        260       3540     201957   Grand Totals
     12728       1724       1620        260       3540     201957   ELF Image Totals
     12728       1724       1620        260          0          0   ROM Totals

==============================================================================

    Total RO  Size (Code + RO Data)                14348 (  14.01kB)
    Total RW  Size (RW Data + ZI Data)              3800 (   3.71kB)
    Total ROM Size (Code + RO Data + RW Data)      14608 (  14.27kB)

==============================================================================

