Component: Arm Compiler for Embedded 6.19 Tool: armlink [5e73cb00]

==============================================================================

Section Cross References

    startup_stm32g030xx.o(STACK) refers (Special) to heapauxi.o(.text) for __use_two_region_memory
    startup_stm32g030xx.o(HEAP) refers (Special) to heapauxi.o(.text) for __use_two_region_memory
    startup_stm32g030xx.o(RESET) refers (Special) to heapauxi.o(.text) for __use_two_region_memory
    startup_stm32g030xx.o(RESET) refers to startup_stm32g030xx.o(STACK) for __initial_sp
    startup_stm32g030xx.o(RESET) refers to startup_stm32g030xx.o(.text) for Reset_Handler
    startup_stm32g030xx.o(RESET) refers to stm32g0xx_it.o(.text.NMI_Handler) for NMI_Handler
    startup_stm32g030xx.o(RESET) refers to stm32g0xx_it.o(.text.HardFault_Handler) for HardFault_Handler
    startup_stm32g030xx.o(RESET) refers to stm32g0xx_it.o(.text.SVC_Handler) for SVC_Handler
    startup_stm32g030xx.o(RESET) refers to stm32g0xx_it.o(.text.PendSV_Handler) for PendSV_Handler
    startup_stm32g030xx.o(RESET) refers to stm32g0xx_it.o(.text.SysTick_Handler) for SysTick_Handler
    startup_stm32g030xx.o(.text) refers (Special) to heapauxi.o(.text) for __use_two_region_memory
    startup_stm32g030xx.o(.text) refers to system_stm32g0xx.o(.text.SystemInit) for SystemInit
    startup_stm32g030xx.o(.text) refers to __main.o(!!!main) for __main
    startup_stm32g030xx.o(.text) refers to startup_stm32g030xx.o(HEAP) for Heap_Mem
    startup_stm32g030xx.o(.text) refers to startup_stm32g030xx.o(STACK) for Stack_Mem
    retarget.o(.text) refers (Special) to use_no_semi_2.o(.text) for __use_no_semihosting
    retarget.o(.text.fputc) refers (Special) to use_no_semi_2.o(.text) for __use_no_semihosting
    retarget.o(.text.fputc) refers to usart.o(.text.sendchar) for sendchar
    retarget.o(.ARM.exidx.text.fputc) refers (Special) to use_no_semi_2.o(.text) for __use_no_semihosting
    retarget.o(.ARM.exidx.text.fputc) refers to retarget.o(.text.fputc) for [Anonymous Symbol]
    retarget.o(.text.ferror) refers (Special) to use_no_semi_2.o(.text) for __use_no_semihosting
    retarget.o(.ARM.exidx.text.ferror) refers (Special) to use_no_semi_2.o(.text) for __use_no_semihosting
    retarget.o(.ARM.exidx.text.ferror) refers to retarget.o(.text.ferror) for [Anonymous Symbol]
    retarget.o(.text._ttywrch) refers (Special) to use_no_semi_2.o(.text) for __use_no_semihosting
    retarget.o(.text._ttywrch) refers to usart.o(.text.sendchar) for sendchar
    retarget.o(.ARM.exidx.text._ttywrch) refers (Special) to use_no_semi_2.o(.text) for __use_no_semihosting
    retarget.o(.ARM.exidx.text._ttywrch) refers to retarget.o(.text._ttywrch) for [Anonymous Symbol]
    retarget.o(.text._sys_exit) refers (Special) to use_no_semi_2.o(.text) for __use_no_semihosting
    retarget.o(.ARM.exidx.text._sys_exit) refers (Special) to use_no_semi_2.o(.text) for __use_no_semihosting
    retarget.o(.ARM.exidx.text._sys_exit) refers to retarget.o(.text._sys_exit) for [Anonymous Symbol]
    retarget.o(.bss.__stdout) refers (Special) to use_no_semi_2.o(.text) for __use_no_semihosting
    retarget.o(.bss.__stdin) refers (Special) to use_no_semi_2.o(.text) for __use_no_semihosting
    magnetic_sensor.o(.text) refers (Special) to _printf_percent.o(.ARM.Collect$$_printf_percent$$00000000) for _printf_percent
    magnetic_sensor.o(.text) refers (Special) to _printf_d.o(.ARM.Collect$$_printf_percent$$00000009) for _printf_d
    magnetic_sensor.o(.text) refers (Special) to _printf_dec.o(.text) for _printf_int_dec
    magnetic_sensor.o(.text.new_Magnetic_Sensor) refers (Special) to _printf_percent.o(.ARM.Collect$$_printf_percent$$00000000) for _printf_percent
    magnetic_sensor.o(.text.new_Magnetic_Sensor) refers (Special) to _printf_d.o(.ARM.Collect$$_printf_percent$$00000009) for _printf_d
    magnetic_sensor.o(.text.new_Magnetic_Sensor) refers (Special) to _printf_dec.o(.text) for _printf_int_dec
    magnetic_sensor.o(.text.new_Magnetic_Sensor) refers to h1_alloc.o(.text) for malloc
    magnetic_sensor.o(.text.new_Magnetic_Sensor) refers to puts.o(.text) for puts
    magnetic_sensor.o(.text.new_Magnetic_Sensor) refers to magnetic_sensor.o(.text.Magnetic_Sensor_get) for Magnetic_Sensor_get
    magnetic_sensor.o(.text.new_Magnetic_Sensor) refers to magnetic_sensor.o(.text.Magnetic_Sensor_start) for Magnetic_Sensor_start
    magnetic_sensor.o(.text.new_Magnetic_Sensor) refers to magnetic_sensor.o(.text.Magnetic_Sensor_init) for Magnetic_Sensor_init
    magnetic_sensor.o(.ARM.exidx.text.new_Magnetic_Sensor) refers (Special) to _printf_percent.o(.ARM.Collect$$_printf_percent$$00000000) for _printf_percent
    magnetic_sensor.o(.ARM.exidx.text.new_Magnetic_Sensor) refers (Special) to _printf_d.o(.ARM.Collect$$_printf_percent$$00000009) for _printf_d
    magnetic_sensor.o(.ARM.exidx.text.new_Magnetic_Sensor) refers (Special) to _printf_dec.o(.text) for _printf_int_dec
[...]
    ../clib/division.s                       0x00000000   Number         0  aeabi_sdivfast_div0.o ABSOLUTE
    ../clib/fenv.c                           0x00000000   Number         0  _rserrno.o ABSOLUTE
    ../clib/heap1.c                          0x00000000   Number         0  h1_alloc.o ABSOLUTE
    ../clib/heap1.c                          0x00000000   Number         0  h1_free.o ABSOLUTE
    ../clib/heap1.c                          0x00000000   Number         0  h1_alloc_threads.o ABSOLUTE
    ../clib/heap1.c                          0x00000000   Number         0  h1_free_threads.o ABSOLUTE
    ../clib/heap1.c                          0x00000000   Number         0  h1_init.o ABSOLUTE
    ../clib/heap1.c                          0x00000000   Number         0  h1_init_threads.o ABSOLUTE
    ../clib/heap1.c                          0x00000000   Number         0  h1_extend.o ABSOLUTE
    ../clib/heap1.c                          0x00000000   Number         0  h1_extend_threads.o ABSOLUTE
    ../clib/heap1.c                          0x00000000   Number         0  h1_final.o ABSOLUTE
    ../clib/heap1.c                          0x00000000   Number         0  h1_final_threads.o ABSOLUTE
    ../clib/heap2.c                          0x00000000   Number         0  heap2.o ABSOLUTE
    ../clib/heap2.c                          0x00000000   Number         0  heap2_threads.o ABSOLUTE
    ../clib/heap2.c                          0x00000000   Number         0  fdtree.o ABSOLUTE
    ../clib/heapalloc.c                      0x00000000   Number         0  malloc.o ABSOLUTE
    ../clib/heapalloc.c                      0x00000000   Number         0  free.o ABSOLUTE
    ../clib/heapalloc.c                      0x00000000   Number         0  hguard.o ABSOLUTE
    ../clib/heapalloc.c                      0x00000000   Number         0  init_alloc.o ABSOLUTE
    ../clib/heapalloc.c                      0x00000000   Number         0  heapstubs.o ABSOLUTE
    ../clib/heapalloc.c                      0x00000000   Number         0  hrguard.o ABSOLUTE
    ../clib/heapalloc.c                      0x00000000   Number         0  term_alloc.o ABSOLUTE
    ../clib/heapaux.c                        0x00000000   Number         0  heapauxi.o ABSOLUTE
    ../clib/heapaux.c                        0x00000000   Number         0  heapauxa.o ABSOLUTE
    ../clib/libinit.s                        0x00000000   Number         0  libinit2.o ABSOLUTE
    ../clib/libinit.s                        0x00000000   Number         0  libinit.o ABSOLUTE
    ../clib/libinit.s                        0x00000000   Number         0  libshutdown2.o ABSOLUTE
    ../clib/libinit.s                        0x00000000   Number         0  libshutdown.o ABSOLUTE
    ../clib/longlong.c                       0x00000000   Number         0  llshl.o ABSOLUTE
    ../clib/longlong.c                       0x00000000   Number         0  llsshr.o ABSOLUTE
    ../clib/longlong.c                       0x00000000   Number         0  llmul.o ABSOLUTE
    ../clib/maybe.s                          0x00000000   Number         0  maybetermalloc1.o ABSOLUTE
    ../clib/maybe.s                          0x00000000   Number         0  maybetermalloc2.o ABSOLUTE
    ../clib/memcpset.c                       0x00000000   Number         0  rt_memcpy.o ABSOLUTE
    ../clib/memcpset.c                       0x00000000   Number         0  rt_memcpy.o ABSOLUTE
    ../clib/memcpset.c                       0x00000000   Number         0  aeabi_memset.o ABSOLUTE
    ../clib/memcpset.c                       0x00000000   Number         0  rt_memclr.o ABSOLUTE
    ../clib/misc.s                           0x00000000   Number         0  printf_stubs.o ABSOLUTE
    ../clib/printf.c                         0x00000000   Number         0  __2printf.o ABSOLUTE
    ../clib/printf.c                         0x00000000   Number         0  noretval__2printf.o ABSOLUTE
    ../clib/printf.c                         0x00000000   Number         0  __printf.o ABSOLUTE
    ../clib/printf.c                         0x00000000   Number         0  _printf_pad.o ABSOLUTE
    ../clib/printf.c                         0x00000000   Number         0  _printf_dec.o ABSOLUTE
    ../clib/printf.c                         0x00000000   Number         0  _printf_hex_ll.o ABSOLUTE
    ../clib/printf.c                         0x00000000   Number         0  _printf_hex_int.o ABSOLUTE
    ../clib/printf.c                         0x00000000   Number         0  _printf_hex_int_ll.o ABSOLUTE
    ../clib/printf.c                         0x00000000   Number         0  _printf_hex_ptr.o ABSOLUTE
    ../clib/printf.c                         0x00000000   Number         0  _printf_hex_int_ptr.o ABSOLUTE
    ../clib/printf.c                         0x00000000   Number         0  _printf_hex_ll_ptr.o ABSOLUTE
    ../clib/printf.c                         0x00000000   Number         0  _printf_hex_int_ll_ptr.o ABSOLUTE
    ../clib/printf.c                         0x00000000   Number         0  __printf_flags.o ABSOLUTE
    ../clib/printf.c                         0x00000000   Number         0  __printf_ss.o ABSOLUTE
    ../clib/printf.c                         0x00000000   Number         0  __printf_flags_ss.o ABSOLUTE
    ../clib/printf.c                         0x00000000   Number         0  __printf_wp.o ABSOLUTE
    ../clib/printf.c                         0x00000000   Number         0  __printf_flags_wp.o ABSOLUTE
    ../clib/printf.c                         0x00000000   Number         0  __printf_ss_wp.o ABSOLUTE
    ../clib/printf.c                         0x00000000   Number         0  __printf_flags_ss_wp.o ABSOLUTE
    ../clib/printf.c                         0x00000000   Number         0  _printf_intcommon.o ABSOLUTE
    ../clib/printf.c                         0x00000000   Number         0  _printf_char_file.o ABSOLUTE
    ../clib/printf.c                         0x00000000   Number         0  _printf_char_common.o ABSOLUTE
    ../clib/printf.c                         0x00000000   Number         0  __printf_nopercent.o ABSOLUTE
    ../clib/printf_percent.s                 0x00000000   Number         0  _printf_x.o ABSOLUTE
    ../clib/printf_percent.s                 0x00000000   Number         0  _printf_d.o ABSOLUTE
    ../clib/printf_percent.s                 0x00000000   Number         0  _printf_percent.o ABSOLUTE
    ../clib/printf_percent.s                 0x00000000   Number         0  _printf_percent_end.o ABSOLUTE
    ../clib/signal.c                         0x00000000   Number         0  defsig_rtmem_outer.o ABSOLUTE
    ../clib/signal.c                         0x00000000   Number         0  defsig_rtmem_formal.o ABSOLUTE
    ../clib/signal.c                         0x00000000   Number         0  defsig_exit.o ABSOLUTE
    ../clib/signal.c                         0x00000000   Number         0  defsig_fpe_outer.o ABSOLUTE
    ../clib/signal.c                         0x00000000   Number         0  defsig_fpe_formal.o ABSOLUTE
    ../clib/signal.c                         0x00000000   Number         0  defsig_rtmem_inner.o ABSOLUTE
    ../clib/signal.c                         0x00000000   Number         0  __raise.o ABSOLUTE
    ../clib/signal.c                         0x00000000   Number         0  defsig_general.o ABSOLUTE
    ../clib/signal.c                         0x00000000   Number         0  defsig_fpe_inner.o ABSOLUTE
    ../clib/signal.c                         0x00000000   Number         0  defsig_abrt_inner.o ABSOLUTE
    ../clib/signal.c                         0x00000000   Number         0  defsig_rtred_inner.o ABSOLUTE
    ../clib/signal.c                         0x00000000   Number         0  defsig_stak_inner.o ABSOLUTE
    ../clib/signal.c                         0x00000000   Number         0  defsig_pvfn_inner.o ABSOLUTE
    ../clib/signal.c                         0x00000000   Number         0  defsig_cppl_inner.o ABSOLUTE
    ../clib/signal.c                         0x00000000   Number         0  defsig_segv_inner.o ABSOLUTE
    ../clib/signal.c                         0x00000000   Number         0  defsig_other.o ABSOLUTE
    ../clib/signal.s                         0x00000000   Number         0  defsig.o ABSOLUTE
    ../clib/stdio.c                          0x00000000   Number         0  puts.o ABSOLUTE
    ../clib/stdlib.c                         0x00000000   Number         0  exit.o ABSOLUTE
    ../fplib/cfplib/cmp.c                    0x00000000   Number         0  dcmp.o ABSOLUTE
    ../fplib/cfplib/cmp.c                    0x00000000   Number         0  fcmp.o ABSOLUTE
    ../fplib/cfplib/cmpret.c                 0x00000000   Number         0  cmpret.o ABSOLUTE
    ../fplib/cfplib/d2f.c                    0x00000000   Number         0  d2f.o ABSOLUTE
    ../fplib/cfplib/d2h.c                    0x00000000   Number         0  d2h.o ABSOLUTE
    ../fplib/cfplib/daddsub.c                0x00000000   Number         0  daddsub.o ABSOLUTE
    ../fplib/cfplib/dcmpin.c                 0x00000000   Number         0  dcmpin.o ABSOLUTE
    ../fplib/cfplib/ddiv.c                   0x00000000   Number         0  ddiv.o ABSOLUTE
    ../fplib/cfplib/dmul.c                   0x00000000   Number         0  dmul.o ABSOLUTE
    ../fplib/cfplib/dsqrt.c                  0x00000000   Number         0  dsqrt.o ABSOLUTE
    ../fplib/cfplib/f2d.c                    0x00000000   Number         0  f2d.o ABSOLUTE
    ../fplib/cfplib/f2h.c                    0x00000000   Number         0  f2h.o ABSOLUTE
    ../fplib/cfplib/fcmpin.c                 0x00000000   Number         0  fcmpin.o ABSOLUTE
    ../fplib/cfplib/fdiv.c                   0x00000000   Number         0  fdiv.o ABSOLUTE
    ../fplib/cfplib/ffix.c                   0x00000000   Number         0  dfixi.o ABSOLUTE
    ../fplib/cfplib/ffix.c                   0x00000000   Number         0  dfixl.o ABSOLUTE
    ../fplib/cfplib/ffix.c                   0x00000000   Number         0  ffixi.o ABSOLUTE
    ../fplib/cfplib/ffix.c                   0x00000000   Number         0  ffixl.o ABSOLUTE
    ../fplib/cfplib/ffix.c                   0x00000000   Number         0  ffixir.o ABSOLUTE
    ../fplib/cfplib/fflt.c                   0x00000000   Number         0  dflti.o ABSOLUTE
    ../fplib/cfplib/fflt.c                   0x00000000   Number         0  fflti.o ABSOLUTE
    ../fplib/cfplib/fpinit.c                 0x00000000   Number         0  fpinit.o ABSOLUTE
    ../fplib/cfplib/frnd.c                   0x00000000   Number         0  frnd.o ABSOLUTE
    ../fplib/cfplib/fsqrt.c                  0x00000000   Number         0  fsqrt.o ABSOLUTE
    ../fplib/cfplib/h2f.c                    0x00000000   Number         0  h2f.o ABSOLUTE
    ../fplib/cfplib/ieee_status.c            0x00000000   Number         0  ieee_status.o ABSOLUTE
    ../fplib/cfplib/nan2.c                   0x00000000   Number         0  dnan2.o ABSOLUTE
    ../fplib/cfplib/nan2.c                   0x00000000   Number         0  fnan2.o ABSOLUTE
    ../fplib/cfplib/retnan.c                 0x00000000   Number         0  retnan.o ABSOLUTE
    ../fplib/cfplib/scalbn.c                 0x00000000   Number         0  dscalbn.o ABSOLUTE
    ../fplib/cfplib/scalbn.c                 0x00000000   Number         0  fscalbn.o ABSOLUTE
    ../fplib/deqf6m.s                        0x00000000   Number         0  deqf.o ABSOLUTE
    ../fplib/dgeqf6m.s                       0x00000000   Number         0  dgef.o ABSOLUTE
    ../fplib/dleqf6m.s                       0x00000000   Number         0  dlef.o ABSOLUTE
    ../fplib/drleqf6m.s                      0x00000000   Number         0  drlef.o ABSOLUTE
    ../fplib/faddsub6m.s                     0x00000000   Number         0  faddsub.o ABSOLUTE
    ../fplib/feqf6m.s                        0x00000000   Number         0  feqf.o ABSOLUTE
    ../fplib/fgeqf6m.s                       0x00000000   Number         0  fgef.o ABSOLUTE
    ../fplib/fleqf6m.s                       0x00000000   Number         0  flef.o ABSOLUTE
    ../fplib/fmul6m.s                        0x00000000   Number         0  fmul.o ABSOLUTE
    ../fplib/usenofp.s                       0x00000000   Number         0  usenofp.o ABSOLUTE
    ../mathlib/dunder.c                      0x00000000   Number         0  dunder.o ABSOLUTE
    ../mathlib/exp.c                         0x00000000   Number         0  exp.o ABSOLUTE
    ../mathlib/expf.c                        0x00000000   Number         0  expf.o ABSOLUTE
    ../mathlib/floorf.c                      0x00000000   Number         0  floorf.o ABSOLUTE
    ../mathlib/fpclassify.c                  0x00000000   Number         0  fpclassify.o ABSOLUTE
    ../mathlib/fpclassifyf.c                 0x00000000   Number         0  fpclassifyf.o ABSOLUTE
    ../mathlib/funder.c                      0x00000000   Number         0  funder.o ABSOLUTE
    ../mathlib/log.c                         0x00000000   Number         0  log.o ABSOLUTE
    ../mathlib/logf.c                        0x00000000   Number         0  logf.o ABSOLUTE
    ../mathlib/poly.c                        0x00000000   Number         0  poly.o ABSOLUTE
    ../mathlib/powf.c                        0x00000000   Number         0  powf.o ABSOLUTE
    ../mathlib/qnan.c                        0x00000000   Number         0  qnan.o ABSOLUTE
    ../mathlib/sqrt.c                        0x00000000   Number         0  sqrt.o ABSOLUTE
    ../mathlib/sqrtf.c                       0x00000000   Number         0  sqrtf.o ABSOLUTE
    ../mathlib/tanhf.c                       0x00000000   Number         0  tanhf.o ABSOLUTE
    BasicMathFunctions.c                     0x00000000   Number         0  basicmathfunctions.o ABSOLUTE
    BasicMathFunctionsF16.c                  0x00000000   Number         0  basicmathfunctionsf16.o ABSOLUTE
    BayesFunctions.c                         0x00000000   Number         0  bayesfunctions.o ABSOLUTE
    BayesFunctionsF16.c                      0x00000000   Number         0  bayesfunctionsf16.o ABSOLUTE
    CommonTables.c                           0x00000000   Number         0  commontables.o ABSOLUTE
    CommonTablesF16.c                        0x00000000   Number         0  commontablesf16.o ABSOLUTE
    ComplexMathFunctions.c                   0x00000000   Number         0  complexmathfunctions.o ABSOLUTE
    ComplexMathFunctionsF16.c                0x00000000   Number         0  complexmathfunctionsf16.o ABSOLUTE
    ControllerFunctions.c                    0x00000000   Number         0  controllerfunctions.o ABSOLUTE
    DistanceFunctions.c                      0x00000000   Number         0  distancefunctions.o ABSOLUTE
    DistanceFunctionsF16.c                   0x00000000   Number         0  distancefunctionsf16.o ABSOLUTE
    FastMathFunctions.c                      0x00000000   Number         0  fastmathfunctions.o ABSOLUTE
    FastMathFunctionsF16.c                   0x00000000   Number         0  fastmathfunctionsf16.o ABSOLUTE
    FilteringFunctions.c                     0x00000000   Number         0  filteringfunctions.o ABSOLUTE
    FilteringFunctionsF16.c                  0x00000000   Number         0  filteringfunctionsf16.o ABSOLUTE
    InterpolationFunctions.c                 0x00000000   Number         0  interpolationfunctions.o ABSOLUTE
    InterpolationFunctionsF16.c              0x00000000   Number         0  interpolationfunctionsf16.o ABSOLUTE
    MatrixFunctions.c                        0x00000000   Number         0  matrixfunctions.o ABSOLUTE
    MatrixFunctionsF16.c                     0x00000000   Number         0  matrixfunctionsf16.o ABSOLUTE
    QuaternionMathFunctions.c                0x00000000   Number         0  quaternionmathfunctions.o ABSOLUTE
    SVMFunctions.c                           0x00000000   Number         0  svmfunctions.o ABSOLUTE
    SVMFunctionsF16.c                        0x00000000   Number         0  svmfunctionsf16.o ABSOLUTE
    StatisticsFunctions.c                    0x00000000   Number         0  statisticsfunctions.o ABSOLUTE
    StatisticsFunctionsF16.c                 0x00000000   Number         0  statisticsfunctionsf16.o ABSOLUTE
    SupportFunctions.c                       0x00000000   Number         0  supportfunctions.o ABSOLUTE
    SupportFunctionsF16.c                    0x00000000   Number         0  supportfunctionsf16.o ABSOLUTE
    TransformFunctions.c                     0x00000000   Number         0  transformfunctions.o ABSOLUTE
    TransformFunctionsF16.c                  0x00000000   Number         0  transformfunctionsf16.o ABSOLUTE
    dc.s                                     0x00000000   Number         0  dc.o ABSOLUTE
    gpio.c                                   0x00000000   Number         0  gpio.o ABSOLUTE
    magnetic_sensor.c                        0x00000000   Number         0  magnetic_sensor.o ABSOLUTE
    main.c                                   0x00000000   Number         0  main.o ABSOLUTE
    retarget.c                               0x00000000   Number         0  retarget.o ABSOLUTE
    spi.c                                    0x00000000   Number         0  spi.o ABSOLUTE
    startup_stm32g030xx.s                    0x00000000   Number         0  startup_stm32g030xx.o ABSOLUTE
    stm32g0xx_hal.c                          0x00000000   Number         0  stm32g0xx_hal.o ABSOLUTE
    stm32g0xx_hal_cortex.c                   0x00000000   Number         0  stm32g0xx_hal_cortex.o ABSOLUTE
    stm32g0xx_hal_dma.c                      0x00000000   Number         0  stm32g0xx_hal_dma.o ABSOLUTE
    stm32g0xx_hal_dma_ex.c                   0x00000000   Number         0  stm32g0xx_hal_dma_ex.o ABSOLUTE
    stm32g0xx_hal_exti.c                     0x00000000   Number         0  stm32g0xx_hal_exti.o ABSOLUTE
    stm32g0xx_hal_flash.c                    0x00000000   Number         0  stm32g0xx_hal_flash.o ABSOLUTE
    stm32g0xx_hal_flash_ex.c                 0x00000000   Number         0  stm32g0xx_hal_flash_ex.o ABSOLUTE
    stm32g0xx_hal_gpio.c                     0x00000000   Number         0  stm32g0xx_hal_gpio.o ABSOLUTE
    stm32g0xx_hal_msp.c                      0x00000000   Number         0  stm32g0xx_hal_msp.o ABSOLUTE
    stm32g0xx_hal_pwr.c                      0x00000000   Number         0  stm32g0xx_hal_pwr.o ABSOLUTE
    stm32g0xx_hal_pwr_ex.c                   0x00000000   Number         0  stm32g0xx_hal_pwr_ex.o ABSOLUTE
    stm32g0xx_hal_rcc.c                      0x00000000   Number         0  stm32g0xx_hal_rcc.o ABSOLUTE
    stm32g0xx_hal_rcc_ex.c                   0x00000000   Number         0  stm32g0xx_hal_rcc_ex.o ABSOLUTE
    stm32g0xx_hal_tim.c                      0x00000000   Number         0  stm32g0xx_hal_tim.o ABSOLUTE
    stm32g0xx_hal_tim_ex.c                   0x00000000   Number         0  stm32g0xx_hal_tim_ex.o ABSOLUTE
    stm32g0xx_hal_uart.c                     0x00000000   Number         0  stm32g0xx_hal_uart.o ABSOLUTE
    stm32g0xx_hal_uart_ex.c                  0x00000000   Number         0  stm32g0xx_hal_uart_ex.o ABSOLUTE
    stm32g0xx_it.c                           0x00000000   Number         0  stm32g0xx_it.o ABSOLUTE
    stm32g0xx_ll_dma.c                       0x00000000   Number         0  stm32g0xx_ll_dma.o ABSOLUTE
    stm32g0xx_ll_exti.c                      0x00000000   Number         0  stm32g0xx_ll_exti.o ABSOLUTE
    stm32g0xx_ll_gpio.c                      0x00000000   Number         0  stm32g0xx_ll_gpio.o ABSOLUTE
    stm32g0xx_ll_rcc.c                       0x00000000   Number         0  stm32g0xx_ll_rcc.o ABSOLUTE
    stm32g0xx_ll_spi.c                       0x00000000   Number         0  stm32g0xx_ll_spi.o ABSOLUTE
    stm32g0xx_ll_tim.c                       0x00000000   Number         0  stm32g0xx_ll_tim.o ABSOLUTE
    stm32g0xx_ll_utils.c                     0x00000000   Number         0  stm32g0xx_ll_utils.o ABSOLUTE
    system_stm32g0xx.c                       0x00000000   Number         0  system_stm32g0xx.o ABSOLUTE
    tim.c                                    0x00000000   Number         0  tim.o ABSOLUTE
    usart.c                                  0x00000000   Number         0  usart.o ABSOLUTE
    RESET                                    0x08000000   Section      192  startup_stm32g030xx.o(RESET)
    !!!main                                  0x080000c0   Section        8  __main.o(!!!main)
    !!!scatter                               0x080000c8   Section       60  __scatter.o(!!!scatter)
    !!handler_copy                           0x08000104   Section       26  __scatter_copy.o(!!handler_copy)
    !!handler_zi                             0x08000120   Section       28  __scatter_zi.o(!!handler_zi)
    .ARM.Collect$$_printf_percent$$00000000  0x0800013c   Section        2  _printf_percent.o(.ARM.Collect$$_printf_percent$$00000000)
    .ARM.Collect$$_printf_percent$$00000009  0x0800013e   Section       10  _printf_d.o(.ARM.Collect$$_printf_percent$$00000009)
    .ARM.Collect$$_printf_percent$$0000000C  0x08000148   Section       10  _printf_x.o(.ARM.Collect$$_printf_percent$$0000000C)
    .ARM.Collect$$_printf_percent$$00000017  0x08000152   Section        4  _printf_percent_end.o(.ARM.Collect$$_printf_percent$$00000017)
    .ARM.Collect$$libinit$$00000000          0x08000156   Section        2  libinit.o(.ARM.Collect$$libinit$$00000000)
    .ARM.Collect$$libinit$$00000002          0x08000158   Section        0  libinit2.o(.ARM.Collect$$libinit$$00000002)
    .ARM.Collect$$libinit$$00000004          0x08000158   Section        0  libinit2.o(.ARM.Collect$$libinit$$00000004)
    .ARM.Collect$$libinit$$00000006          0x08000158   Section        0  libinit2.o(.ARM.Collect$$libinit$$00000006)
    .ARM.Collect$$libinit$$00000007          0x08000158   Section        8  libinit2.o(.ARM.Collect$$libinit$$00000007)
    .ARM.Collect$$libinit$$0000000C          0x08000160   Section        0  libinit2.o(.ARM.Collect$$libinit$$0000000C)
    .ARM.Collect$$libinit$$0000000E          0x08000160   Section        0  libinit2.o(.ARM.Collect$$libinit$$0000000E)
    .ARM.Collect$$libinit$$00000010          0x08000160   Section        0  libinit2.o(.ARM.Collect$$libinit$$00000010)
    .ARM.Collect$$libinit$$00000013          0x08000160   Section        0  libinit2.o(.ARM.Collect$$libinit$$00000013)
    .ARM.Collect$$libinit$$00000015          0x08000160   Section        0  libinit2.o(.ARM.Collect$$libinit$$00000015)
    .ARM.Collect$$libinit$$00000017          0x08000160   Section        0  libinit2.o(.ARM.Collect$$libinit$$00000017)
    .ARM.Collect$$libinit$$00000019          0x08000160   Section        0  libinit2.o(.ARM.Collect$$libinit$$00000019)
    .ARM.Collect$$libinit$$0000001B          0x08000160   Section        0  libinit2.o(.ARM.Collect$$libinit$$0000001B)
    .ARM.Collect$$libinit$$0000001D          0x08000160   Section        0  libinit2.o(.ARM.Collect$$libinit$$0000001D)
    .ARM.Collect$$libinit$$0000001F          0x08000160   Section        0  libinit2.o(.ARM.Collect$$libinit$$0000001F)
    .ARM.Collect$$libinit$$00000021          0x08000160   Section        0  libinit2.o(.ARM.Collect$$libinit$$00000021)
    .ARM.Collect$$libinit$$00000023          0x08000160   Section        0  libinit2.o(.ARM.Collect$$libinit$$00000023)
    .ARM.Collect$$libinit$$00000025          0x08000160   Section        0  libinit2.o(.ARM.Collect$$libinit$$00000025)
    .ARM.Collect$$libinit$$00000027          0x08000160   Section        0  libinit2.o(.ARM.Collect$$libinit$$00000027)
    .ARM.Collect$$libinit$$0000002E          0x08000160   Section        0  libinit2.o(.ARM.Collect$$libinit$$0000002E)
    .ARM.Collect$$libinit$$00000030          0x08000160   Section        0  libinit2.o(.ARM.Collect$$libinit$$00000030)
    .ARM.Collect$$libinit$$00000032          0x08000160   Section        0  libinit2.o(.ARM.Collect$$libinit$$00000032)
    .ARM.Collect$$libinit$$00000034          0x08000160   Section        0  libinit2.o(.ARM.Collect$$libinit$$00000034)
    .ARM.Collect$$libinit$$00000035          0x08000160   Section        2  libinit2.o(.ARM.Collect$$libinit$$00000035)
    .ARM.Collect$$libshutdown$$00000000      0x08000162   Section        2  libshutdown.o(.ARM.Collect$$libshutdown$$00000000)
    .ARM.Collect$$libshutdown$$00000002      0x08000164   Section        0  libshutdown2.o(.ARM.Collect$$libshutdown$$00000002)
    .ARM.Collect$$libshutdown$$00000004      0x08000164   Section        0  libshutdown2.o(.ARM.Collect$$libshutdown$$00000004)
    .ARM.Collect$$libshutdown$$00000007      0x08000164   Section        0  libshutdown2.o(.ARM.Collect$$libshutdown$$00000007)
    .ARM.Collect$$libshutdown$$0000000A      0x08000164   Section        0  libshutdown2.o(.ARM.Collect$$libshutdown$$0000000A)
    .ARM.Collect$$libshutdown$$0000000C      0x08000164   Section        0  libshutdown2.o(.ARM.Collect$$libshutdown$$0000000C)
    .ARM.Collect$$libshutdown$$0000000F      0x08000164   Section        0  libshutdown2.o(.ARM.Collect$$libshutdown$$0000000F)
    .ARM.Collect$$libshutdown$$00000010      0x08000164   Section        2  libshutdown2.o(.ARM.Collect$$libshutdown$$00000010)
    .ARM.Collect$$rtentry$$00000000          0x08000166   Section        0  __rtentry.o(.ARM.Collect$$rtentry$$00000000)
    .ARM.Collect$$rtentry$$00000002          0x08000166   Section        0  __rtentry2.o(.ARM.Collect$$rtentry$$00000002)
    .ARM.Collect$$rtentry$$00000004          0x08000166   Section        6  __rtentry4.o(.ARM.Collect$$rtentry$$00000004)
    .ARM.Collect$$rtentry$$00000009          0x0800016c   Section        0  __rtentry2.o(.ARM.Collect$$rtentry$$00000009)
    .ARM.Collect$$rtentry$$0000000A          0x0800016c   Section        4  __rtentry2.o(.ARM.Collect$$rtentry$$0000000A)
    .ARM.Collect$$rtentry$$0000000C          0x08000170   Section        0  __rtentry2.o(.ARM.Collect$$rtentry$$0000000C)
    .ARM.Collect$$rtentry$$0000000D          0x08000170   Section        8  __rtentry2.o(.ARM.Collect$$rtentry$$0000000D)
    .ARM.Collect$$rtexit$$00000000           0x08000178   Section        2  rtexit.o(.ARM.Collect$$rtexit$$00000000)
    .ARM.Collect$$rtexit$$00000002           0x0800017a   Section        0  rtexit2.o(.ARM.Collect$$rtexit$$00000002)
    .ARM.Collect$$rtexit$$00000003           0x0800017a   Section        4  rtexit2.o(.ARM.Collect$$rtexit$$00000003)
    .ARM.Collect$$rtexit$$00000004           0x0800017e   Section        6  rtexit2.o(.ARM.Collect$$rtexit$$00000004)
    .text                                    0x08000184   Section       56  startup_stm32g030xx.o(.text)
    .text                                    0x080001bc   Section        2  use_no_semi_2.o(.text)
    .text                                    0x080001be   Section        0  h1_alloc.o(.text)
    .text                                    0x08000220   Section        0  h1_free.o(.text)
    .text                                    0x0800026c   Section        0  noretval__2printf.o(.text)
    .text                                    0x08000288   Section        0  _printf_pad.o(.text)
    .text                                    0x080002d8   Section        0  _printf_dec.o(.text)
    .text                                    0x08000344   Section        0  _printf_hex_int.o(.text)
    .text                                    0x0800039c   Section        0  __printf_wp.o(.text)
    .text                                    0x080004ac   Section        0  puts.o(.text)
    .text                                    0x080004d8   Section        0  heapauxi.o(.text)
    .text                                    0x080004de   Section        2  use_no_semi.o(.text)
    .text                                    0x080004e0   Section        8  rt_heap_descriptor_intlibspace.o(.text)
    .text                                    0x080004e8   Section        0  hguard.o(.text)
    .text                                    0x080004ec   Section        0  init_alloc.o(.text)
    .text                                    0x08000574   Section        0  h1_init.o(.text)
    .text                                    0x08000582   Section        0  _printf_intcommon.o(.text)
    .text                                    0x08000634   Section        0  _printf_char_file.o(.text)
    .text                                    0x0800065c   Section        0  rtudiv10.o(.text)
    .text                                    0x08000684   Section        8  libspace.o(.text)
    .text                                    0x0800068c   Section        0  maybetermalloc1.o(.text)
    .text                                    0x0800068c   Section        0  h1_extend.o(.text)
    _printf_input_char                       0x080006c1   Thumb Code    10  _printf_char_common.o(.text)
    .text                                    0x080006c0   Section        0  _printf_char_common.o(.text)
    .text                                    0x080006f0   Section        0  defsig_rtmem_outer.o(.text)
    .text                                    0x080006fc   Section       62  sys_stackheap_outer.o(.text)
    .text                                    0x0800073a   Section        0  exit.o(.text)
    .text                                    0x0800074a   Section        0  defsig_exit.o(.text)
    .text                                    0x08000758   Section        0  defsig_rtmem_inner.o(.text)
    .text                                    0x080007a8   Section        0  defsig_general.o(.text)
    [Anonymous Symbol]                       0x080007dc   Section        0  main.o(.text.Error_Handler)
    [Anonymous Symbol]                       0x080007e4   Section        0  stm32g0xx_hal.o(.text.HAL_Delay)
    [Anonymous Symbol]                       0x08000804   Section        0  stm32g0xx_hal_gpio.o(.text.HAL_GPIO_Init)
    __arm_cp.0_0                             0x08000994   Number         4  stm32g0xx_hal_gpio.o(.text.HAL_GPIO_Init)
    __arm_cp.0_1                             0x08000998   Number         4  stm32g0xx_hal_gpio.o(.text.HAL_GPIO_Init)
    __arm_cp.0_2                             0x0800099c   Number         4  stm32g0xx_hal_gpio.o(.text.HAL_GPIO_Init)
    __arm_cp.0_3                             0x080009a0   Number         4  stm32g0xx_hal_gpio.o(.text.HAL_GPIO_Init)
    __arm_cp.0_4                             0x080009a4   Number         4  stm32g0xx_hal_gpio.o(.text.HAL_GPIO_Init)
    [Anonymous Symbol]                       0x080009a8   Section        0  stm32g0xx_hal.o(.text.HAL_GetTick)
    [Anonymous Symbol]                       0x080009b0   Section        0  stm32g0xx_hal.o(.text.HAL_IncTick)
    __arm_cp.5_1                             0x080009c0   Number         4  stm32g0xx_hal.o(.text.HAL_IncTick)
    [Anonymous Symbol]                       0x080009c4   Section        0  stm32g0xx_hal.o(.text.HAL_Init)
    __arm_cp.0_0                             0x080009ec   Number         4  stm32g0xx_hal.o(.text.HAL_Init)
    [Anonymous Symbol]                       0x080009f0   Section        0  stm32g0xx_hal.o(.text.HAL_InitTick)
    __arm_cp.1_0                             0x08000a30   Number         4  stm32g0xx_hal.o(.text.HAL_InitTick)
    [Anonymous Symbol]                       0x08000a34   Section        0  stm32g0xx_hal_msp.o(.text.HAL_MspInit)
    __arm_cp.0_0                             0x08000a5c   Number         4  stm32g0xx_hal_msp.o(.text.HAL_MspInit)
    [Anonymous Symbol]                       0x08000a60   Section        0  stm32g0xx_hal_cortex.o(.text.HAL_NVIC_SetPriority)
    __arm_cp.0_0                             0x08000a90   Number         4  stm32g0xx_hal_cortex.o(.text.HAL_NVIC_SetPriority)
    __arm_cp.0_1                             0x08000a94   Number         4  stm32g0xx_hal_cortex.o(.text.HAL_NVIC_SetPriority)
    [Anonymous Symbol]                       0x08000a98   Section        0  stm32g0xx_hal_pwr_ex.o(.text.HAL_PWREx_ControlVoltageScaling)
    __arm_cp.13_0                            0x08000b0c   Number         4  stm32g0xx_hal_pwr_ex.o(.text.HAL_PWREx_ControlVoltageScaling)
    __arm_cp.13_1                            0x08000b10   Number         4  stm32g0xx_hal_pwr_ex.o(.text.HAL_PWREx_ControlVoltageScaling)
    __arm_cp.13_2                            0x08000b14   Number         4  stm32g0xx_hal_pwr_ex.o(.text.HAL_PWREx_ControlVoltageScaling)
    [Anonymous Symbol]                       0x08000b18   Section        0  stm32g0xx_hal_rcc_ex.o(.text.HAL_RCCEx_PeriphCLKConfig)
    __arm_cp.0_0                             0x08000c84   Number         4  stm32g0xx_hal_rcc_ex.o(.text.HAL_RCCEx_PeriphCLKConfig)
    __arm_cp.0_1                             0x08000c88   Number         4  stm32g0xx_hal_rcc_ex.o(.text.HAL_RCCEx_PeriphCLKConfig)
    __arm_cp.0_2                             0x08000c8c   Number         4  stm32g0xx_hal_rcc_ex.o(.text.HAL_RCCEx_PeriphCLKConfig)
    __arm_cp.0_4                             0x08000c90   Number         4  stm32g0xx_hal_rcc_ex.o(.text.HAL_RCCEx_PeriphCLKConfig)
    [Anonymous Symbol]                       0x08000c94   Section        0  stm32g0xx_hal_rcc.o(.text.HAL_RCC_ClockConfig)
    __arm_cp.2_0                             0x08000e7c   Number         4  stm32g0xx_hal_rcc.o(.text.HAL_RCC_ClockConfig)
    __arm_cp.2_1                             0x08000e80   Number         4  stm32g0xx_hal_rcc.o(.text.HAL_RCC_ClockConfig)
    __arm_cp.2_5                             0x08000e84   Number         4  stm32g0xx_hal_rcc.o(.text.HAL_RCC_ClockConfig)
    __arm_cp.2_6                             0x08000e88   Number         4  stm32g0xx_hal_rcc.o(.text.HAL_RCC_ClockConfig)
    __arm_cp.2_7                             0x08000e8c   Number         4  stm32g0xx_hal_rcc.o(.text.HAL_RCC_ClockConfig)
    [Anonymous Symbol]                       0x08000e90   Section        0  stm32g0xx_hal_rcc.o(.text.HAL_RCC_GetPCLK1Freq)
    __arm_cp.6_0                             0x08000eac   Number         4  stm32g0xx_hal_rcc.o(.text.HAL_RCC_GetPCLK1Freq)
    __arm_cp.6_2                             0x08000eb0   Number         4  stm32g0xx_hal_rcc.o(.text.HAL_RCC_GetPCLK1Freq)
    [Anonymous Symbol]                       0x08000eb4   Section        0  stm32g0xx_hal_rcc.o(.text.HAL_RCC_GetSysClockFreq)
    __arm_cp.3_0                             0x08000f30   Number         4  stm32g0xx_hal_rcc.o(.text.HAL_RCC_GetSysClockFreq)
    __arm_cp.3_1                             0x08000f34   Number         4  stm32g0xx_hal_rcc.o(.text.HAL_RCC_GetSysClockFreq)
    __arm_cp.3_2                             0x08000f38   Number         4  stm32g0xx_hal_rcc.o(.text.HAL_RCC_GetSysClockFreq)
    [Anonymous Symbol]                       0x08000f3c   Section        0  stm32g0xx_hal_rcc.o(.text.HAL_RCC_OscConfig)
    __arm_cp.1_0                             0x08001338   Number         4  stm32g0xx_hal_rcc.o(.text.HAL_RCC_OscConfig)
    __arm_cp.1_1                             0x0800133c   Number         4  stm32g0xx_hal_rcc.o(.text.HAL_RCC_OscConfig)
    __arm_cp.1_2                             0x08001340   Number         4  stm32g0xx_hal_rcc.o(.text.HAL_RCC_OscConfig)
    __arm_cp.1_3                             0x08001344   Number         4  stm32g0xx_hal_rcc.o(.text.HAL_RCC_OscConfig)
    __arm_cp.1_4                             0x08001348   Number         4  stm32g0xx_hal_rcc.o(.text.HAL_RCC_OscConfig)
    __arm_cp.1_5                             0x0800134c   Number         4  stm32g0xx_hal_rcc.o(.text.HAL_RCC_OscConfig)
    __arm_cp.1_6                             0x08001350   Number         4  stm32g0xx_hal_rcc.o(.text.HAL_RCC_OscConfig)
    __arm_cp.1_7                             0x08001354   Number         4  stm32g0xx_hal_rcc.o(.text.HAL_RCC_OscConfig)
    [Anonymous Symbol]                       0x08001358   Section        0  stm32g0xx_hal_cortex.o(.text.HAL_SYSTICK_Config)
    __arm_cp.4_0                             0x08001380   Number         4  stm32g0xx_hal_cortex.o(.text.HAL_SYSTICK_Config)
    __arm_cp.4_1                             0x08001384   Number         4  stm32g0xx_hal_cortex.o(.text.HAL_SYSTICK_Config)
    __arm_cp.4_2                             0x08001388   Number         4  stm32g0xx_hal_cortex.o(.text.HAL_SYSTICK_Config)
    [Anonymous Symbol]                       0x0800138c   Section        0  stm32g0xx_hal_uart_ex.o(.text.HAL_UARTEx_DisableFifoMode)
    [Anonymous Symbol]                       0x080013c4   Section        0  stm32g0xx_hal_uart_ex.o(.text.HAL_UARTEx_SetRxFifoThreshold)
    [Anonymous Symbol]                       0x0800143c   Section        0  stm32g0xx_hal_uart_ex.o(.text.HAL_UARTEx_SetTxFifoThreshold)
    __arm_cp.10_0                            0x080014b4   Number         4  stm32g0xx_hal_uart_ex.o(.text.HAL_UARTEx_SetTxFifoThreshold)
    __arm_cp.10_1                            0x080014b8   Number         4  stm32g0xx_hal_uart_ex.o(.text.HAL_UARTEx_SetTxFifoThreshold)
    [Anonymous Symbol]                       0x080014bc   Section        0  stm32g0xx_hal_uart.o(.text.HAL_UART_Init)
    __arm_cp.0_0                             0x08001588   Number         4  stm32g0xx_hal_uart.o(.text.HAL_UART_Init)
    [Anonymous Symbol]                       0x0800158c   Section        0  usart.o(.text.HAL_UART_MspInit)
    __arm_cp.1_0                             0x080015f4   Number         4  usart.o(.text.HAL_UART_MspInit)
    __arm_cp.1_2                             0x080015f8   Number         4  usart.o(.text.HAL_UART_MspInit)
    [Anonymous Symbol]                       0x080015fc   Section        0  stm32g0xx_hal_uart.o(.text.HAL_UART_Transmit)
    __arm_cp.10_0                            0x080016d8   Number         4  stm32g0xx_hal_uart.o(.text.HAL_UART_Transmit)
    [Anonymous Symbol]                       0x080016dc   Section        0  stm32g0xx_it.o(.text.HardFault_Handler)
    [Anonymous Symbol]                       0x080016de   Section        0  stm32g0xx_ll_gpio.o(.text.LL_GPIO_Init)
    [Anonymous Symbol]                       0x080017a4   Section        0  stm32g0xx_ll_spi.o(.text.LL_SPI_Init)
    __arm_cp.1_0                             0x08001810   Number         4  stm32g0xx_ll_spi.o(.text.LL_SPI_Init)
    __arm_cp.1_1                             0x08001814   Number         4  stm32g0xx_ll_spi.o(.text.LL_SPI_Init)
    [Anonymous Symbol]                       0x08001818   Section        0  stm32g0xx_ll_tim.o(.text.LL_TIM_Init)
    __arm_cp.2_0                             0x08001894   Number         4  stm32g0xx_ll_tim.o(.text.LL_TIM_Init)
    __arm_cp.2_1                             0x08001898   Number         4  stm32g0xx_ll_tim.o(.text.LL_TIM_Init)
    __arm_cp.2_2                             0x0800189c   Number         4  stm32g0xx_ll_tim.o(.text.LL_TIM_Init)
    __arm_cp.2_4                             0x080018a0   Number         4  stm32g0xx_ll_tim.o(.text.LL_TIM_Init)
    __arm_cp.2_5                             0x080018a4   Number         4  stm32g0xx_ll_tim.o(.text.LL_TIM_Init)
    [Anonymous Symbol]                       0x080018a8   Section        0  gpio.o(.text.MX_GPIO_Init)
    [Anonymous Symbol]                       0x080018ec   Section        0  spi.o(.text.MX_SPI1_Init)
    __arm_cp.0_0                             0x080019a4   Number         4  spi.o(.text.MX_SPI1_Init)
    __arm_cp.0_1                             0x080019a8   Number         4  spi.o(.text.MX_SPI1_Init)
    [Anonymous Symbol]                       0x080019ac   Section        0  tim.o(.text.MX_TIM17_Init)
    __arm_cp.0_0                             0x080019ec   Number         4  tim.o(.text.MX_TIM17_Init)
    __arm_cp.0_1                             0x080019f0   Number         4  tim.o(.text.MX_TIM17_Init)
    __arm_cp.0_2                             0x080019f4   Number         4  tim.o(.text.MX_TIM17_Init)
    [Anonymous Symbol]                       0x080019f8   Section        0  usart.o(.text.MX_USART1_UART_Init)
    __arm_cp.0_0                             0x08001a58   Number         4  usart.o(.text.MX_USART1_UART_Init)
    [Anonymous Symbol]                       0x08001a5c   Section        0  magnetic_sensor.o(.text.Magnetic_Sensor_get)
    __arm_cp.3_0                             0x08001a8c   Number         4  magnetic_sensor.o(.text.Magnetic_Sensor_get)
    [Anonymous Symbol]                       0x08001a98   Section        0  magnetic_sensor.o(.text.Magnetic_Sensor_init)
    [Anonymous Symbol]                       0x08001a9c   Section        0  magnetic_sensor.o(.text.Magnetic_Sensor_start)
    __arm_cp.2_0                             0x08001b48   Number         4  magnetic_sensor.o(.text.Magnetic_Sensor_start)
    [Anonymous Symbol]                       0x08001b4c   Section        0  stm32g0xx_it.o(.text.NMI_Handler)
    [Anonymous Symbol]                       0x08001b4e   Section        0  stm32g0xx_it.o(.text.PendSV_Handler)
    [Anonymous Symbol]                       0x08001b50   Section        0  spi.o(.text.SPIx_ReadData16)
    [Anonymous Symbol]                       0x08001baa   Section        0  stm32g0xx_it.o(.text.SVC_Handler)
    [Anonymous Symbol]                       0x08001bac   Section        0  stm32g0xx_it.o(.text.SysTick_Handler)
    [Anonymous Symbol]                       0x08001bb4   Section        0  system_stm32g0xx.o(.text.SystemInit)
    [Anonymous Symbol]                       0x08001bb6   Section        0  stm32g0xx_hal_uart.o(.text.UART_AdvFeatureConfig)
    [Anonymous Symbol]                       0x08001c88   Section        0  stm32g0xx_hal_uart.o(.text.UART_SetConfig)
    __arm_cp.2_0                             0x08001dc0   Number         4  stm32g0xx_hal_uart.o(.text.UART_SetConfig)
    __arm_cp.2_1                             0x08001dc4   Number         4  stm32g0xx_hal_uart.o(.text.UART_SetConfig)
    __arm_cp.2_2                             0x08001dc8   Number         4  stm32g0xx_hal_uart.o(.text.UART_SetConfig)
    __arm_cp.2_3                             0x08001dcc   Number         4  stm32g0xx_hal_uart.o(.text.UART_SetConfig)
    __arm_cp.2_4                             0x08001dd0   Number         4  stm32g0xx_hal_uart.o(.text.UART_SetConfig)
    __arm_cp.2_6                             0x08001de4   Number         4  stm32g0xx_hal_uart.o(.text.UART_SetConfig)
    __arm_cp.2_7                             0x08001de8   Number         4  stm32g0xx_hal_uart.o(.text.UART_SetConfig)
    __arm_cp.2_8                             0x08001dec   Number         4  stm32g0xx_hal_uart.o(.text.UART_SetConfig)
    __arm_cp.2_9                             0x08001df0   Number         4  stm32g0xx_hal_uart.o(.text.UART_SetConfig)
    [Anonymous Symbol]                       0x08001df4   Section        0  stm32g0xx_hal_uart.o(.text.UART_WaitOnFlagUntilTimeout)
    [Anonymous Symbol]                       0x08001f2c   Section        0  retarget.o(.text._sys_exit)
    [Anonymous Symbol]                       0x08001f2e   Section        0  retarget.o(.text._ttywrch)
    [Anonymous Symbol]                       0x08001f36   Section        0  retarget.o(.text.ferror)
    [Anonymous Symbol]                       0x08001f3c   Section        0  retarget.o(.text.fputc)
    [Anonymous Symbol]                       0x08001f44   Section        0  main.o(.text.main)
    __arm_cp.0_0                             0x08001ff4   Number         4  main.o(.text.main)
    __arm_cp.0_1                             0x08001ff8   Number         4  main.o(.text.main)
    [Anonymous Symbol]                       0x08002008   Section        0  magnetic_sensor.o(.text.new_Magnetic_Sensor)
    __arm_cp.0_1                             0x08002080   Number         4  magnetic_sensor.o(.text.new_Magnetic_Sensor)
    __arm_cp.0_2                             0x08002084   Number         4  magnetic_sensor.o(.text.new_Magnetic_Sensor)
    __arm_cp.0_3                             0x08002088   Number         4  magnetic_sensor.o(.text.new_Magnetic_Sensor)
    [Anonymous Symbol]                       0x080020c0   Section        0  usart.o(.text.sendchar)
    __arm_cp.3_0                             0x080020d8   Number         4  usart.o(.text.sendchar)
    .text_divfast                            0x080020dc   Section      502  aeabi_sdivfast.o(.text_divfast)
    i._is_digit                              0x080022d2   Section        0  __printf_wp.o(i._is_digit)
    uc_hextab                                0x080022e0   Data          20  _printf_hex_int.o(.constdata)
    .constdata                               0x080022e0   Section       40  _printf_hex_int.o(.constdata)
    lc_hextab                                0x080022f4   Data          20  _printf_hex_int.o(.constdata)
    UARTEx_SetNbDataToProcess.numerator      0x08002380   Data           8  stm32g0xx_hal_uart_ex.o(.rodata.cst8)
    [Anonymous Symbol]                       0x08002380   Section        0  stm32g0xx_hal_uart_ex.o(.rodata.cst8)
    UARTEx_SetNbDataToProcess.denominator    0x08002388   Data           8  stm32g0xx_hal_uart_ex.o(.rodata.cst8)
    [Anonymous Symbol]                       0x20000000   Section        0  stm32g0xx_hal.o(.data..L_MergedGlobals)
    .bss                                     0x20000010   Section       96  libspace.o(.bss)
    Heap_Mem                                 0x20000160   Data         512  startup_stm32g030xx.o(HEAP)
    HEAP                                     0x20000160   Section      512  startup_stm32g030xx.o(HEAP)
    Stack_Mem                                0x20000360   Data        1024  startup_stm32g030xx.o(STACK)
    STACK                                    0x20000360   Section     1024  startup_stm32g030xx.o(STACK)
    __initial_sp                             0x20000760   Data           0  startup_stm32g030xx.o(STACK)

    Global Symbols

    Symbol Name                              Value     Ov Type        Size  Object(Section)

    BuildAttributes$$THM_ISAv3M$S$PE$A:L22$X:L11$S22$IEEE1$IW$~IW$USESV6$~STKCKD$USESV7$~SHL$OTIME$ROPI$IEEEX$EBA8$UX$STANDARDLIB$REQ8$PRES8$EABIv2 0x00000000   Number         0  anon$$obj.o ABSOLUTE
    _printf_flags                            0x00000000   Number         0  printf_stubs.o ABSOLUTE
    _printf_return_value                     0x00000000   Number         0  printf_stubs.o ABSOLUTE
    _printf_sizespec                         0x00000000   Number         0  printf_stubs.o ABSOLUTE
    _printf_widthprec                        0x00000000   Number         0  printf_stubs.o ABSOLUTE
    __ARM_exceptions_init                     - Undefined Weak Reference
    __alloca_initialize                       - Undefined Weak Reference
    __arm_preinit_                            - Undefined Weak Reference
    __arm_relocate_pie_                       - Undefined Weak Reference
    __cpp_initialize__aeabi_                  - Undefined Weak Reference
    __cxa_finalize                            - Undefined Weak Reference
    __rt_locale                               - Undefined Weak Reference
    __sigvec_lookup                           - Undefined Weak Reference
    __user_heap_extent                        - Undefined Weak Reference
    _atexit_init                              - Undefined Weak Reference
    _call_atexit_fns                          - Undefined Weak Reference
    _clock_init                               - Undefined Weak Reference
    _fp_trap_init                             - Undefined Weak Reference
    _fp_trap_shutdown                         - Undefined Weak Reference
    _get_lc_collate                           - Undefined Weak Reference
    _get_lc_ctype                             - Undefined Weak Reference
    _get_lc_monetary                          - Undefined Weak Reference
    _get_lc_numeric                           - Undefined Weak Reference
    _get_lc_time                              - Undefined Weak Reference
    _getenv_init                              - Undefined Weak Reference
    _handle_redirection                       - Undefined Weak Reference
    _initio                                   - Undefined Weak Reference
    _mutex_acquire                            - Undefined Weak Reference
    _mutex_free                               - Undefined Weak Reference
    _mutex_release                            - Undefined Weak Reference
    _printf_truncate_signed                   - Undefined Weak Reference
    _printf_truncate_unsigned                 - Undefined Weak Reference
    _rand_init                                - Undefined Weak Reference
    _signal_finish                            - Undefined Weak Reference
    _signal_init                              - Undefined Weak Reference
    _terminateio                              - Undefined Weak Reference
    __Vectors_Size                           0x000000c0   Number         0  startup_stm32g030xx.o ABSOLUTE
    __Vectors                                0x08000000   Data           4  startup_stm32g030xx.o(RESET)
    __Vectors_End                            0x080000c0   Data           0  startup_stm32g030xx.o(RESET)
    __main                                   0x080000c1   Thumb Code     8  __main.o(!!!main)
    __scatterload                            0x080000c9   Thumb Code     0  __scatter.o(!!!scatter)
    __scatterload_rt2                        0x080000c9   Thumb Code    52  __scatter.o(!!!scatter)
    __scatterload_rt2_thumb_only             0x080000c9   Thumb Code     0  __scatter.o(!!!scatter)
    __scatterload_null                       0x080000d9   Thumb Code     0  __scatter.o(!!!scatter)
    __scatterload_copy                       0x08000105   Thumb Code    26  __scatter_copy.o(!!handler_copy)
    __scatterload_zeroinit                   0x08000121   Thumb Code    28  __scatter_zi.o(!!handler_zi)
    _printf_percent                          0x0800013d   Thumb Code     0  _printf_percent.o(.ARM.Collect$$_printf_percent$$00000000)
    _printf_d                                0x0800013f   Thumb Code     0  _printf_d.o(.ARM.Collect$$_printf_percent$$00000009)
    _printf_x                                0x08000149   Thumb Code     0  _printf_x.o(.ARM.Collect$$_printf_percent$$0000000C)
    _printf_percent_end                      0x08000153   Thumb Code     0  _printf_percent_end.o(.ARM.Collect$$_printf_percent$$00000017)
    __rt_lib_init                            0x08000157   Thumb Code     0  libinit.o(.ARM.Collect$$libinit$$00000000)
    __rt_lib_init_fp_1                       0x08000159   Thumb Code     0  libinit2.o(.ARM.Collect$$libinit$$00000002)
    __rt_lib_init_heap_2                     0x08000159   Thumb Code     0  libinit2.o(.ARM.Collect$$libinit$$00000007)
    __rt_lib_init_preinit_1                  0x08000159   Thumb Code     0  libinit2.o(.ARM.Collect$$libinit$$00000006)
    __rt_lib_init_relocate_pie_1             0x08000159   Thumb Code     0  libinit2.o(.ARM.Collect$$libinit$$00000004)
    __rt_lib_init_alloca_1                   0x08000161   Thumb Code     0  libinit2.o(.ARM.Collect$$libinit$$00000030)
    __rt_lib_init_argv_1                     0x08000161   Thumb Code     0  libinit2.o(.ARM.Collect$$libinit$$0000002E)
    __rt_lib_init_atexit_1                   0x08000161   Thumb Code     0  libinit2.o(.ARM.Collect$$libinit$$0000001D)
    __rt_lib_init_clock_1                    0x08000161   Thumb Code     0  libinit2.o(.ARM.Collect$$libinit$$00000023)
    __rt_lib_init_cpp_1                      0x08000161   Thumb Code     0  libinit2.o(.ARM.Collect$$libinit$$00000034)
    __rt_lib_init_exceptions_1               0x08000161   Thumb Code     0  libinit2.o(.ARM.Collect$$libinit$$00000032)
    __rt_lib_init_fp_trap_1                  0x08000161   Thumb Code     0  libinit2.o(.ARM.Collect$$libinit$$00000021)
    __rt_lib_init_getenv_1                   0x08000161   Thumb Code     0  libinit2.o(.ARM.Collect$$libinit$$00000025)
    __rt_lib_init_heap_1                     0x08000161   Thumb Code     0  libinit2.o(.ARM.Collect$$libinit$$0000000C)
    __rt_lib_init_lc_collate_1               0x08000161   Thumb Code     0  libinit2.o(.ARM.Collect$$libinit$$00000013)
    __rt_lib_init_lc_ctype_1                 0x08000161   Thumb Code     0  libinit2.o(.ARM.Collect$$libinit$$00000015)
    __rt_lib_init_lc_monetary_1              0x08000161   Thumb Code     0  libinit2.o(.ARM.Collect$$libinit$$00000017)
    __rt_lib_init_lc_numeric_1               0x08000161   Thumb Code     0  libinit2.o(.ARM.Collect$$libinit$$00000019)
    __rt_lib_init_lc_time_1                  0x08000161   Thumb Code     0  libinit2.o(.ARM.Collect$$libinit$$0000001B)
    __rt_lib_init_rand_1                     0x08000161   Thumb Code     0  libinit2.o(.ARM.Collect$$libinit$$00000010)
    __rt_lib_init_return                     0x08000161   Thumb Code     0  libinit2.o(.ARM.Collect$$libinit$$00000035)
    __rt_lib_init_signal_1                   0x08000161   Thumb Code     0  libinit2.o(.ARM.Collect$$libinit$$0000001F)
    __rt_lib_init_stdio_1                    0x08000161   Thumb Code     0  libinit2.o(.ARM.Collect$$libinit$$00000027)
    __rt_lib_init_user_alloc_1               0x08000161   Thumb Code     0  libinit2.o(.ARM.Collect$$libinit$$0000000E)
    __rt_lib_shutdown                        0x08000163   Thumb Code     0  libshutdown.o(.ARM.Collect$$libshutdown$$00000000)
    __rt_lib_shutdown_cpp_1                  0x08000165   Thumb Code     0  libshutdown2.o(.ARM.Collect$$libshutdown$$00000002)
    __rt_lib_shutdown_fp_trap_1              0x08000165   Thumb Code     0  libshutdown2.o(.ARM.Collect$$libshutdown$$00000007)
    __rt_lib_shutdown_heap_1                 0x08000165   Thumb Code     0  libshutdown2.o(.ARM.Collect$$libshutdown$$0000000F)
    __rt_lib_shutdown_return                 0x08000165   Thumb Code     0  libshutdown2.o(.ARM.Collect$$libshutdown$$00000010)
    __rt_lib_shutdown_signal_1               0x08000165   Thumb Code     0  libshutdown2.o(.ARM.Collect$$libshutdown$$0000000A)
    __rt_lib_shutdown_stdio_1                0x08000165   Thumb Code     0  libshutdown2.o(.ARM.Collect$$libshutdown$$00000004)
    __rt_lib_shutdown_user_alloc_1           0x08000165   Thumb Code     0  libshutdown2.o(.ARM.Collect$$libshutdown$$0000000C)
    __rt_entry                               0x08000167   Thumb Code     0  __rtentry.o(.ARM.Collect$$rtentry$$00000000)
    __rt_entry_presh_1                       0x08000167   Thumb Code     0  __rtentry2.o(.ARM.Collect$$rtentry$$00000002)
    __rt_entry_sh                            0x08000167   Thumb Code     0  __rtentry4.o(.ARM.Collect$$rtentry$$00000004)
    __rt_entry_li                            0x0800016d   Thumb Code     0  __rtentry2.o(.ARM.Collect$$rtentry$$0000000A)
    __rt_entry_postsh_1                      0x0800016d   Thumb Code     0  __rtentry2.o(.ARM.Collect$$rtentry$$00000009)
    __rt_entry_main                          0x08000171   Thumb Code     0  __rtentry2.o(.ARM.Collect$$rtentry$$0000000D)
    __rt_entry_postli_1                      0x08000171   Thumb Code     0  __rtentry2.o(.ARM.Collect$$rtentry$$0000000C)
    __rt_exit                                0x08000179   Thumb Code     0  rtexit.o(.ARM.Collect$$rtexit$$00000000)
    __rt_exit_ls                             0x0800017b   Thumb Code     0  rtexit2.o(.ARM.Collect$$rtexit$$00000003)
    __rt_exit_prels_1                        0x0800017b   Thumb Code     0  rtexit2.o(.ARM.Collect$$rtexit$$00000002)
    __rt_exit_exit                           0x0800017f   Thumb Code     0  rtexit2.o(.ARM.Collect$$rtexit$$00000004)
    Reset_Handler                            0x08000185   Thumb Code     8  startup_stm32g030xx.o(.text)
    ADC1_IRQHandler                          0x08000197   Thumb Code     0  startup_stm32g030xx.o(.text)
    DMA1_Ch4_5_DMAMUX1_OVR_IRQHandler        0x08000197   Thumb Code     0  startup_stm32g030xx.o(.text)
    DMA1_Channel1_IRQHandler                 0x08000197   Thumb Code     0  startup_stm32g030xx.o(.text)
    DMA1_Channel2_3_IRQHandler               0x08000197   Thumb Code     0  startup_stm32g030xx.o(.text)
    EXTI0_1_IRQHandler                       0x08000197   Thumb Code     0  startup_stm32g030xx.o(.text)
    EXTI2_3_IRQHandler                       0x08000197   Thumb Code     0  startup_stm32g030xx.o(.text)
    EXTI4_15_IRQHandler                      0x08000197   Thumb Code     0  startup_stm32g030xx.o(.text)
    FLASH_IRQHandler                         0x08000197   Thumb Code     0  startup_stm32g030xx.o(.text)
    I2C1_IRQHandler                          0x08000197   Thumb Code     0  startup_stm32g030xx.o(.text)
    I2C2_IRQHandler                          0x08000197   Thumb Code     0  startup_stm32g030xx.o(.text)
    RCC_IRQHandler                           0x08000197   Thumb Code     0  startup_stm32g030xx.o(.text)
    RTC_TAMP_IRQHandler                      0x08000197   Thumb Code     0  startup_stm32g030xx.o(.text)
    SPI1_IRQHandler                          0x08000197   Thumb Code     0  startup_stm32g030xx.o(.text)
    SPI2_IRQHandler                          0x08000197   Thumb Code     0  startup_stm32g030xx.o(.text)
    TIM14_IRQHandler                         0x08000197   Thumb Code     0  startup_stm32g030xx.o(.text)
    TIM16_IRQHandler                         0x08000197   Thumb Code     0  startup_stm32g030xx.o(.text)
    TIM17_IRQHandler                         0x08000197   Thumb Code     0  startup_stm32g030xx.o(.text)
    TIM1_BRK_UP_TRG_COM_IRQHandler           0x08000197   Thumb Code     0  startup_stm32g030xx.o(.text)
    TIM1_CC_IRQHandler                       0x08000197   Thumb Code     0  startup_stm32g030xx.o(.text)
    TIM3_IRQHandler                          0x08000197   Thumb Code     0  startup_stm32g030xx.o(.text)
    USART1_IRQHandler                        0x08000197   Thumb Code     0  startup_stm32g030xx.o(.text)
    USART2_IRQHandler                        0x08000197   Thumb Code     0  startup_stm32g030xx.o(.text)
    WWDG_IRQHandler                          0x08000197   Thumb Code     0  startup_stm32g030xx.o(.text)
    __user_initial_stackheap                 0x08000199   Thumb Code     0  startup_stm32g030xx.o(.text)
    __use_no_semihosting                     0x080001bd   Thumb Code     2  use_no_semi_2.o(.text)
    malloc                                   0x080001bf   Thumb Code    98  h1_alloc.o(.text)
    free                                     0x08000221   Thumb Code    76  h1_free.o(.text)
    __2printf                                0x0800026d   Thumb Code    22  noretval__2printf.o(.text)
    _printf_pre_padding                      0x08000289   Thumb Code    44  _printf_pad.o(.text)
    _printf_post_padding                     0x080002b5   Thumb Code    34  _printf_pad.o(.text)
    _printf_int_dec                          0x080002d9   Thumb Code    90  _printf_dec.o(.text)
    _printf_int_hex                          0x08000345   Thumb Code    84  _printf_hex_int.o(.text)
    _printf_longlong_hex                     0x08000345   Thumb Code     0  _printf_hex_int.o(.text)
    __printf                                 0x0800039d   Thumb Code   270  __printf_wp.o(.text)
    puts                                     0x080004ad   Thumb Code    38  puts.o(.text)
    __use_two_region_memory                  0x080004d9   Thumb Code     2  heapauxi.o(.text)
    __rt_heap_escrow                         0x080004db   Thumb Code     2  heapauxi.o(.text)
    __rt_heap_expand                         0x080004dd   Thumb Code     2  heapauxi.o(.text)
    __I$use$semihosting                      0x080004df   Thumb Code     0  use_no_semi.o(.text)
    __use_no_semihosting_swi                 0x080004df   Thumb Code     2  use_no_semi.o(.text)
    __rt_heap_descriptor                     0x080004e1   Thumb Code     8  rt_heap_descriptor_intlibspace.o(.text)
    __use_no_heap                            0x080004e9   Thumb Code     2  hguard.o(.text)
    __heap$guard                             0x080004eb   Thumb Code     2  hguard.o(.text)
    _terminate_user_alloc                    0x080004ed   Thumb Code     2  init_alloc.o(.text)
    _init_user_alloc                         0x080004ef   Thumb Code     2  init_alloc.o(.text)
    __Heap_Full                              0x080004f1   Thumb Code    32  init_alloc.o(.text)
    __Heap_Broken                            0x08000511   Thumb Code    10  init_alloc.o(.text)
    _init_alloc                              0x0800051b   Thumb Code    90  init_alloc.o(.text)
    __Heap_Initialize                        0x08000575   Thumb Code    10  h1_init.o(.text)
    __Heap_DescSize                          0x0800057f   Thumb Code     4  h1_init.o(.text)
    _printf_int_common                       0x08000583   Thumb Code   176  _printf_intcommon.o(.text)
    _printf_char_file                        0x08000635   Thumb Code    34  _printf_char_file.o(.text)
    __rt_udiv10                              0x0800065d   Thumb Code    40  rtudiv10.o(.text)
    __user_libspace                          0x08000685   Thumb Code     8  libspace.o(.text)
    __user_perproc_libspace                  0x08000685   Thumb Code     0  libspace.o(.text)
    __user_perthread_libspace                0x08000685   Thumb Code     0  libspace.o(.text)
    __Heap_ProvideMemory                     0x0800068d   Thumb Code    52  h1_extend.o(.text)
    _maybe_terminate_alloc                   0x0800068d   Thumb Code     0  maybetermalloc1.o(.text)
    _printf_char_common                      0x080006cb   Thumb Code    32  _printf_char_common.o(.text)
    __rt_SIGRTMEM                            0x080006f1   Thumb Code    12  defsig_rtmem_outer.o(.text)
    __user_setup_stackheap                   0x080006fd   Thumb Code    62  sys_stackheap_outer.o(.text)
    exit                                     0x0800073b   Thumb Code    16  exit.o(.text)
    __sig_exit                               0x0800074b   Thumb Code    12  defsig_exit.o(.text)
    __rt_SIGRTMEM_inner                      0x08000759   Thumb Code    22  defsig_rtmem_inner.o(.text)
    __default_signal_display                 0x080007a9   Thumb Code    52  defsig_general.o(.text)
    Error_Handler                            0x080007dd   Thumb Code     8  main.o(.text.Error_Handler)
    HAL_Delay                                0x080007e5   Thumb Code    32  stm32g0xx_hal.o(.text.HAL_Delay)
    HAL_GPIO_Init                            0x08000805   Thumb Code   400  stm32g0xx_hal_gpio.o(.text.HAL_GPIO_Init)
    HAL_GetTick                              0x080009a9   Thumb Code     8  stm32g0xx_hal.o(.text.HAL_GetTick)
    HAL_IncTick                              0x080009b1   Thumb Code    16  stm32g0xx_hal.o(.text.HAL_IncTick)
    HAL_Init                                 0x080009c5   Thumb Code    40  stm32g0xx_hal.o(.text.HAL_Init)
    HAL_InitTick                             0x080009f1   Thumb Code    64  stm32g0xx_hal.o(.text.HAL_InitTick)
    HAL_MspInit                              0x08000a35   Thumb Code    40  stm32g0xx_hal_msp.o(.text.HAL_MspInit)
    HAL_NVIC_SetPriority                     0x08000a61   Thumb Code    48  stm32g0xx_hal_cortex.o(.text.HAL_NVIC_SetPriority)
    HAL_PWREx_ControlVoltageScaling          0x08000a99   Thumb Code   116  stm32g0xx_hal_pwr_ex.o(.text.HAL_PWREx_ControlVoltageScaling)
    HAL_RCCEx_PeriphCLKConfig                0x08000b19   Thumb Code   364  stm32g0xx_hal_rcc_ex.o(.text.HAL_RCCEx_PeriphCLKConfig)
    HAL_RCC_ClockConfig                      0x08000c95   Thumb Code   488  stm32g0xx_hal_rcc.o(.text.HAL_RCC_ClockConfig)
    HAL_RCC_GetPCLK1Freq                     0x08000e91   Thumb Code    28  stm32g0xx_hal_rcc.o(.text.HAL_RCC_GetPCLK1Freq)
    HAL_RCC_GetSysClockFreq                  0x08000eb5   Thumb Code   124  stm32g0xx_hal_rcc.o(.text.HAL_RCC_GetSysClockFreq)
    HAL_RCC_OscConfig                        0x08000f3d   Thumb Code  1020  stm32g0xx_hal_rcc.o(.text.HAL_RCC_OscConfig)
    HAL_SYSTICK_Config                       0x08001359   Thumb Code    40  stm32g0xx_hal_cortex.o(.text.HAL_SYSTICK_Config)
    HAL_UARTEx_DisableFifoMode               0x0800138d   Thumb Code    54  stm32g0xx_hal_uart_ex.o(.text.HAL_UARTEx_DisableFifoMode)
    HAL_UARTEx_SetRxFifoThreshold            0x080013c5   Thumb Code   120  stm32g0xx_hal_uart_ex.o(.text.HAL_UARTEx_SetRxFifoThreshold)
    HAL_UARTEx_SetTxFifoThreshold            0x0800143d   Thumb Code   120  stm32g0xx_hal_uart_ex.o(.text.HAL_UARTEx_SetTxFifoThreshold)
    HAL_UART_Init                            0x080014bd   Thumb Code   204  stm32g0xx_hal_uart.o(.text.HAL_UART_Init)
    HAL_UART_MspInit                         0x0800158d   Thumb Code   104  usart.o(.text.HAL_UART_MspInit)
    HAL_UART_Transmit                        0x080015fd   Thumb Code   220  stm32g0xx_hal_uart.o(.text.HAL_UART_Transmit)
    HardFault_Handler                        0x080016dd   Thumb Code     2  stm32g0xx_it.o(.text.HardFault_Handler)
    LL_GPIO_Init                             0x080016df   Thumb Code   198  stm32g0xx_ll_gpio.o(.text.LL_GPIO_Init)
    LL_SPI_Init                              0x080017a5   Thumb Code   108  stm32g0xx_ll_spi.o(.text.LL_SPI_Init)
    LL_TIM_Init                              0x08001819   Thumb Code   124  stm32g0xx_ll_tim.o(.text.LL_TIM_Init)
    MX_GPIO_Init                             0x080018a9   Thumb Code    68  gpio.o(.text.MX_GPIO_Init)
    MX_SPI1_Init                             0x080018ed   Thumb Code   184  spi.o(.text.MX_SPI1_Init)
    MX_TIM17_Init                            0x080019ad   Thumb Code    64  tim.o(.text.MX_TIM17_Init)
    MX_USART1_UART_Init                      0x080019f9   Thumb Code    96  usart.o(.text.MX_USART1_UART_Init)
    Magnetic_Sensor_get                      0x08001a5d   Thumb Code    48  magnetic_sensor.o(.text.Magnetic_Sensor_get)
    Magnetic_Sensor_init                     0x08001a99   Thumb Code     4  magnetic_sensor.o(.text.Magnetic_Sensor_init)
    Magnetic_Sensor_start                    0x08001a9d   Thumb Code   172  magnetic_sensor.o(.text.Magnetic_Sensor_start)
    NMI_Handler                              0x08001b4d   Thumb Code     2  stm32g0xx_it.o(.text.NMI_Handler)
    PendSV_Handler                           0x08001b4f   Thumb Code     2  stm32g0xx_it.o(.text.PendSV_Handler)
    SPIx_ReadData16                          0x08001b51   Thumb Code    90  spi.o(.text.SPIx_ReadData16)
    SVC_Handler                              0x08001bab   Thumb Code     2  stm32g0xx_it.o(.text.SVC_Handler)
    SysTick_Handler                          0x08001bad   Thumb Code     8  stm32g0xx_it.o(.text.SysTick_Handler)
    SystemInit                               0x08001bb5   Thumb Code     2  system_stm32g0xx.o(.text.SystemInit)
    UART_AdvFeatureConfig                    0x08001bb7   Thumb Code   210  stm32g0xx_hal_uart.o(.text.UART_AdvFeatureConfig)
    UART_SetConfig                           0x08001c89   Thumb Code   312  stm32g0xx_hal_uart.o(.text.UART_SetConfig)
    UART_WaitOnFlagUntilTimeout              0x08001df5   Thumb Code   312  stm32g0xx_hal_uart.o(.text.UART_WaitOnFlagUntilTimeout)
    _sys_exit                                0x08001f2d   Thumb Code     2  retarget.o(.text._sys_exit)
    _ttywrch                                 0x08001f2f   Thumb Code     8  retarget.o(.text._ttywrch)
    ferror                                   0x08001f37   Thumb Code     6  retarget.o(.text.ferror)
    fputc                                    0x08001f3d   Thumb Code     8  retarget.o(.text.fputc)
    main                                     0x08001f45   Thumb Code   176  main.o(.text.main)
    new_Magnetic_Sensor                      0x08002009   Thumb Code    72  magnetic_sensor.o(.text.new_Magnetic_Sensor)
    sendchar                                 0x080020c1   Thumb Code    24  usart.o(.text.sendchar)
    __aeabi_uidiv                            0x080020dd   Thumb Code    68  aeabi_sdivfast.o(.text_divfast)
    __aeabi_idiv                             0x08002121   Thumb Code   434  aeabi_sdivfast.o(.text_divfast)
    _is_digit                                0x080022d3   Thumb Code    14  __printf_wp.o(i._is_digit)
    AHBPrescTable                            0x08002308   Data          64  system_stm32g0xx.o(.rodata.AHBPrescTable)
    APBPrescTable                            0x08002348   Data          32  system_stm32g0xx.o(.rodata.APBPrescTable)
    UARTPrescTable                           0x08002368   Data          24  stm32g0xx_hal_uart.o(.rodata.UARTPrescTable)
    Region$$Table$$Base                      0x08002390   Number         0  anon$$obj.o(Region$$Table)
    Region$$Table$$Limit                     0x080023b0   Number         0  anon$$obj.o(Region$$Table)
    uwTickFreq                               0x20000000   Data           1  stm32g0xx_hal.o(.data..L_MergedGlobals)
    uwTickPrio                               0x20000004   Data           4  stm32g0xx_hal.o(.data..L_MergedGlobals)
    SystemCoreClock                          0x20000008   Data           4  system_stm32g0xx.o(.data.SystemCoreClock)
    __libspace_start                         0x20000010   Data          96  libspace.o(.bss)
    __stdout                                 0x20000070   Data          84  retarget.o(.bss.__stdout)
    __temporary_stack_top$libspace           0x20000070   Data           0  libspace.o(.bss)
    huart1                                   0x200000c4   Data         148  usart.o(.bss.huart1)
    uwTick                                   0x20000158   Data           4  stm32g0xx_hal.o(.bss.uwTick)



==============================================================================

Memory Map of the image

  Image Entry point : 0x080000c1

  Load Region LR_IROM1 (Base: 0x08000000, Size: 0x000023c0, Max: 0x00008000, ABSOLUTE)

    Execution Region ER_IROM1 (Exec base: 0x08000000, Load base: 0x08000000, Size: 0x000023b0, Max: 0x00008000, ABSOLUTE)

    Exec Addr    Load Addr    Size         Type   Attr      Idx    E Section Name        Object

    0x08000000   0x08000000   0x000000c0   Data   RO            3    RESET               startup_stm32g030xx.o
    0x080000c0   0x080000c0   0x00000008   Code   RO         2750  * !!!main             c_p.l(__main.o)
    0x080000c8   0x080000c8   0x0000003c   Code   RO         3164    !!!scatter          c_p.l(__scatter.o)
    0x08000104   0x08000104   0x0000001a   Code   RO         3166    !!handler_copy      c_p.l(__scatter_copy.o)
    0x0800011e   0x0800011e   0x00000002   PAD
    0x08000120   0x08000120   0x0000001c   Code   RO         3168    !!handler_zi        c_p.l(__scatter_zi.o)
    0x0800013c   0x0800013c   0x00000002   Code   RO         2729    .ARM.Collect$$_printf_percent$$00000000  c_p.l(_printf_percent.o)
    0x0800013e   0x0800013e   0x0000000a   Code   RO         2728    .ARM.Collect$$_printf_percent$$00000009  c_p.l(_printf_d.o)
    0x08000148   0x08000148   0x0000000a   Code   RO         2727    .ARM.Collect$$_printf_percent$$0000000C  c_p.l(_printf_x.o)
    0x08000152   0x08000152   0x00000004   Code   RO         2899    .ARM.Collect$$_printf_percent$$00000017  c_p.l(_printf_percent_end.o)
    0x08000156   0x08000156   0x00000002   Code   RO         3098    .ARM.Collect$$libinit$$00000000  c_p.l(libinit.o)
    0x08000158   0x08000158   0x00000000   Code   RO         2905    .ARM.Collect$$libinit$$00000002  c_p.l(libinit2.o)
    0x08000158   0x08000158   0x00000000   Code   RO         2907    .ARM.Collect$$libinit$$00000004  c_p.l(libinit2.o)
    0x08000158   0x08000158   0x00000000   Code   RO         2909    .ARM.Collect$$libinit$$00000006  c_p.l(libinit2.o)
    0x08000158   0x08000158   0x00000008   Code   RO         2910    .ARM.Collect$$libinit$$00000007  c_p.l(libinit2.o)
    0x08000160   0x08000160   0x00000000   Code   RO         2912    .ARM.Collect$$libinit$$0000000C  c_p.l(libinit2.o)
    0x08000160   0x08000160   0x00000000   Code   RO         2914    .ARM.Collect$$libinit$$0000000E  c_p.l(libinit2.o)
    0x08000160   0x08000160   0x00000000   Code   RO         2916    .ARM.Collect$$libinit$$00000010  c_p.l(libinit2.o)
    0x08000160   0x08000160   0x00000000   Code   RO         2919    .ARM.Collect$$libinit$$00000013  c_p.l(libinit2.o)
    0x08000160   0x08000160   0x00000000   Code   RO         2921    .ARM.Collect$$libinit$$00000015  c_p.l(libinit2.o)
    0x08000160   0x08000160   0x00000000   Code   RO         2923    .ARM.Collect$$libinit$$00000017  c_p.l(libinit2.o)
    0x08000160   0x08000160   0x00000000   Code   RO         2925    .ARM.Collect$$libinit$$00000019  c_p.l(libinit2.o)
    0x08000160   0x08000160   0x00000000   Code   RO         2927    .ARM.Collect$$libinit$$0000001B  c_p.l(libinit2.o)
    0x08000160   0x08000160   0x00000000   Code   RO         2929    .ARM.Collect$$libinit$$0000001D  c_p.l(libinit2.o)
    0x08000160   0x08000160   0x00000000   Code   RO         2931    .ARM.Collect$$libinit$$0000001F  c_p.l(libinit2.o)
    0x08000160   0x08000160   0x00000000   Code   RO         2933    .ARM.Collect$$libinit$$00000021  c_p.l(libinit2.o)
    0x08000160   0x08000160   0x00000000   Code   RO         2935    .ARM.Collect$$libinit$$00000023  c_p.l(libinit2.o)
    0x08000160   0x08000160   0x00000000   Code   RO         2937    .ARM.Collect$$libinit$$00000025  c_p.l(libinit2.o)
    0x08000160   0x08000160   0x00000000   Code   RO         2939    .ARM.Collect$$libinit$$00000027  c_p.l(libinit2.o)
    0x08000160   0x08000160   0x00000000   Code   RO         2943    .ARM.Collect$$libinit$$0000002E  c_p.l(libinit2.o)
    0x08000160   0x08000160   0x00000000   Code   RO         2945    .ARM.Collect$$libinit$$00000030  c_p.l(libinit2.o)
    0x08000160   0x08000160   0x00000000   Code   RO         2947    .ARM.Collect$$libinit$$00000032  c_p.l(libinit2.o)
    0x08000160   0x08000160   0x00000000   Code   RO         2949    .ARM.Collect$$libinit$$00000034  c_p.l(libinit2.o)
    0x08000160   0x08000160   0x00000002   Code   RO         2950    .ARM.Collect$$libinit$$00000035  c_p.l(libinit2.o)
    0x08000162   0x08000162   0x00000002   Code   RO         3161    .ARM.Collect$$libshutdown$$00000000  c_p.l(libshutdown.o)
    0x08000164   0x08000164   0x00000000   Code   RO         3119    .ARM.Collect$$libshutdown$$00000002  c_p.l(libshutdown2.o)
    0x08000164   0x08000164   0x00000000   Code   RO         3121    .ARM.Collect$$libshutdown$$00000004  c_p.l(libshutdown2.o)
    0x08000164   0x08000164   0x00000000   Code   RO         3124    .ARM.Collect$$libshutdown$$00000007  c_p.l(libshutdown2.o)
    0x08000164   0x08000164   0x00000000   Code   RO         3127    .ARM.Collect$$libshutdown$$0000000A  c_p.l(libshutdown2.o)
    0x08000164   0x08000164   0x00000000   Code   RO         3129    .ARM.Collect$$libshutdown$$0000000C  c_p.l(libshutdown2.o)
    0x08000164   0x08000164   0x00000000   Code   RO         3132    .ARM.Collect$$libshutdown$$0000000F  c_p.l(libshutdown2.o)
    0x08000164   0x08000164   0x00000002   Code   RO         3133    .ARM.Collect$$libshutdown$$00000010  c_p.l(libshutdown2.o)
    0x08000166   0x08000166   0x00000000   Code   RO         2861    .ARM.Collect$$rtentry$$00000000  c_p.l(__rtentry.o)
    0x08000166   0x08000166   0x00000000   Code   RO         3023    .ARM.Collect$$rtentry$$00000002  c_p.l(__rtentry2.o)
    0x08000166   0x08000166   0x00000006   Code   RO         3035    .ARM.Collect$$rtentry$$00000004  c_p.l(__rtentry4.o)
    0x0800016c   0x0800016c   0x00000000   Code   RO         3025    .ARM.Collect$$rtentry$$00000009  c_p.l(__rtentry2.o)
    0x0800016c   0x0800016c   0x00000004   Code   RO         3026    .ARM.Collect$$rtentry$$0000000A  c_p.l(__rtentry2.o)
    0x08000170   0x08000170   0x00000000   Code   RO         3028    .ARM.Collect$$rtentry$$0000000C  c_p.l(__rtentry2.o)
    0x08000170   0x08000170   0x00000008   Code   RO         3029    .ARM.Collect$$rtentry$$0000000D  c_p.l(__rtentry2.o)
    0x08000178   0x08000178   0x00000002   Code   RO         3106    .ARM.Collect$$rtexit$$00000000  c_p.l(rtexit.o)
    0x0800017a   0x0800017a   0x00000000   Code   RO         3137    .ARM.Collect$$rtexit$$00000002  c_p.l(rtexit2.o)
    0x0800017a   0x0800017a   0x00000004   Code   RO         3138    .ARM.Collect$$rtexit$$00000003  c_p.l(rtexit2.o)
    0x0800017e   0x0800017e   0x00000006   Code   RO         3139    .ARM.Collect$$rtexit$$00000004  c_p.l(rtexit2.o)
    0x08000184   0x08000184   0x00000038   Code   RO            4    .text               startup_stm32g030xx.o
    0x080001bc   0x080001bc   0x00000002   Code   RO         2602    .text               c_p.l(use_no_semi_2.o)
    0x080001be   0x080001be   0x00000062   Code   RO         2608    .text               c_p.l(h1_alloc.o)
    0x08000220   0x08000220   0x0000004c   Code   RO         2610    .text               c_p.l(h1_free.o)
    0x0800026c   0x0800026c   0x0000001c   Code   RO         2678    .text               c_p.l(noretval__2printf.o)
    0x08000288   0x08000288   0x0000004e   Code   RO         2682    .text               c_p.l(_printf_pad.o)
    0x080002d6   0x080002d6   0x00000002   PAD
    0x080002d8   0x080002d8   0x0000006c   Code   RO         2684    .text               c_p.l(_printf_dec.o)
    0x08000344   0x08000344   0x00000058   Code   RO         2689    .text               c_p.l(_printf_hex_int.o)
    0x0800039c   0x0800039c   0x0000010e   Code   RO         2715    .text               c_p.l(__printf_wp.o)
    0x080004aa   0x080004aa   0x00000002   PAD
    0x080004ac   0x080004ac   0x0000002c   Code   RO         2730    .text               c_p.l(puts.o)
    0x080004d8   0x080004d8   0x00000006   Code   RO         2748    .text               c_p.l(heapauxi.o)
    0x080004de   0x080004de   0x00000002   Code   RO         2857    .text               c_p.l(use_no_semi.o)
    0x080004e0   0x080004e0   0x00000008   Code   RO         2873    .text               c_p.l(rt_heap_descriptor_intlibspace.o)
    0x080004e8   0x080004e8   0x00000004   Code   RO         2875    .text               c_p.l(hguard.o)
    0x080004ec   0x080004ec   0x00000088   Code   RO         2877    .text               c_p.l(init_alloc.o)
    0x08000574   0x08000574   0x0000000e   Code   RO         2881    .text               c_p.l(h1_init.o)
    0x08000582   0x08000582   0x000000b0   Code   RO         2895    .text               c_p.l(_printf_intcommon.o)
    0x08000632   0x08000632   0x00000002   PAD
    0x08000634   0x08000634   0x00000028   Code   RO         2897    .text               c_p.l(_printf_char_file.o)
    0x0800065c   0x0800065c   0x00000028   Code   RO         2900    .text               c_p.l(rtudiv10.o)
    0x08000684   0x08000684   0x00000008   Code   RO         3019    .text               c_p.l(libspace.o)
    0x0800068c   0x0800068c   0x00000000   Code   RO         3046    .text               c_p.l(maybetermalloc1.o)
    0x0800068c   0x0800068c   0x00000034   Code   RO         3048    .text               c_p.l(h1_extend.o)
    0x080006c0   0x080006c0   0x00000030   Code   RO         3052    .text               c_p.l(_printf_char_common.o)
    0x080006f0   0x080006f0   0x0000000c   Code   RO         3054    .text               c_p.l(defsig_rtmem_outer.o)
    0x080006fc   0x080006fc   0x0000003e   Code   RO         3070    .text               c_p.l(sys_stackheap_outer.o)
    0x0800073a   0x0800073a   0x00000010   Code   RO         3079    .text               c_p.l(exit.o)
    0x0800074a   0x0800074a   0x0000000c   Code   RO         3081    .text               c_p.l(defsig_exit.o)
    0x08000756   0x08000756   0x00000002   PAD
    0x08000758   0x08000758   0x00000050   Code   RO         3087    .text               c_p.l(defsig_rtmem_inner.o)
    0x080007a8   0x080007a8   0x00000034   Code   RO         3114    .text               c_p.l(defsig_general.o)
    0x080007dc   0x080007dc   0x00000008   Code   RO           51    .text.Error_Handler  main.o
    0x080007e4   0x080007e4   0x00000020   Code   RO          562    .text.HAL_Delay     stm32g0xx_hal.o
    0x08000804   0x08000804   0x000001a4   Code   RO          356    .text.HAL_GPIO_Init  stm32g0xx_hal_gpio.o
    0x080009a8   0x080009a8   0x00000008   Code   RO          554    .text.HAL_GetTick   stm32g0xx_hal.o
    0x080009b0   0x080009b0   0x00000014   Code   RO          552    .text.HAL_IncTick   stm32g0xx_hal.o
    0x080009c4   0x080009c4   0x0000002c   Code   RO          542    .text.HAL_Init      stm32g0xx_hal.o
    0x080009f0   0x080009f0   0x00000044   Code   RO          544    .text.HAL_InitTick  stm32g0xx_hal.o
    0x08000a34   0x08000a34   0x0000002c   Code   RO          125    .text.HAL_MspInit   stm32g0xx_hal_msp.o
    0x08000a60   0x08000a60   0x00000038   Code   RO          504    .text.HAL_NVIC_SetPriority  stm32g0xx_hal_cortex.o
    0x08000a98   0x08000a98   0x00000080   Code   RO          490    .text.HAL_PWREx_ControlVoltageScaling  stm32g0xx_hal_pwr_ex.o
    0x08000b18   0x08000b18   0x0000017c   Code   RO          259    .text.HAL_RCCEx_PeriphCLKConfig  stm32g0xx_hal_rcc_ex.o
    0x08000c94   0x08000c94   0x000001fc   Code   RO          223    .text.HAL_RCC_ClockConfig  stm32g0xx_hal_rcc.o
    0x08000e90   0x08000e90   0x00000024   Code   RO          231    .text.HAL_RCC_GetPCLK1Freq  stm32g0xx_hal_rcc.o
    0x08000eb4   0x08000eb4   0x00000088   Code   RO          225    .text.HAL_RCC_GetSysClockFreq  stm32g0xx_hal_rcc.o
    0x08000f3c   0x08000f3c   0x0000041c   Code   RO          221    .text.HAL_RCC_OscConfig  stm32g0xx_hal_rcc.o
    0x08001358   0x08001358   0x00000034   Code   RO          512    .text.HAL_SYSTICK_Config  stm32g0xx_hal_cortex.o
    0x0800138c   0x0800138c   0x00000036   Code   RO          833    .text.HAL_UARTEx_DisableFifoMode  stm32g0xx_hal_uart_ex.o
    0x080013c2   0x080013c2   0x00000002   PAD
    0x080013c4   0x080013c4   0x00000078   Code   RO          837    .text.HAL_UARTEx_SetRxFifoThreshold  stm32g0xx_hal_uart_ex.o
    0x0800143c   0x0800143c   0x00000080   Code   RO          835    .text.HAL_UARTEx_SetTxFifoThreshold  stm32g0xx_hal_uart_ex.o
    0x080014bc   0x080014bc   0x000000d0   Code   RO          672    .text.HAL_UART_Init  stm32g0xx_hal_uart.o
    0x0800158c   0x0800158c   0x00000070   Code   RO           93    .text.HAL_UART_MspInit  usart.o
    0x080015fc   0x080015fc   0x000000e0   Code   RO          692    .text.HAL_UART_Transmit  stm32g0xx_hal_uart.o
    0x080016dc   0x080016dc   0x00000002   Code   RO          110    .text.HardFault_Handler  stm32g0xx_it.o
    0x080016de   0x080016de   0x000000c6   Code   RO          171    .text.LL_GPIO_Init  stm32g0xx_ll_gpio.o
    0x080017a4   0x080017a4   0x00000074   Code   RO          185    .text.LL_SPI_Init   stm32g0xx_ll_spi.o
    0x08001818   0x08001818   0x00000090   Code   RO          642    .text.LL_TIM_Init   stm32g0xx_ll_tim.o
    0x080018a8   0x080018a8   0x00000044   Code   RO           62    .text.MX_GPIO_Init  gpio.o
    0x080018ec   0x080018ec   0x000000c0   Code   RO           70    .text.MX_SPI1_Init  spi.o
    0x080019ac   0x080019ac   0x0000004c   Code   RO           82    .text.MX_TIM17_Init  tim.o
    0x080019f8   0x080019f8   0x00000064   Code   RO           91    .text.MX_USART1_UART_Init  usart.o
    0x08001a5c   0x08001a5c   0x0000003c   Code   RO           35    .text.Magnetic_Sensor_get  magnetic_sensor.o
    0x08001a98   0x08001a98   0x00000004   Code   RO           31    .text.Magnetic_Sensor_init  magnetic_sensor.o
    0x08001a9c   0x08001a9c   0x000000b0   Code   RO           33    .text.Magnetic_Sensor_start  magnetic_sensor.o
    0x08001b4c   0x08001b4c   0x00000002   Code   RO          108    .text.NMI_Handler   stm32g0xx_it.o
    0x08001b4e   0x08001b4e   0x00000002   Code   RO          114    .text.PendSV_Handler  stm32g0xx_it.o
    0x08001b50   0x08001b50   0x0000005a   Code   RO           72    .text.SPIx_ReadData16  spi.o
    0x08001baa   0x08001baa   0x00000002   Code   RO          112    .text.SVC_Handler   stm32g0xx_it.o
    0x08001bac   0x08001bac   0x00000008   Code   RO          116    .text.SysTick_Handler  stm32g0xx_it.o
    0x08001bb4   0x08001bb4   0x00000002   Code   RO          856    .text.SystemInit    system_stm32g0xx.o
    0x08001bb6   0x08001bb6   0x000000d2   Code   RO          678    .text.UART_AdvFeatureConfig  stm32g0xx_hal_uart.o
    0x08001c88   0x08001c88   0x0000016c   Code   RO          676    .text.UART_SetConfig  stm32g0xx_hal_uart.o
    0x08001df4   0x08001df4   0x00000138   Code   RO          694    .text.UART_WaitOnFlagUntilTimeout  stm32g0xx_hal_uart.o
    0x08001f2c   0x08001f2c   0x00000002   Code   RO           17    .text._sys_exit     retarget.o
    0x08001f2e   0x08001f2e   0x00000008   Code   RO           15    .text._ttywrch      retarget.o
    0x08001f36   0x08001f36   0x00000006   Code   RO           13    .text.ferror        retarget.o
    0x08001f3c   0x08001f3c   0x00000008   Code   RO           11    .text.fputc         retarget.o
    0x08001f44   0x08001f44   0x000000c4   Code   RO           47    .text.main          main.o
    0x08002008   0x08002008   0x000000b8   Code   RO           29    .text.new_Magnetic_Sensor  magnetic_sensor.o
    0x080020c0   0x080020c0   0x0000001c   Code   RO           97    .text.sendchar      usart.o
    0x080020dc   0x080020dc   0x000001f6   Code   RO         2741    .text_divfast       c_p.l(aeabi_sdivfast.o)
    0x080022d2   0x080022d2   0x0000000e   Code   RO         2717    i._is_digit         c_p.l(__printf_wp.o)
    0x080022e0   0x080022e0   0x00000028   Data   RO         2690    .constdata          c_p.l(_printf_hex_int.o)
    0x08002308   0x08002308   0x00000040   Data   RO          861    .rodata.AHBPrescTable  system_stm32g0xx.o
    0x08002348   0x08002348   0x00000020   Data   RO          862    .rodata.APBPrescTable  system_stm32g0xx.o
    0x08002368   0x08002368   0x00000018   Data   RO          806    .rodata.UARTPrescTable  stm32g0xx_hal_uart.o
    0x08002380   0x08002380   0x00000010   Data   RO          847    .rodata.cst8        stm32g0xx_hal_uart_ex.o
    0x08002390   0x08002390   0x00000020   Data   RO         3163    Region$$Table       anon$$obj.o


    Execution Region RW_IRAM1 (Exec base: 0x20000000, Load base: 0x080023b0, Size: 0x00000760, Max: 0x00002000, ABSOLUTE)

    Exec Addr    Load Addr    Size         Type   Attr      Idx    E Section Name        Object

    0x20000000   0x080023b0   0x00000008   Data   RW          601    .data..L_MergedGlobals  stm32g0xx_hal.o
    0x20000008   0x080023b8   0x00000004   Data   RW          860    .data.SystemCoreClock  system_stm32g0xx.o
    0x2000000c   0x080023bc   0x00000004   PAD
    0x20000010        -       0x00000060   Zero   RW         3020    .bss                c_p.l(libspace.o)
    0x20000070        -       0x00000054   Zero   RW           19    .bss.__stdout       retarget.o
    0x200000c4        -       0x00000094   Zero   RW           99    .bss.huart1         usart.o
    0x20000158        -       0x00000004   Zero   RW          600    .bss.uwTick         stm32g0xx_hal.o
    0x2000015c   0x080023bc   0x00000004   PAD
    0x20000160        -       0x00000200   Zero   RW            2    HEAP                startup_stm32g030xx.o
    0x20000360        -       0x00000400   Zero   RW            1    STACK               startup_stm32g030xx.o


==============================================================================

Image component sizes


      Code (inc. data)   RO Data    RW Data    ZI Data      Debug   Object Name

        68          0          0          0          0       2270   gpio.o
       424        128          0          0          0       4679   magnetic_sensor.o
       204         20          0          0          0       4121   main.o
        24          0          0          0         84       1357   retarget.o
       282          8          0          0          0       4168   spi.o
        56         26        192          0       1536        644   startup_stm32g030xx.o
       172         12          0          8          4       6687   stm32g0xx_hal.o
       108         20          0          0          0       6583   stm32g0xx_hal_cortex.o
       420         20          0          0          0       4831   stm32g0xx_hal_gpio.o
        44          4          0          0          0       1293   stm32g0xx_hal_msp.o
       128         12          0          0          0       5134   stm32g0xx_hal_pwr_ex.o
      1732         88          0          0          0       9204   stm32g0xx_hal_rcc.o
       380         16          0          0          0       6140   stm32g0xx_hal_rcc_ex.o
      1318         80         24          0          0      48042   stm32g0xx_hal_uart.o
       302          8         16          0          0      12046   stm32g0xx_hal_uart_ex.o
        16          0          0          0          0        729   stm32g0xx_it.o
       198          0          0          0          0       3822   stm32g0xx_ll_gpio.o
       116          8          0          0          0       5689   stm32g0xx_ll_spi.o
       144         20          0          0          0      13304   stm32g0xx_ll_tim.o
         2          0         96          4          0       1993   system_stm32g0xx.o
        76         12          0          0          0       2532   tim.o
       240         16          0          0        148       6039   usart.o

    ----------------------------------------------------------------------
      6456        498        360         12       1780     151307   Object Totals
         0          0         32          0          0          0   (incl. Generated)
         2          0          0          0          8          0   (incl. Padding)

    ----------------------------------------------------------------------

      Code (inc. data)   RO Data    RW Data    ZI Data      Debug   Library Member Name

         8          0          0          0          0         68   __main.o
       284          0          0          0          0        136   __printf_wp.o
         0          0          0          0          0          0   __rtentry.o
        12          0          0          0          0          0   __rtentry2.o
         6          0          0          0          0          0   __rtentry4.o
        60          8          0          0          0          0   __scatter.o
        26          0          0          0          0          0   __scatter_copy.o
        28          0          0          0          0          0   __scatter_zi.o
        48          6          0          0          0         88   _printf_char_common.o
        40          6          0          0          0         72   _printf_char_file.o
        10          0          0          0          0          0   _printf_d.o
       108         18          0          0          0         76   _printf_dec.o
        88          4         40          0          0         72   _printf_hex_int.o
       176          0          0          0          0         84   _printf_intcommon.o
        78          0          0          0          0        100   _printf_pad.o
         2          0          0          0          0          0   _printf_percent.o
         4          0          0          0          0          0   _printf_percent_end.o
        10          0          0          0          0          0   _printf_x.o
       502          0          0          0          0         92   aeabi_sdivfast.o
        12          0          0          0          0         68   defsig_exit.o
        52          0          0          0          0         72   defsig_general.o
        80         58          0          0          0         68   defsig_rtmem_inner.o
        12          0          0          0          0         68   defsig_rtmem_outer.o
        16          0          0          0          0         68   exit.o
        98          0          0          0          0         72   h1_alloc.o
        52          0          0          0          0         68   h1_extend.o
        76          0          0          0          0         72   h1_free.o
        14          0          0          0          0         76   h1_init.o
         6          0          0          0          0        136   heapauxi.o
         4          0          0          0          0        120   hguard.o
       136          0          0          0          0        160   init_alloc.o
         2          0          0          0          0          0   libinit.o
        10          0          0          0          0          0   libinit2.o
         2          0          0          0          0          0   libshutdown.o
         2          0          0          0          0          0   libshutdown2.o
         8          4          0          0         96         68   libspace.o
         0          0          0          0          0          0   maybetermalloc1.o
        28          6          0          0          0         84   noretval__2printf.o
        44          6          0          0          0         68   puts.o
         8          4          0          0          0         68   rt_heap_descriptor_intlibspace.o
         2          0          0          0          0          0   rtexit.o
        10          0          0          0          0          0   rtexit2.o
        40          0          0          0          0         60   rtudiv10.o
        62          0          0          0          0         80   sys_stackheap_outer.o
         2          0          0          0          0         68   use_no_semi.o
         2          0          0          0          0         68   use_no_semi_2.o

    ----------------------------------------------------------------------
      2280        120         40          0         96       2400   Library Totals
        10          0          0          0          0          0   (incl. Padding)

    ----------------------------------------------------------------------

      Code (inc. data)   RO Data    RW Data    ZI Data      Debug   Library Name

      2270        120         40          0         96       2400   c_p.l

    ----------------------------------------------------------------------
      2280        120         40          0         96       2400   Library Totals

    ----------------------------------------------------------------------

==============================================================================


      Code (inc. data)   RO Data    RW Data    ZI Data      Debug   

      8736        618        400         12       1876     152135   Grand Totals
      8736        618        400         12       1876     152135   ELF Image Totals
      8736        618        400         12          0          0   ROM Totals

==============================================================================

    Total RO  Size (Code + RO Data)                 9136 (   8.92kB)
    Total RW  Size (RW Data + ZI Data)              1888 (   1.84kB)
    Total ROM Size (Code + RO Data + RW Data)       9148 (   8.93kB)

==============================================================================

