Component: Arm Compiler for Embedded 6.19 Tool: armlink [5e73cb00]

==============================================================================

Section Cross References

    startup_stm32g030xx.o(STACK) refers (Special) to heapauxi.o(.text) for __use_two_region_memory
    startup_stm32g030xx.o(HEAP) refers (Special) to heapauxi.o(.text) for __use_two_region_memory
    startup_stm32g030xx.o(RESET) refers (Special) to heapauxi.o(.text) for __use_two_region_memory
    startup_stm32g030xx.o(RESET) refers to startup_stm32g030xx.o(STACK) for __initial_sp
    startup_stm32g030xx.o(RESET) refers to startup_stm32g030xx.o(.text) for Reset_Handler
    startup_stm32g030xx.o(RESET) refers to stm32g0xx_it.o(.text.NMI_Handler) for NMI_Handler
    startup_stm32g030xx.o(RESET) refers to stm32g0xx_it.o(.text.HardFault_Handler) for HardFault_Handler
    startup_stm32g030xx.o(RESET) refers to stm32g0xx_it.o(.text.SVC_Handler) for SVC_Handler
    startup_stm32g030xx.o(RESET) refers to stm32g0xx_it.o(.text.PendSV_Handler) for PendSV_Handler
    startup_stm32g030xx.o(RESET) refers to stm32g0xx_it.o(.text.SysTick_Handler) for SysTick_Handler
    startup_stm32g030xx.o(RESET) refers to stm32g0xx_it.o(.text.DMA1_Channel2_3_IRQHandler) for DMA1_Channel2_3_IRQHandler
    startup_stm32g030xx.o(RESET) refers to stm32g0xx_it.o(.text.DMA1_Ch4_5_DMAMUX1_OVR_IRQHandler) for DMA1_Ch4_5_DMAMUX1_OVR_IRQHandler
    startup_stm32g030xx.o(RESET) refers to stm32g0xx_it.o(.text.ADC1_IRQHandler) for ADC1_IRQHandler
    startup_stm32g030xx.o(RESET) refers to stm32g0xx_it.o(.text.TIM1_BRK_UP_TRG_COM_IRQHandler) for TIM1_BRK_UP_TRG_COM_IRQHandler
    startup_stm32g030xx.o(RESET) refers to stm32g0xx_it.o(.text.TIM1_CC_IRQHandler) for TIM1_CC_IRQHandler
    startup_stm32g030xx.o(RESET) refers to stm32g0xx_it.o(.text.TIM17_IRQHandler) for TIM17_IRQHandler
    startup_stm32g030xx.o(RESET) refers to stm32g0xx_it.o(.text.USART1_IRQHandler) for USART1_IRQHandler
    startup_stm32g030xx.o(.text) refers (Special) to heapauxi.o(.text) for __use_two_region_memory
    startup_stm32g030xx.o(.text) refers to system_stm32g0xx.o(.text.SystemInit) for SystemInit
    startup_stm32g030xx.o(.text) refers to __main.o(!!!main) for __main
    startup_stm32g030xx.o(.text) refers to startup_stm32g030xx.o(HEAP) for Heap_Mem
    startup_stm32g030xx.o(.text) refers to startup_stm32g030xx.o(STACK) for Stack_Mem
    retarget.o(.text) refers (Special) to use_no_semi_2.o(.text) for __use_no_semihosting
    retarget.o(.text.fputc) refers (Special) to use_no_semi_2.o(.text) for __use_no_semihosting
    retarget.o(.text.fputc) refers to usart.o(.text.sendchar) for sendchar
    retarget.o(.ARM.exidx.text.fputc) refers (Special) to use_no_semi_2.o(.text) for __use_no_semihosting
    retarget.o(.ARM.exidx.text.fputc) refers to retarget.o(.text.fputc) for [Anonymous Symbol]
    retarget.o(.text.ferror) refers (Special) to use_no_semi_2.o(.text) for __use_no_semihosting
    retarget.o(.ARM.exidx.text.ferror) refers (Special) to use_no_semi_2.o(.text) for __use_no_semihosting
    retarget.o(.ARM.exidx.text.ferror) refers to retarget.o(.text.ferror) for [Anonymous Symbol]
    retarget.o(.text._ttywrch) refers (Special) to use_no_semi_2.o(.text) for __use_no_semihosting
    retarget.o(.text._ttywrch) refers to usart.o(.text.sendchar) for sendchar
    retarget.o(.ARM.exidx.text._ttywrch) refers (Special) to use_no_semi_2.o(.text) for __use_no_semihosting
    retarget.o(.ARM.exidx.text._ttywrch) refers to retarget.o(.text._ttywrch) for [Anonymous Symbol]
    retarget.o(.text._sys_exit) refers (Special) to use_no_semi_2.o(.text) for __use_no_semihosting
    retarget.o(.ARM.exidx.text._sys_exit) refers (Special) to use_no_semi_2.o(.text) for __use_no_semihosting
    retarget.o(.ARM.exidx.text._sys_exit) refers to retarget.o(.text._sys_exit) for [Anonymous Symbol]
    retarget.o(.bss.__stdout) refers (Special) to use_no_semi_2.o(.text) for __use_no_semihosting
    retarget.o(.bss.__stdin) refers (Special) to use_no_semi_2.o(.text) for __use_no_semihosting
    main.o(.text.main) refers to main.o(.text.SystemClock_Config) for SystemClock_Config
    main.o(.text.main) refers to gpio.o(.text.MX_GPIO_Init) for MX_GPIO_Init
    main.o(.text.main) refers to dma.o(.text.MX_DMA_Init) for MX_DMA_Init
    main.o(.text.main) refers to tim.o(.text.MX_TIM17_Init) for MX_TIM17_Init
    main.o(.text.main) refers to tim.o(.text.MX_TIM1_Init) for MX_TIM1_Init
    main.o(.text.main) refers to tim.o(.text.MX_TIM3_Init) for MX_TIM3_Init
    main.o(.text.main) refers to usart.o(.text.MX_USART1_UART_Init) for MX_USART1_UART_Init
    main.o(.text.main) refers to adc.o(.text.MX_ADC1_Init) for MX_ADC1_Init
    main.o(.text.main) refers to spi.o(.text.MX_SPI1_Init) for MX_SPI1_Init
    main.o(.text.main) refers to foc_motor.o(.text.FOC_Init) for FOC_Init
    main.o(.text.main) refers to stm32g0xx_ll_utils.o(.text.LL_mDelay) for LL_mDelay
    main.o(.text.main) refers to foc_motor.o(.bss.pmsm_motor) for pmsm_motor
[...]
    __arm_cp.2_0                             0x08002478   Number         4  lpf_controller.o(.text.LPF_controller_calc)
    [Anonymous Symbol]                       0x0800247c   Section        0  lpf_controller.o(.text.LPF_controller_init)
    [Anonymous Symbol]                       0x08002480   Section        0  adc.o(.text.MX_ADC1_Init)
    __arm_cp.0_1                             0x080025dc   Number         4  adc.o(.text.MX_ADC1_Init)
    __arm_cp.0_2                             0x080025e0   Number         4  adc.o(.text.MX_ADC1_Init)
    __arm_cp.0_3                             0x080025e4   Number         4  adc.o(.text.MX_ADC1_Init)
    __arm_cp.0_4                             0x080025e8   Number         4  adc.o(.text.MX_ADC1_Init)
    __arm_cp.0_7                             0x080025ec   Number         4  adc.o(.text.MX_ADC1_Init)
    __arm_cp.0_8                             0x080025f0   Number         4  adc.o(.text.MX_ADC1_Init)
    [Anonymous Symbol]                       0x080025f4   Section        0  dma.o(.text.MX_DMA_Init)
    __arm_cp.0_0                             0x0800262c   Number         4  dma.o(.text.MX_DMA_Init)
    __arm_cp.0_1                             0x08002630   Number         4  dma.o(.text.MX_DMA_Init)
    [Anonymous Symbol]                       0x08002634   Section        0  gpio.o(.text.MX_GPIO_Init)
    __arm_cp.0_0                             0x080026a8   Number         4  gpio.o(.text.MX_GPIO_Init)
    __arm_cp.0_1                             0x080026ac   Number         4  gpio.o(.text.MX_GPIO_Init)
    [Anonymous Symbol]                       0x080026b0   Section        0  spi.o(.text.MX_SPI1_Init)
    __arm_cp.0_0                             0x08002768   Number         4  spi.o(.text.MX_SPI1_Init)
    __arm_cp.0_2                             0x0800276c   Number         4  spi.o(.text.MX_SPI1_Init)
    [Anonymous Symbol]                       0x08002770   Section        0  tim.o(.text.MX_TIM17_Init)
    __arm_cp.5_0                             0x080027b8   Number         4  tim.o(.text.MX_TIM17_Init)
    __arm_cp.5_2                             0x080027bc   Number         4  tim.o(.text.MX_TIM17_Init)
    __arm_cp.5_3                             0x080027c0   Number         4  tim.o(.text.MX_TIM17_Init)
    [Anonymous Symbol]                       0x080027c4   Section        0  tim.o(.text.MX_TIM1_Init)
    __arm_cp.0_0                             0x08002838   Number         4  tim.o(.text.MX_TIM1_Init)
    __arm_cp.0_1                             0x0800283c   Number         4  tim.o(.text.MX_TIM1_Init)
    __arm_cp.0_2                             0x08002840   Number         4  tim.o(.text.MX_TIM1_Init)
    [Anonymous Symbol]                       0x08002844   Section        0  tim.o(.text.MX_TIM3_Init)
    __arm_cp.2_0                             0x080029a4   Number         4  tim.o(.text.MX_TIM3_Init)
    __arm_cp.2_1                             0x080029a8   Number         4  tim.o(.text.MX_TIM3_Init)
    __arm_cp.2_2                             0x080029ac   Number         4  tim.o(.text.MX_TIM3_Init)
    __arm_cp.2_3                             0x080029b0   Number         4  tim.o(.text.MX_TIM3_Init)
    __arm_cp.2_4                             0x080029b4   Number         4  tim.o(.text.MX_TIM3_Init)
    __arm_cp.2_5                             0x080029b8   Number         4  tim.o(.text.MX_TIM3_Init)
    __arm_cp.2_6                             0x080029bc   Number         4  tim.o(.text.MX_TIM3_Init)
    __arm_cp.2_7                             0x080029c0   Number         4  tim.o(.text.MX_TIM3_Init)
    [Anonymous Symbol]                       0x080029c4   Section        0  usart.o(.text.MX_USART1_UART_Init)
    __arm_cp.0_0                             0x08002b4c   Number         4  usart.o(.text.MX_USART1_UART_Init)
    __arm_cp.0_1                             0x08002b50   Number         4  usart.o(.text.MX_USART1_UART_Init)
    __arm_cp.0_2                             0x08002b54   Number         4  usart.o(.text.MX_USART1_UART_Init)
    __arm_cp.0_3                             0x08002b58   Number         4  usart.o(.text.MX_USART1_UART_Init)
    __arm_cp.0_4                             0x08002b5c   Number         4  usart.o(.text.MX_USART1_UART_Init)
    __arm_cp.0_5                             0x08002b60   Number         4  usart.o(.text.MX_USART1_UART_Init)
    __arm_cp.0_6                             0x08002b64   Number         4  usart.o(.text.MX_USART1_UART_Init)
    __arm_cp.0_7                             0x08002b68   Number         4  usart.o(.text.MX_USART1_UART_Init)
    __arm_cp.0_8                             0x08002b6c   Number         4  usart.o(.text.MX_USART1_UART_Init)
    __arm_cp.0_9                             0x08002b70   Number         4  usart.o(.text.MX_USART1_UART_Init)
    __arm_cp.0_10                            0x08002b74   Number         4  usart.o(.text.MX_USART1_UART_Init)
    [Anonymous Symbol]                       0x08002b78   Section        0  magnetic_sensor.o(.text.Magnetic_Sensor_get)
    [Anonymous Symbol]                       0x08002b96   Section        0  magnetic_sensor.o(.text.Magnetic_Sensor_get_V)
    [Anonymous Symbol]                       0x08002bb4   Section        0  magnetic_sensor.o(.text.Magnetic_Sensor_init)
    [Anonymous Symbol]                       0x08002bb8   Section        0  magnetic_sensor.o(.text.Magnetic_Sensor_start)
    __arm_cp.2_0                             0x08002c28   Number         4  magnetic_sensor.o(.text.Magnetic_Sensor_start)
    [Anonymous Symbol]                       0x08002c2c   Section        0  ni_controller.o(.text.NI_Controller_calc)
    __arm_cp.2_0                             0x08002cc0   Number         4  ni_controller.o(.text.NI_Controller_calc)
    [Anonymous Symbol]                       0x08002cc4   Section        0  ni_controller.o(.text.NI_Controller_get)
    [Anonymous Symbol]                       0x08002d1c   Section        0  ni_controller.o(.text.NI_Controller_get_)
    [Anonymous Symbol]                       0x08002d44   Section        0  ni_controller.o(.text.NI_Controller_init)
    __arm_cp.1_0                             0x08002d58   Number         4  ni_controller.o(.text.NI_Controller_init)
    [Anonymous Symbol]                       0x08002d5c   Section        0  stm32g0xx_it.o(.text.NMI_Handler)
    [Anonymous Symbol]                       0x08002d60   Section        0  pid_controller.o(.text.PID_Controller_calc)
    __arm_cp.2_0                             0x08002db8   Number         4  pid_controller.o(.text.PID_Controller_calc)
    [Anonymous Symbol]                       0x08002dbc   Section        0  pid_controller.o(.text.PID_Controller_init)
    __arm_cp.1_0                             0x08002e08   Number         4  pid_controller.o(.text.PID_Controller_init)
    [Anonymous Symbol]                       0x08002e0c   Section        0  pid_controller.o(.text.PID_Controller_set)
    [Anonymous Symbol]                       0x08002e10   Section        0  stm32g0xx_it.o(.text.PendSV_Handler)
    RCC_GetSystemClockFreq                   0x08002e15   Thumb Code    64  stm32g0xx_ll_rcc.o(.text.RCC_GetSystemClockFreq)
    [Anonymous Symbol]                       0x08002e14   Section        0  stm32g0xx_ll_rcc.o(.text.RCC_GetSystemClockFreq)
    __arm_cp.2_1                             0x08002e54   Number         4  stm32g0xx_ll_rcc.o(.text.RCC_GetSystemClockFreq)
    [Anonymous Symbol]                       0x08002e58   Section        0  spi.o(.text.SPIx_ReadData16)
    [Anonymous Symbol]                       0x08002e7a   Section        0  stm32g0xx_it.o(.text.SVC_Handler)
    [Anonymous Symbol]                       0x08002e7c   Section        0  stm32g0xx_it.o(.text.SysTick_Handler)
    [Anonymous Symbol]                       0x08002e80   Section        0  main.o(.text.SystemClock_Config)
    __arm_cp.1_0                             0x08002f04   Number         4  main.o(.text.SystemClock_Config)
    __arm_cp.1_1                             0x08002f08   Number         4  main.o(.text.SystemClock_Config)
    __arm_cp.1_2                             0x08002f0c   Number         4  main.o(.text.SystemClock_Config)
    __arm_cp.1_3                             0x08002f10   Number         4  main.o(.text.SystemClock_Config)
    __arm_cp.1_4                             0x08002f14   Number         4  main.o(.text.SystemClock_Config)
    [Anonymous Symbol]                       0x08002f18   Section        0  system_stm32g0xx.o(.text.SystemInit)
    [Anonymous Symbol]                       0x08002f1c   Section        0  tim.o(.text.TIM17_Config)
    __arm_cp.7_0                             0x08002f30   Number         4  tim.o(.text.TIM17_Config)
    [Anonymous Symbol]                       0x08002f34   Section        0  stm32g0xx_it.o(.text.TIM17_IRQHandler)
    __arm_cp.10_0                            0x08002f4c   Number         4  stm32g0xx_it.o(.text.TIM17_IRQHandler)
    __arm_cp.10_1                            0x08002f50   Number         4  stm32g0xx_it.o(.text.TIM17_IRQHandler)
    [Anonymous Symbol]                       0x08002f54   Section        0  stm32g0xx_it.o(.text.TIM1_BRK_UP_TRG_COM_IRQHandler)
    __arm_cp.8_0                             0x08002f74   Number         4  stm32g0xx_it.o(.text.TIM1_BRK_UP_TRG_COM_IRQHandler)
    __arm_cp.8_1                             0x08002f78   Number         4  stm32g0xx_it.o(.text.TIM1_BRK_UP_TRG_COM_IRQHandler)
    __arm_cp.8_2                             0x08002f7c   Number         4  stm32g0xx_it.o(.text.TIM1_BRK_UP_TRG_COM_IRQHandler)
    [Anonymous Symbol]                       0x08002f80   Section        0  stm32g0xx_it.o(.text.TIM1_CC_IRQHandler)
    [Anonymous Symbol]                       0x08002f84   Section        0  tim.o(.text.TIM_PWM_Config)
    __arm_cp.6_0                             0x08002fdc   Number         4  tim.o(.text.TIM_PWM_Config)
    __arm_cp.6_1                             0x08002fe0   Number         4  tim.o(.text.TIM_PWM_Config)
    [Anonymous Symbol]                       0x08002fe4   Section        0  stm32g0xx_it.o(.text.USART1_IRQHandler)
    __arm_cp.11_0                            0x0800303c   Number         4  stm32g0xx_it.o(.text.USART1_IRQHandler)
    [Anonymous Symbol]                       0x08003040   Section        0  usart.o(.text.USART_DMA_Config)
    __arm_cp.1_0                             0x08003104   Number         4  usart.o(.text.USART_DMA_Config)
    __arm_cp.1_1                             0x08003108   Number         4  usart.o(.text.USART_DMA_Config)
    __arm_cp.1_2                             0x0800310c   Number         4  usart.o(.text.USART_DMA_Config)
    __arm_cp.1_3                             0x08003110   Number         4  usart.o(.text.USART_DMA_Config)
    __arm_cp.1_4                             0x08003114   Number         4  usart.o(.text.USART_DMA_Config)
    __arm_cp.1_5                             0x08003118   Number         4  usart.o(.text.USART_DMA_Config)
    [Anonymous Symbol]                       0x0800311c   Section        0  retarget.o(.text._sys_exit)
    [Anonymous Symbol]                       0x0800311e   Section        0  retarget.o(.text._ttywrch)
    [Anonymous Symbol]                       0x08003128   Section        0  fastmathfunctions.o(.text.arm_cos_q15)
    __arm_cp.1_0                             0x08003164   Number         4  fastmathfunctions.o(.text.arm_cos_q15)
    [Anonymous Symbol]                       0x08003168   Section        0  supportfunctions.o(.text.arm_float_to_q15)
    __arm_cp.30_0                            0x0800319c   Number         4  supportfunctions.o(.text.arm_float_to_q15)
    __arm_cp.30_1                            0x080031a0   Number         4  supportfunctions.o(.text.arm_float_to_q15)
    [Anonymous Symbol]                       0x080031a4   Section        0  supportfunctions.o(.text.arm_q15_to_float)
    [Anonymous Symbol]                       0x080031cc   Section        0  fastmathfunctions.o(.text.arm_sin_q15)
    __arm_cp.4_0                             0x080031fc   Number         4  fastmathfunctions.o(.text.arm_sin_q15)
    __arm_cp.4_1                             0x08003200   Number         4  fastmathfunctions.o(.text.arm_sin_q15)
    [Anonymous Symbol]                       0x08003204   Section        0  foc_motor.o(.text.foc_communication)
    [Anonymous Symbol]                       0x08003228   Section        0  foc_motor.o(.text.foc_controller)
    [Anonymous Symbol]                       0x08003234   Section        0  svpwm_driver.o(.text.foc_svpwm_calc)
    __arm_cp.2_1                             0x080032f8   Number         4  svpwm_driver.o(.text.foc_svpwm_calc)
    [Anonymous Symbol]                       0x080032fc   Section        0  svpwm_driver.o(.text.foc_svpwm_init)
    [Anonymous Symbol]                       0x08003300   Section        0  svpwm_driver.o(.text.foc_svpwm_stop)
    [Anonymous Symbol]                       0x0800330c   Section        0  svpwm_driver.o(.text.foc_svpwm_write_)
    __arm_cp.4_0                             0x08003370   Number         4  svpwm_driver.o(.text.foc_svpwm_write_)
    __arm_cp.4_1                             0x08003374   Number         4  svpwm_driver.o(.text.foc_svpwm_write_)
    [Anonymous Symbol]                       0x08003378   Section        0  retarget.o(.text.fputc)
    [Anonymous Symbol]                       0x08003380   Section        0  main.o(.text.main)
    __arm_cp.0_0                             0x080033f0   Number         4  main.o(.text.main)
    __arm_cp.0_1                             0x080033f4   Number         4  main.o(.text.main)
    __arm_cp.0_2                             0x080033f8   Number         4  main.o(.text.main)
    [Anonymous Symbol]                       0x080033fc   Section        0  mymaths.o(.text.my_float_to_q15)
    [Anonymous Symbol]                       0x08003414   Section        0  mymaths.o(.text.my_float_to_q17_15_t)
    __arm_cp.5_0                             0x0800343c   Number         4  mymaths.o(.text.my_float_to_q17_15_t)
    [Anonymous Symbol]                       0x08003440   Section        0  mymaths.o(.text.my_mult_q15)
    [Anonymous Symbol]                       0x08003448   Section        0  mymaths.o(.text.my_mult_q17_15_t_and_q15)
    [Anonymous Symbol]                       0x08003460   Section        0  mymaths.o(.text.my_q15_to_float)
    [Anonymous Symbol]                       0x08003474   Section        0  current_sensor.o(.text.new_Current_Sensor)
    __arm_cp.0_1                             0x080034ec   Number         4  current_sensor.o(.text.new_Current_Sensor)
    __arm_cp.0_2                             0x080034f0   Number         4  current_sensor.o(.text.new_Current_Sensor)
    __arm_cp.0_3                             0x080034f4   Number         4  current_sensor.o(.text.new_Current_Sensor)
    [Anonymous Symbol]                       0x08003528   Section        0  lpf_controller.o(.text.new_LPF_Controller)
    __arm_cp.0_1                             0x08003584   Number         4  lpf_controller.o(.text.new_LPF_Controller)
    __arm_cp.0_2                             0x08003588   Number         4  lpf_controller.o(.text.new_LPF_Controller)
    [Anonymous Symbol]                       0x080035bc   Section        0  magnetic_sensor.o(.text.new_Magnetic_Sensor)
    __arm_cp.0_1                             0x08003640   Number         4  magnetic_sensor.o(.text.new_Magnetic_Sensor)
    __arm_cp.0_2                             0x08003644   Number         4  magnetic_sensor.o(.text.new_Magnetic_Sensor)
    __arm_cp.0_3                             0x08003648   Number         4  magnetic_sensor.o(.text.new_Magnetic_Sensor)
    __arm_cp.0_4                             0x0800364c   Number         4  magnetic_sensor.o(.text.new_Magnetic_Sensor)
    [Anonymous Symbol]                       0x08003684   Section        0  ni_controller.o(.text.new_NI_Controller)
    __arm_cp.0_1                             0x080036f0   Number         4  ni_controller.o(.text.new_NI_Controller)
    __arm_cp.0_2                             0x080036f4   Number         4  ni_controller.o(.text.new_NI_Controller)
    __arm_cp.0_3                             0x080036f8   Number         4  ni_controller.o(.text.new_NI_Controller)
    __arm_cp.0_4                             0x080036fc   Number         4  ni_controller.o(.text.new_NI_Controller)
    __arm_cp.0_5                             0x08003700   Number         4  ni_controller.o(.text.new_NI_Controller)
    [Anonymous Symbol]                       0x08003734   Section        0  pid_controller.o(.text.new_PID_Controller)
    __arm_cp.0_1                             0x08003790   Number         4  pid_controller.o(.text.new_PID_Controller)
    __arm_cp.0_2                             0x08003794   Number         4  pid_controller.o(.text.new_PID_Controller)
    __arm_cp.0_3                             0x08003798   Number         4  pid_controller.o(.text.new_PID_Controller)
    [Anonymous Symbol]                       0x080037cc   Section        0  pmsm_motor.o(.text.new_PMSM_Motor)
    __arm_cp.0_1                             0x08003870   Number         4  pmsm_motor.o(.text.new_PMSM_Motor)
    __arm_cp.0_2                             0x08003874   Number         4  pmsm_motor.o(.text.new_PMSM_Motor)
    __arm_cp.0_3                             0x08003878   Number         4  pmsm_motor.o(.text.new_PMSM_Motor)
    __arm_cp.0_4                             0x0800387c   Number         4  pmsm_motor.o(.text.new_PMSM_Motor)
    __arm_cp.0_5                             0x08003880   Number         4  pmsm_motor.o(.text.new_PMSM_Motor)
    __arm_cp.0_6                             0x08003884   Number         4  pmsm_motor.o(.text.new_PMSM_Motor)
    __arm_cp.0_7                             0x08003888   Number         4  pmsm_motor.o(.text.new_PMSM_Motor)
    __arm_cp.0_8                             0x0800388c   Number         4  pmsm_motor.o(.text.new_PMSM_Motor)
    __arm_cp.0_9                             0x08003890   Number         4  pmsm_motor.o(.text.new_PMSM_Motor)
    __arm_cp.0_10                            0x08003894   Number         4  pmsm_motor.o(.text.new_PMSM_Motor)
    [Anonymous Symbol]                       0x080038c4   Section        0  svpwm_driver.o(.text.new_SVPWM_Driver)
    __arm_cp.0_1                             0x08003924   Number         4  svpwm_driver.o(.text.new_SVPWM_Driver)
    __arm_cp.0_2                             0x08003928   Number         4  svpwm_driver.o(.text.new_SVPWM_Driver)
    __arm_cp.0_3                             0x0800392c   Number         4  svpwm_driver.o(.text.new_SVPWM_Driver)
    __arm_cp.0_4                             0x08003930   Number         4  svpwm_driver.o(.text.new_SVPWM_Driver)
    [Anonymous Symbol]                       0x08003964   Section        0  pmsm_motor.o(.text.pmsm_motor_ctrl)
    [Anonymous Symbol]                       0x0800397c   Section        0  pmsm_motor.o(.text.pmsm_motor_ctrl_position)
    __arm_cp.4_0                             0x08003a04   Number         4  pmsm_motor.o(.text.pmsm_motor_ctrl_position)
    __arm_cp.4_1                             0x08003a08   Number         4  pmsm_motor.o(.text.pmsm_motor_ctrl_position)
    [Anonymous Symbol]                       0x08003a0c   Section        0  pmsm_motor.o(.text.pmsm_motor_init)
    __arm_cp.1_0                             0x08003af0   Number         4  pmsm_motor.o(.text.pmsm_motor_init)
    __arm_cp.1_1                             0x08003af4   Number         4  pmsm_motor.o(.text.pmsm_motor_init)
    __arm_cp.1_2                             0x08003af8   Number         4  pmsm_motor.o(.text.pmsm_motor_init)
    __arm_cp.1_3                             0x08003afc   Number         4  pmsm_motor.o(.text.pmsm_motor_init)
    __arm_cp.1_4                             0x08003b00   Number         4  pmsm_motor.o(.text.pmsm_motor_init)
    __arm_cp.1_5                             0x08003b04   Number         4  pmsm_motor.o(.text.pmsm_motor_init)
    __arm_cp.1_6                             0x08003b08   Number         4  pmsm_motor.o(.text.pmsm_motor_init)
    __arm_cp.1_7                             0x08003b0c   Number         4  pmsm_motor.o(.text.pmsm_motor_init)
    __arm_cp.1_8                             0x08003b10   Number         4  pmsm_motor.o(.text.pmsm_motor_init)
    __arm_cp.1_9                             0x08003b14   Number         4  pmsm_motor.o(.text.pmsm_motor_init)
    __arm_cp.1_10                            0x08003b18   Number         4  pmsm_motor.o(.text.pmsm_motor_init)
    __arm_cp.1_11                            0x08003b1c   Number         4  pmsm_motor.o(.text.pmsm_motor_init)
    __arm_cp.1_12                            0x08003b20   Number         4  pmsm_motor.o(.text.pmsm_motor_init)
    __arm_cp.1_13                            0x08003b24   Number         4  pmsm_motor.o(.text.pmsm_motor_init)
    [Anonymous Symbol]                       0x08003b28   Section        0  pmsm_motor.o(.text.pmsm_motor_port)
    [Anonymous Symbol]                       0x08003b6c   Section        0  pmsm_motor.o(.text.pmsm_motor_run)
    __arm_cp.6_0                             0x08003c08   Number         4  pmsm_motor.o(.text.pmsm_motor_run)
    __arm_cp.6_1                             0x08003c0c   Number         4  pmsm_motor.o(.text.pmsm_motor_run)
    __arm_cp.6_3                             0x08003c24   Number         4  pmsm_motor.o(.text.pmsm_motor_run)
    __arm_cp.6_4                             0x08003c28   Number         4  pmsm_motor.o(.text.pmsm_motor_run)
    [Anonymous Symbol]                       0x08003c2c   Section        0  pmsm_motor.o(.text.pmsm_motor_sensor_get)
    [Anonymous Symbol]                       0x08003c48   Section        0  pmsm_motor.o(.text.pmsm_motor_start)
    __arm_cp.2_0                             0x08003c54   Number         4  pmsm_motor.o(.text.pmsm_motor_start)
    [Anonymous Symbol]                       0x08003c58   Section        0  usart.o(.text.sendchar)
    __arm_cp.2_0                             0x08003c68   Number         4  usart.o(.text.sendchar)
    i.__ARM_common_ll_muluu                  0x08003c6c   Section        0  btod.o(i.__ARM_common_ll_muluu)
    i.__ARM_fpclassify                       0x08003c9c   Section        0  fpclassify.o(i.__ARM_fpclassify)
    i._is_digit                              0x08003cc8   Section        0  __printf_wp.o(i._is_digit)
    locale$$code                             0x08003cd8   Section       44  lc_numeric_c.o(locale$$code)
    locale$$code                             0x08003d04   Section       44  lc_ctype_c.o(locale$$code)
    x$fpl$fmul                               0x08003d30   Section      176  fmul.o(x$fpl$fmul)
    x$fpl$printf1                            0x08003de0   Section       16  printf1.o(x$fpl$printf1)
    maptable                                 0x08003df0   Data          17  __printf_flags_wp.o(.constdata)
    .constdata                               0x08003df0   Section       17  __printf_flags_wp.o(.constdata)
    x$fpl$usenofp                            0x08003df0   Section        0  usenofp.o(x$fpl$usenofp)
    tenpwrs_x                                0x08003e04   Data          60  bigflt0.o(.constdata)
    .constdata                               0x08003e04   Section      148  bigflt0.o(.constdata)
    tenpwrs_i                                0x08003e40   Data          64  bigflt0.o(.constdata)
    locale$$data                             0x0800431c   Section       28  lc_numeric_c.o(locale$$data)
    __lcnum_c_name                           0x08004320   Data           2  lc_numeric_c.o(locale$$data)
    __lcnum_c_start                          0x08004328   Data           0  lc_numeric_c.o(locale$$data)
    __lcnum_c_point                          0x08004334   Data           0  lc_numeric_c.o(locale$$data)
    __lcnum_c_thousands                      0x08004336   Data           0  lc_numeric_c.o(locale$$data)
    __lcnum_c_grouping                       0x08004337   Data           0  lc_numeric_c.o(locale$$data)
    __lcnum_c_end                            0x08004338   Data           0  lc_numeric_c.o(locale$$data)
    locale$$data                             0x08004338   Section      272  lc_ctype_c.o(locale$$data)
    __lcctype_c_name                         0x0800433c   Data           2  lc_ctype_c.o(locale$$data)
    __lcctype_c_start                        0x08004344   Data           0  lc_ctype_c.o(locale$$data)
    __lcctype_c_end                          0x08004448   Data           0  lc_ctype_c.o(locale$$data)
    .bss                                     0x20000108   Section       96  libspace.o(.bss)
    Loop_Is_Timeout_Xms.start_time           0x20000168   Data           4  tim.o(.bss..L_MergedGlobals)
    [Anonymous Symbol]                       0x20000168   Section        0  tim.o(.bss..L_MergedGlobals)
    pmsm_motor_ctrl_position.v_counter       0x20000170   Data           1  pmsm_motor.o(.bss..L_MergedGlobals)
    [Anonymous Symbol]                       0x20000170   Section        0  pmsm_motor.o(.bss..L_MergedGlobals)
    pmsm_motor_ctrl_position.p_v_counter     0x20000171   Data           1  pmsm_motor.o(.bss..L_MergedGlobals)
    Heap_Mem                                 0x200003d0   Data        1024  startup_stm32g030xx.o(HEAP)
    HEAP                                     0x200003d0   Section     1024  startup_stm32g030xx.o(HEAP)
    Stack_Mem                                0x200007d0   Data        2048  startup_stm32g030xx.o(STACK)
    STACK                                    0x200007d0   Section     2048  startup_stm32g030xx.o(STACK)
    __initial_sp                             0x20000fd0   Data           0  startup_stm32g030xx.o(STACK)

    Global Symbols

    Symbol Name                              Value     Ov Type        Size  Object(Section)

    BuildAttributes$$THM_ISAv3M$S$PE$A:L22$X:L11$S22$IEEE1$IW$~IW$USESV6$~STKCKD$USESV7$~SHL$OTIME$ROPI$IEEEX$EBA8$UX$STANDARDLIB$REQ8$PRES8$EABIv2 0x00000000   Number         0  anon$$obj.o ABSOLUTE
    _printf_flags                            0x00000000   Number         0  printf_stubs.o ABSOLUTE
    _printf_return_value                     0x00000000   Number         0  printf_stubs.o ABSOLUTE
    _printf_sizespec                         0x00000000   Number         0  printf_stubs.o ABSOLUTE
    _printf_widthprec                        0x00000000   Number         0  printf_stubs.o ABSOLUTE
    __ARM_exceptions_init                     - Undefined Weak Reference
    __alloca_initialize                       - Undefined Weak Reference
    __arm_preinit_                            - Undefined Weak Reference
    __arm_relocate_pie_                       - Undefined Weak Reference
    __cpp_initialize__aeabi_                  - Undefined Weak Reference
    __cxa_finalize                            - Undefined Weak Reference
    __sigvec_lookup                           - Undefined Weak Reference
    __user_heap_extent                        - Undefined Weak Reference
    _atexit_init                              - Undefined Weak Reference
    _call_atexit_fns                          - Undefined Weak Reference
    _clock_init                               - Undefined Weak Reference
    _fp_trap_init                             - Undefined Weak Reference
    _fp_trap_shutdown                         - Undefined Weak Reference
    _get_lc_collate                           - Undefined Weak Reference
    _get_lc_monetary                          - Undefined Weak Reference
    _get_lc_time                              - Undefined Weak Reference
    _getenv_init                              - Undefined Weak Reference
    _handle_redirection                       - Undefined Weak Reference
    _initio                                   - Undefined Weak Reference
    _mutex_acquire                            - Undefined Weak Reference
    _mutex_free                               - Undefined Weak Reference
    _mutex_release                            - Undefined Weak Reference
    _printf_post_padding                      - Undefined Weak Reference
    _printf_pre_padding                       - Undefined Weak Reference
    _rand_init                                - Undefined Weak Reference
    _scanf_longlong                           - Undefined Weak Reference
    _scanf_mbtowc                             - Undefined Weak Reference
    _scanf_real                               - Undefined Weak Reference
    _scanf_string                             - Undefined Weak Reference
    _scanf_wctomb                             - Undefined Weak Reference
    _scanf_wstring                            - Undefined Weak Reference
    _signal_finish                            - Undefined Weak Reference
    _signal_init                              - Undefined Weak Reference
    _terminateio                              - Undefined Weak Reference
    __Vectors_Size                           0x000000c0   Number         0  startup_stm32g030xx.o ABSOLUTE
    __Vectors                                0x08000000   Data           4  startup_stm32g030xx.o(RESET)
    __Vectors_End                            0x080000c0   Data           0  startup_stm32g030xx.o(RESET)
    __main                                   0x080000c1   Thumb Code     8  __main.o(!!!main)
    __scatterload                            0x080000c9   Thumb Code     0  __scatter.o(!!!scatter)
    __scatterload_rt2                        0x080000c9   Thumb Code    52  __scatter.o(!!!scatter)
    __scatterload_rt2_thumb_only             0x080000c9   Thumb Code     0  __scatter.o(!!!scatter)
    __scatterload_null                       0x080000d9   Thumb Code     0  __scatter.o(!!!scatter)
    __scatterload_copy                       0x08000105   Thumb Code    26  __scatter_copy.o(!!handler_copy)
    __scatterload_zeroinit                   0x08000121   Thumb Code    28  __scatter_zi.o(!!handler_zi)
    _printf_percent                          0x0800013d   Thumb Code     0  _printf_percent.o(.ARM.Collect$$_printf_percent$$00000000)
    _printf_f                                0x0800013f   Thumb Code     0  _printf_f.o(.ARM.Collect$$_printf_percent$$00000003)
    _printf_percent_end                      0x08000149   Thumb Code     0  _printf_percent_end.o(.ARM.Collect$$_printf_percent$$00000017)
    __rt_lib_init                            0x0800014d   Thumb Code     0  libinit.o(.ARM.Collect$$libinit$$00000000)
    __rt_lib_init_fp_1                       0x0800014f   Thumb Code     0  libinit2.o(.ARM.Collect$$libinit$$00000002)
    __rt_lib_init_heap_2                     0x0800014f   Thumb Code     0  libinit2.o(.ARM.Collect$$libinit$$00000007)
    __rt_lib_init_preinit_1                  0x0800014f   Thumb Code     0  libinit2.o(.ARM.Collect$$libinit$$00000006)
    __rt_lib_init_relocate_pie_1             0x0800014f   Thumb Code     0  libinit2.o(.ARM.Collect$$libinit$$00000004)
    __rt_lib_init_heap_1                     0x08000157   Thumb Code     0  libinit2.o(.ARM.Collect$$libinit$$0000000C)
    __rt_lib_init_lc_common                  0x08000157   Thumb Code     0  libinit2.o(.ARM.Collect$$libinit$$00000011)
    __rt_lib_init_rand_1                     0x08000157   Thumb Code     0  libinit2.o(.ARM.Collect$$libinit$$00000010)
    __rt_lib_init_user_alloc_1               0x08000157   Thumb Code     0  libinit2.o(.ARM.Collect$$libinit$$0000000E)
    __rt_lib_init_lc_collate_1               0x0800015d   Thumb Code     0  libinit2.o(.ARM.Collect$$libinit$$00000013)
    __rt_lib_init_lc_ctype_2                 0x0800015d   Thumb Code     0  libinit2.o(.ARM.Collect$$libinit$$00000014)
    __rt_lib_init_lc_ctype_1                 0x08000169   Thumb Code     0  libinit2.o(.ARM.Collect$$libinit$$00000015)
    __rt_lib_init_lc_monetary_1              0x08000169   Thumb Code     0  libinit2.o(.ARM.Collect$$libinit$$00000017)
    __rt_lib_init_lc_numeric_2               0x08000169   Thumb Code     0  libinit2.o(.ARM.Collect$$libinit$$00000018)
    __rt_lib_init_alloca_1                   0x08000173   Thumb Code     0  libinit2.o(.ARM.Collect$$libinit$$00000030)
    __rt_lib_init_argv_1                     0x08000173   Thumb Code     0  libinit2.o(.ARM.Collect$$libinit$$0000002E)
    __rt_lib_init_atexit_1                   0x08000173   Thumb Code     0  libinit2.o(.ARM.Collect$$libinit$$0000001D)
    __rt_lib_init_clock_1                    0x08000173   Thumb Code     0  libinit2.o(.ARM.Collect$$libinit$$00000023)
    __rt_lib_init_cpp_1                      0x08000173   Thumb Code     0  libinit2.o(.ARM.Collect$$libinit$$00000034)
    __rt_lib_init_exceptions_1               0x08000173   Thumb Code     0  libinit2.o(.ARM.Collect$$libinit$$00000032)
    __rt_lib_init_fp_trap_1                  0x08000173   Thumb Code     0  libinit2.o(.ARM.Collect$$libinit$$00000021)
    __rt_lib_init_getenv_1                   0x08000173   Thumb Code     0  libinit2.o(.ARM.Collect$$libinit$$00000025)
    __rt_lib_init_lc_numeric_1               0x08000173   Thumb Code     0  libinit2.o(.ARM.Collect$$libinit$$00000019)
    __rt_lib_init_lc_time_1                  0x08000173   Thumb Code     0  libinit2.o(.ARM.Collect$$libinit$$0000001B)
    __rt_lib_init_return                     0x08000173   Thumb Code     0  libinit2.o(.ARM.Collect$$libinit$$00000035)
    __rt_lib_init_signal_1                   0x08000173   Thumb Code     0  libinit2.o(.ARM.Collect$$libinit$$0000001F)
    __rt_lib_init_stdio_1                    0x08000173   Thumb Code     0  libinit2.o(.ARM.Collect$$libinit$$00000027)
    __rt_lib_shutdown                        0x08000175   Thumb Code     0  libshutdown.o(.ARM.Collect$$libshutdown$$00000000)
    __rt_lib_shutdown_cpp_1                  0x08000177   Thumb Code     0  libshutdown2.o(.ARM.Collect$$libshutdown$$00000002)
    __rt_lib_shutdown_fp_trap_1              0x08000177   Thumb Code     0  libshutdown2.o(.ARM.Collect$$libshutdown$$00000007)
    __rt_lib_shutdown_heap_1                 0x08000177   Thumb Code     0  libshutdown2.o(.ARM.Collect$$libshutdown$$0000000F)
    __rt_lib_shutdown_return                 0x08000177   Thumb Code     0  libshutdown2.o(.ARM.Collect$$libshutdown$$00000010)
    __rt_lib_shutdown_signal_1               0x08000177   Thumb Code     0  libshutdown2.o(.ARM.Collect$$libshutdown$$0000000A)
    __rt_lib_shutdown_stdio_1                0x08000177   Thumb Code     0  libshutdown2.o(.ARM.Collect$$libshutdown$$00000004)
    __rt_lib_shutdown_user_alloc_1           0x08000177   Thumb Code     0  libshutdown2.o(.ARM.Collect$$libshutdown$$0000000C)
    __rt_entry                               0x08000179   Thumb Code     0  __rtentry.o(.ARM.Collect$$rtentry$$00000000)
    __rt_entry_presh_1                       0x08000179   Thumb Code     0  __rtentry2.o(.ARM.Collect$$rtentry$$00000002)
    __rt_entry_sh                            0x08000179   Thumb Code     0  __rtentry4.o(.ARM.Collect$$rtentry$$00000004)
    __rt_entry_li                            0x0800017f   Thumb Code     0  __rtentry2.o(.ARM.Collect$$rtentry$$0000000A)
    __rt_entry_postsh_1                      0x0800017f   Thumb Code     0  __rtentry2.o(.ARM.Collect$$rtentry$$00000009)
    __rt_entry_main                          0x08000183   Thumb Code     0  __rtentry2.o(.ARM.Collect$$rtentry$$0000000D)
    __rt_entry_postli_1                      0x08000183   Thumb Code     0  __rtentry2.o(.ARM.Collect$$rtentry$$0000000C)
    __rt_exit                                0x0800018b   Thumb Code     0  rtexit.o(.ARM.Collect$$rtexit$$00000000)
    __rt_exit_ls                             0x0800018d   Thumb Code     0  rtexit2.o(.ARM.Collect$$rtexit$$00000003)
    __rt_exit_prels_1                        0x0800018d   Thumb Code     0  rtexit2.o(.ARM.Collect$$rtexit$$00000002)
    __rt_exit_exit                           0x08000191   Thumb Code     0  rtexit2.o(.ARM.Collect$$rtexit$$00000004)
    Reset_Handler                            0x08000199   Thumb Code     8  startup_stm32g030xx.o(.text)
    DMA1_Channel1_IRQHandler                 0x080001ab   Thumb Code     0  startup_stm32g030xx.o(.text)
    EXTI0_1_IRQHandler                       0x080001ab   Thumb Code     0  startup_stm32g030xx.o(.text)
    EXTI2_3_IRQHandler                       0x080001ab   Thumb Code     0  startup_stm32g030xx.o(.text)
    EXTI4_15_IRQHandler                      0x080001ab   Thumb Code     0  startup_stm32g030xx.o(.text)
    FLASH_IRQHandler                         0x080001ab   Thumb Code     0  startup_stm32g030xx.o(.text)
    I2C1_IRQHandler                          0x080001ab   Thumb Code     0  startup_stm32g030xx.o(.text)
    I2C2_IRQHandler                          0x080001ab   Thumb Code     0  startup_stm32g030xx.o(.text)
    RCC_IRQHandler                           0x080001ab   Thumb Code     0  startup_stm32g030xx.o(.text)
    RTC_TAMP_IRQHandler                      0x080001ab   Thumb Code     0  startup_stm32g030xx.o(.text)
    SPI1_IRQHandler                          0x080001ab   Thumb Code     0  startup_stm32g030xx.o(.text)
    SPI2_IRQHandler                          0x080001ab   Thumb Code     0  startup_stm32g030xx.o(.text)
    TIM14_IRQHandler                         0x080001ab   Thumb Code     0  startup_stm32g030xx.o(.text)
    TIM16_IRQHandler                         0x080001ab   Thumb Code     0  startup_stm32g030xx.o(.text)
    TIM3_IRQHandler                          0x080001ab   Thumb Code     0  startup_stm32g030xx.o(.text)
    USART2_IRQHandler                        0x080001ab   Thumb Code     0  startup_stm32g030xx.o(.text)
    WWDG_IRQHandler                          0x080001ab   Thumb Code     0  startup_stm32g030xx.o(.text)
    __user_initial_stackheap                 0x080001ad   Thumb Code     0  startup_stm32g030xx.o(.text)
    __use_no_semihosting                     0x080001d1   Thumb Code     2  use_no_semi_2.o(.text)
    malloc                                   0x080001d3   Thumb Code    98  h1_alloc.o(.text)
    free                                     0x08000235   Thumb Code    76  h1_free.o(.text)
    __aeabi_lmul                             0x08000281   Thumb Code    48  llmul.o(.text)
    _ll_mul                                  0x08000281   Thumb Code     0  llmul.o(.text)
    __2sprintf                               0x080002b1   Thumb Code    40  __2sprintf.o(.text)
    __printf                                 0x080002dd   Thumb Code   306  __printf_flags_wp.o(.text)
    __0sscanf                                0x08000415   Thumb Code    54  __0sscanf.o(.text)
    _scanf_int                               0x08000455   Thumb Code   330  _scanf_int.o(.text)
    puts                                     0x080005a1   Thumb Code    38  puts.o(.text)
    _memset_w                                0x080005cd   Thumb Code    26  rt_memclr.o(.text)
    _memset                                  0x080005e7   Thumb Code    30  rt_memclr.o(.text)
    __aeabi_memclr                           0x08000605   Thumb Code     4  rt_memclr.o(.text)
    __rt_memclr                              0x08000605   Thumb Code     0  rt_memclr.o(.text)
    __aeabi_memclr4                          0x08000609   Thumb Code     0  rt_memclr.o(.text)
    __aeabi_memclr8                          0x08000609   Thumb Code     0  rt_memclr.o(.text)
    __rt_memclr_w                            0x08000609   Thumb Code     4  rt_memclr.o(.text)
    __aeabi_uidiv                            0x0800060d   Thumb Code     0  aeabi_sdiv.o(.text)
    __aeabi_uidivmod                         0x0800060d   Thumb Code    20  aeabi_sdiv.o(.text)
    __aeabi_idiv                             0x08000621   Thumb Code     0  aeabi_sdiv.o(.text)
    __aeabi_idivmod                          0x08000621   Thumb Code   338  aeabi_sdiv.o(.text)
    __use_two_region_memory                  0x08000779   Thumb Code     2  heapauxi.o(.text)
    __rt_heap_escrow                         0x0800077b   Thumb Code     2  heapauxi.o(.text)
    __rt_heap_expand                         0x0800077d   Thumb Code     2  heapauxi.o(.text)
    __aeabi_f2d                              0x08000781   Thumb Code     0  f2d.o(.text)
    _f2d                                     0x08000781   Thumb Code    80  f2d.o(.text)
    __aeabi_f2iz                             0x080007d5   Thumb Code     0  ffixi.o(.text)
    _ffix                                    0x080007d5   Thumb Code    76  ffixi.o(.text)
    __aeabi_i2f_normalise                    0x08000821   Thumb Code    72  fflti.o(.text)
    __aeabi_i2f                              0x08000869   Thumb Code    16  fflti.o(.text)
    _fflt                                    0x08000869   Thumb Code     0  fflti.o(.text)
    __aeabi_ui2f                             0x08000879   Thumb Code     6  fflti.o(.text)
    _ffltu                                   0x08000879   Thumb Code     0  fflti.o(.text)
    __I$use$semihosting                      0x0800087f   Thumb Code     0  use_no_semi.o(.text)
    __use_no_semihosting_swi                 0x0800087f   Thumb Code     2  use_no_semi.o(.text)
    __rt_heap_descriptor                     0x08000881   Thumb Code     8  rt_heap_descriptor_intlibspace.o(.text)
    __use_no_heap                            0x08000889   Thumb Code     2  hguard.o(.text)
    __heap$guard                             0x0800088b   Thumb Code     2  hguard.o(.text)
    _terminate_user_alloc                    0x0800088d   Thumb Code     2  init_alloc.o(.text)
    _init_user_alloc                         0x0800088f   Thumb Code     2  init_alloc.o(.text)
    __Heap_Full                              0x08000891   Thumb Code    32  init_alloc.o(.text)
    __Heap_Broken                            0x080008b1   Thumb Code    10  init_alloc.o(.text)
    _init_alloc                              0x080008bb   Thumb Code    90  init_alloc.o(.text)
    __Heap_Initialize                        0x08000915   Thumb Code    10  h1_init.o(.text)
    __Heap_DescSize                          0x0800091f   Thumb Code     4  h1_init.o(.text)
    _printf_fp_dec_real                      0x08000ac1   Thumb Code   620  _printf_fp_dec.o(.text)
    _printf_char_common                      0x08000d43   Thumb Code    32  _printf_char_common.o(.text)
    _sputc                                   0x08000d69   Thumb Code    10  _sputc.o(.text)
    _chval                                   0x08000d73   Thumb Code    30  _chval.o(.text)
    __vfscanf_char                           0x08000d9d   Thumb Code    28  scanf_char.o(.text)
    _sgetc                                   0x08000dc1   Thumb Code    32  _sgetc.o(.text)
    _sbackspace                              0x08000de1   Thumb Code    36  _sgetc.o(.text)
    __user_libspace                          0x08000e05   Thumb Code     8  libspace.o(.text)
    __user_perproc_libspace                  0x08000e05   Thumb Code     0  libspace.o(.text)
    __user_perthread_libspace                0x08000e05   Thumb Code     0  libspace.o(.text)
    __rt_locale                              0x08000e0d   Thumb Code     8  rt_locale_intlibspace.o(.text)
    __Heap_ProvideMemory                     0x08000e15   Thumb Code    52  h1_extend.o(.text)
    _maybe_terminate_alloc                   0x08000e15   Thumb Code     0  maybetermalloc1.o(.text)
    _ll_udiv10                               0x08000e49   Thumb Code   122  lludiv10.o(.text)
    isspace                                  0x08000ec3   Thumb Code    18  isspace.o(.text)
    _printf_fp_infnan                        0x08000ed5   Thumb Code   120  _printf_fp_infnan.o(.text)
    __vfscanf                                0x08000f5d   Thumb Code   880  _scanf.o(.text)
    _btod_etento                             0x080012dd   Thumb Code   210  bigflt0.o(.text)
    _btod_d2e                                0x080013b5   Thumb Code    64  btod.o(.text)
    _btod_emul                               0x080017e9   Thumb Code    28  btod.o(.text)
    _btod_emuld                              0x08001805   Thumb Code   144  btod.o(.text)
    _btod_ediv                               0x08001895   Thumb Code    26  btod.o(.text)
    _btod_edivd                              0x080018af   Thumb Code   124  btod.o(.text)
    __rt_SIGRTMEM                            0x08001935   Thumb Code    12  defsig_rtmem_outer.o(.text)
    __rt_udiv10                              0x08001941   Thumb Code    40  rtudiv10.o(.text)
    __user_setup_stackheap                   0x08001969   Thumb Code    62  sys_stackheap_outer.o(.text)
    __rt_ctype_table                         0x080019a9   Thumb Code    16  rt_ctype_table.o(.text)
    exit                                     0x080019b9   Thumb Code    16  exit.o(.text)
    __sig_exit                               0x080019c9   Thumb Code    12  defsig_exit.o(.text)
    __rt_SIGRTMEM_inner                      0x080019d5   Thumb Code    22  defsig_rtmem_inner.o(.text)
    strcmp                                   0x08001a25   Thumb Code   132  strcmp.o(.text)
    __default_signal_display                 0x08001aad   Thumb Code    52  defsig_general.o(.text)
    ADC1_DMA_Config_                         0x08001ae1   Thumb Code    88  adc.o(.text.ADC1_DMA_Config_)
    ADC1_IRQHandler                          0x08001b45   Thumb Code     2  stm32g0xx_it.o(.text.ADC1_IRQHandler)
    Current_Sensor_get                       0x08001b49   Thumb Code   144  current_sensor.o(.text.Current_Sensor_get)
    Current_Sensor_init                      0x08001be1   Thumb Code     6  current_sensor.o(.text.Current_Sensor_init)
    Current_Sensor_start_DMA                 0x08001be9   Thumb Code    16  current_sensor.o(.text.Current_Sensor_start_DMA)
    DMA1_Ch4_5_DMAMUX1_OVR_IRQHandler        0x08001c01   Thumb Code    24  stm32g0xx_it.o(.text.DMA1_Ch4_5_DMAMUX1_OVR_IRQHandler)
    DMA1_Channel2_3_IRQHandler               0x08001c19   Thumb Code    16  stm32g0xx_it.o(.text.DMA1_Channel2_3_IRQHandler)
    FOC_Init                                 0x08001c2d   Thumb Code    36  foc_motor.o(.text.FOC_Init)
    HardFault_Handler                        0x08001c79   Thumb Code     2  stm32g0xx_it.o(.text.HardFault_Handler)
    LL_ADC_Init                              0x08001c7d   Thumb Code    48  stm32g0xx_ll_adc.o(.text.LL_ADC_Init)
    LL_ADC_REG_Init                          0x08001cb1   Thumb Code   100  stm32g0xx_ll_adc.o(.text.LL_ADC_REG_Init)
    LL_GPIO_Init                             0x08001d35   Thumb Code   160  stm32g0xx_ll_gpio.o(.text.LL_GPIO_Init)
    LL_Init1msTick                           0x08001e09   Thumb Code    28  stm32g0xx_ll_utils.o(.text.LL_Init1msTick)
    LL_RCC_GetSystemClocksFreq               0x08001e29   Thumb Code    52  stm32g0xx_ll_rcc.o(.text.LL_RCC_GetSystemClocksFreq)
    LL_RCC_GetUSARTClockFreq                 0x08001e61   Thumb Code   108  stm32g0xx_ll_rcc.o(.text.LL_RCC_GetUSARTClockFreq)
    LL_SPI_Init                              0x08001ee9   Thumb Code   108  stm32g0xx_ll_spi.o(.text.LL_SPI_Init)
    LL_SetSystemCoreClock                    0x08001f5d   Thumb Code     8  stm32g0xx_ll_utils.o(.text.LL_SetSystemCoreClock)
    LL_TIM_Init                              0x08001f69   Thumb Code   116  stm32g0xx_ll_tim.o(.text.LL_TIM_Init)
    LL_TIM_OC_Init                           0x08002059   Thumb Code   688  stm32g0xx_ll_tim.o(.text.LL_TIM_OC_Init)
    LL_USART_Init                            0x0800232d   Thumb Code   188  stm32g0xx_ll_usart.o(.text.LL_USART_Init)
    LL_mDelay                                0x08002429   Thumb Code    36  stm32g0xx_ll_utils.o(.text.LL_mDelay)
    LPF_controller_calc                      0x08002451   Thumb Code    40  lpf_controller.o(.text.LPF_controller_calc)
    LPF_controller_init                      0x0800247d   Thumb Code     4  lpf_controller.o(.text.LPF_controller_init)
    MX_ADC1_Init                             0x08002481   Thumb Code   348  adc.o(.text.MX_ADC1_Init)
    MX_DMA_Init                              0x080025f5   Thumb Code    56  dma.o(.text.MX_DMA_Init)
    MX_GPIO_Init                             0x08002635   Thumb Code   116  gpio.o(.text.MX_GPIO_Init)
    MX_SPI1_Init                             0x080026b1   Thumb Code   184  spi.o(.text.MX_SPI1_Init)
    MX_TIM17_Init                            0x08002771   Thumb Code    72  tim.o(.text.MX_TIM17_Init)
    MX_TIM1_Init                             0x080027c5   Thumb Code   116  tim.o(.text.MX_TIM1_Init)
    MX_TIM3_Init                             0x08002845   Thumb Code   352  tim.o(.text.MX_TIM3_Init)
    MX_USART1_UART_Init                      0x080029c5   Thumb Code   392  usart.o(.text.MX_USART1_UART_Init)
    Magnetic_Sensor_get                      0x08002b79   Thumb Code    30  magnetic_sensor.o(.text.Magnetic_Sensor_get)
    Magnetic_Sensor_get_V                    0x08002b97   Thumb Code    30  magnetic_sensor.o(.text.Magnetic_Sensor_get_V)
    Magnetic_Sensor_init                     0x08002bb5   Thumb Code     4  magnetic_sensor.o(.text.Magnetic_Sensor_init)
    Magnetic_Sensor_start                    0x08002bb9   Thumb Code   112  magnetic_sensor.o(.text.Magnetic_Sensor_start)
    NI_Controller_calc                       0x08002c2d   Thumb Code   148  ni_controller.o(.text.NI_Controller_calc)
    NI_Controller_get                        0x08002cc5   Thumb Code    88  ni_controller.o(.text.NI_Controller_get)
    NI_Controller_get_                       0x08002d1d   Thumb Code    40  ni_controller.o(.text.NI_Controller_get_)
    NI_Controller_init                       0x08002d45   Thumb Code    20  ni_controller.o(.text.NI_Controller_init)
    NMI_Handler                              0x08002d5d   Thumb Code     2  stm32g0xx_it.o(.text.NMI_Handler)
    PID_Controller_calc                      0x08002d61   Thumb Code    88  pid_controller.o(.text.PID_Controller_calc)
    PID_Controller_init                      0x08002dbd   Thumb Code    76  pid_controller.o(.text.PID_Controller_init)
    PID_Controller_set                       0x08002e0d   Thumb Code     4  pid_controller.o(.text.PID_Controller_set)
    PendSV_Handler                           0x08002e11   Thumb Code     2  stm32g0xx_it.o(.text.PendSV_Handler)
    SPIx_ReadData16                          0x08002e59   Thumb Code    34  spi.o(.text.SPIx_ReadData16)
    SVC_Handler                              0x08002e7b   Thumb Code     2  stm32g0xx_it.o(.text.SVC_Handler)
    SysTick_Handler                          0x08002e7d   Thumb Code     2  stm32g0xx_it.o(.text.SysTick_Handler)
    SystemClock_Config                       0x08002e81   Thumb Code   132  main.o(.text.SystemClock_Config)
    SystemInit                               0x08002f19   Thumb Code     2  system_stm32g0xx.o(.text.SystemInit)
    TIM17_Config                             0x08002f1d   Thumb Code    20  tim.o(.text.TIM17_Config)
    TIM17_IRQHandler                         0x08002f35   Thumb Code    24  stm32g0xx_it.o(.text.TIM17_IRQHandler)
    TIM1_BRK_UP_TRG_COM_IRQHandler           0x08002f55   Thumb Code    32  stm32g0xx_it.o(.text.TIM1_BRK_UP_TRG_COM_IRQHandler)
    TIM1_CC_IRQHandler                       0x08002f81   Thumb Code     2  stm32g0xx_it.o(.text.TIM1_CC_IRQHandler)
    TIM_PWM_Config                           0x08002f85   Thumb Code    88  tim.o(.text.TIM_PWM_Config)
    USART1_IRQHandler                        0x08002fe5   Thumb Code    88  stm32g0xx_it.o(.text.USART1_IRQHandler)
    USART_DMA_Config                         0x08003041   Thumb Code   196  usart.o(.text.USART_DMA_Config)
    _sys_exit                                0x0800311d   Thumb Code     2  retarget.o(.text._sys_exit)
    _ttywrch                                 0x0800311f   Thumb Code     8  retarget.o(.text._ttywrch)
    arm_cos_q15                              0x08003129   Thumb Code    60  fastmathfunctions.o(.text.arm_cos_q15)
    arm_float_to_q15                         0x08003169   Thumb Code    52  supportfunctions.o(.text.arm_float_to_q15)
    arm_q15_to_float                         0x080031a5   Thumb Code    38  supportfunctions.o(.text.arm_q15_to_float)
    arm_sin_q15                              0x080031cd   Thumb Code    48  fastmathfunctions.o(.text.arm_sin_q15)
    foc_communication                        0x08003205   Thumb Code    36  foc_motor.o(.text.foc_communication)
    foc_controller                           0x08003229   Thumb Code    12  foc_motor.o(.text.foc_controller)
    foc_svpwm_calc                           0x08003235   Thumb Code   196  svpwm_driver.o(.text.foc_svpwm_calc)
    foc_svpwm_init                           0x080032fd   Thumb Code     4  svpwm_driver.o(.text.foc_svpwm_init)
    foc_svpwm_stop                           0x08003301   Thumb Code    12  svpwm_driver.o(.text.foc_svpwm_stop)
    foc_svpwm_write_                         0x0800330d   Thumb Code   100  svpwm_driver.o(.text.foc_svpwm_write_)
    fputc                                    0x08003379   Thumb Code     8  retarget.o(.text.fputc)
    main                                     0x08003381   Thumb Code   112  main.o(.text.main)
    my_float_to_q15                          0x080033fd   Thumb Code    22  mymaths.o(.text.my_float_to_q15)
    my_float_to_q17_15_t                     0x08003415   Thumb Code    40  mymaths.o(.text.my_float_to_q17_15_t)
    my_mult_q15                              0x08003441   Thumb Code     8  mymaths.o(.text.my_mult_q15)
    my_mult_q17_15_t_and_q15                 0x08003449   Thumb Code    24  mymaths.o(.text.my_mult_q17_15_t_and_q15)
    my_q15_to_float                          0x08003461   Thumb Code    20  mymaths.o(.text.my_q15_to_float)
    new_Current_Sensor                       0x08003475   Thumb Code    72  current_sensor.o(.text.new_Current_Sensor)
    new_LPF_Controller                       0x08003529   Thumb Code    44  lpf_controller.o(.text.new_LPF_Controller)
    new_Magnetic_Sensor                      0x080035bd   Thumb Code    84  magnetic_sensor.o(.text.new_Magnetic_Sensor)
    new_NI_Controller                        0x08003685   Thumb Code    64  ni_controller.o(.text.new_NI_Controller)
    new_PID_Controller                       0x08003735   Thumb Code    44  pid_controller.o(.text.new_PID_Controller)
    new_PMSM_Motor                           0x080037cd   Thumb Code   120  pmsm_motor.o(.text.new_PMSM_Motor)
    new_SVPWM_Driver                         0x080038c5   Thumb Code    52  svpwm_driver.o(.text.new_SVPWM_Driver)
    pmsm_motor_ctrl                          0x08003965   Thumb Code    24  pmsm_motor.o(.text.pmsm_motor_ctrl)
    pmsm_motor_ctrl_position                 0x0800397d   Thumb Code   136  pmsm_motor.o(.text.pmsm_motor_ctrl_position)
    pmsm_motor_init                          0x08003a0d   Thumb Code   228  pmsm_motor.o(.text.pmsm_motor_init)
    pmsm_motor_port                          0x08003b29   Thumb Code    60  pmsm_motor.o(.text.pmsm_motor_port)
    pmsm_motor_run                           0x08003b6d   Thumb Code   156  pmsm_motor.o(.text.pmsm_motor_run)
    pmsm_motor_sensor_get                    0x08003c2d   Thumb Code    28  pmsm_motor.o(.text.pmsm_motor_sensor_get)
    pmsm_motor_start                         0x08003c49   Thumb Code    12  pmsm_motor.o(.text.pmsm_motor_start)
    sendchar                                 0x08003c59   Thumb Code    16  usart.o(.text.sendchar)
    __ARM_common_ll_muluu                    0x08003c6d   Thumb Code    48  btod.o(i.__ARM_common_ll_muluu)
    __ARM_fpclassify                         0x08003c9d   Thumb Code    40  fpclassify.o(i.__ARM_fpclassify)
    _is_digit                                0x08003cc9   Thumb Code    14  __printf_wp.o(i._is_digit)
    _get_lc_numeric                          0x08003cd9   Thumb Code    44  lc_numeric_c.o(locale$$code)
    _get_lc_ctype                            0x08003d05   Thumb Code    44  lc_ctype_c.o(locale$$code)
    __aeabi_fmul                             0x08003d31   Thumb Code     0  fmul.o(x$fpl$fmul)
    _fmul                                    0x08003d31   Thumb Code   172  fmul.o(x$fpl$fmul)
    _printf_fp_dec                           0x08003de1   Thumb Code    16  printf1.o(x$fpl$printf1)
    __I$use$fp                               0x08003df0   Number         0  usenofp.o(x$fpl$usenofp)
    AHBPrescTable                            0x08003e98   Data          64  system_stm32g0xx.o(.rodata.AHBPrescTable)
    APBPrescTable                            0x08003ed8   Data          32  system_stm32g0xx.o(.rodata.APBPrescTable)
    sinTable_q15                             0x08003ef8   Data        1026  commontables.o(.rodata.sinTable_q15)
    Region$$Table$$Base                      0x080042fc   Number         0  anon$$obj.o(Region$$Table)
    Region$$Table$$Limit                     0x0800431c   Number         0  anon$$obj.o(Region$$Table)
    __ctype                                  0x08004345   Data           0  lc_ctype_c.o(locale$$data)
    SystemCoreClock                          0x20000000   Data           4  system_stm32g0xx.o(.data.SystemCoreClock)
    usart1_tx_buf                            0x20000004   Data         256  usart.o(.data.usart1_tx_buf)
    __libspace_start                         0x20000108   Data          96  libspace.o(.bss)
    __temporary_stack_top$libspace           0x20000168   Data           0  libspace.o(.bss)
    TIM17_mCounter                           0x2000016c   Data           4  tim.o(.bss..L_MergedGlobals)
    __stdout                                 0x20000174   Data          84  retarget.o(.bss.__stdout)
    global_time_stamp                        0x200001c8   Data           4  pmsm_motor.o(.bss.global_time_stamp)
    pmsm_motor                               0x200001cc   Data           4  foc_motor.o(.bss.pmsm_motor)
    uart_port_buf                            0x200001d0   Data         256  pmsm_motor.o(.bss.uart_port_buf)
    usart1_rx_buf                            0x200002d0   Data         256  usart.o(.bss.usart1_rx_buf)



==============================================================================

Memory Map of the image

  Image Entry point : 0x080000c1

  Load Region LR_IROM1 (Base: 0x08000000, Size: 0x00004550, Max: 0x00008000, ABSOLUTE)

    Execution Region ER_IROM1 (Exec base: 0x08000000, Load base: 0x08000000, Size: 0x00004448, Max: 0x00008000, ABSOLUTE)

    Exec Addr    Load Addr    Size         Type   Attr      Idx    E Section Name        Object

    0x08000000   0x08000000   0x000000c0   Data   RO            3    RESET               startup_stm32g030xx.o
    0x080000c0   0x080000c0   0x00000008   Code   RO         2444  * !!!main             c_p.l(__main.o)
    0x080000c8   0x080000c8   0x0000003c   Code   RO         2925    !!!scatter          c_p.l(__scatter.o)
    0x08000104   0x08000104   0x0000001a   Code   RO         2927    !!handler_copy      c_p.l(__scatter_copy.o)
    0x0800011e   0x0800011e   0x00000002   PAD
    0x08000120   0x08000120   0x0000001c   Code   RO         2929    !!handler_zi        c_p.l(__scatter_zi.o)
    0x0800013c   0x0800013c   0x00000002   Code   RO         2425    .ARM.Collect$$_printf_percent$$00000000  c_p.l(_printf_percent.o)
    0x0800013e   0x0800013e   0x0000000a   Code   RO         2424    .ARM.Collect$$_printf_percent$$00000003  c_p.l(_printf_f.o)
    0x08000148   0x08000148   0x00000004   Code   RO         2607    .ARM.Collect$$_printf_percent$$00000017  c_p.l(_printf_percent_end.o)
    0x0800014c   0x0800014c   0x00000002   Code   RO         2855    .ARM.Collect$$libinit$$00000000  c_p.l(libinit.o)
    0x0800014e   0x0800014e   0x00000000   Code   RO         2617    .ARM.Collect$$libinit$$00000002  c_p.l(libinit2.o)
    0x0800014e   0x0800014e   0x00000000   Code   RO         2619    .ARM.Collect$$libinit$$00000004  c_p.l(libinit2.o)
    0x0800014e   0x0800014e   0x00000000   Code   RO         2621    .ARM.Collect$$libinit$$00000006  c_p.l(libinit2.o)
    0x0800014e   0x0800014e   0x00000008   Code   RO         2622    .ARM.Collect$$libinit$$00000007  c_p.l(libinit2.o)
    0x08000156   0x08000156   0x00000000   Code   RO         2624    .ARM.Collect$$libinit$$0000000C  c_p.l(libinit2.o)
    0x08000156   0x08000156   0x00000000   Code   RO         2626    .ARM.Collect$$libinit$$0000000E  c_p.l(libinit2.o)
    0x08000156   0x08000156   0x00000000   Code   RO         2628    .ARM.Collect$$libinit$$00000010  c_p.l(libinit2.o)
    0x08000156   0x08000156   0x00000006   Code   RO         2629    .ARM.Collect$$libinit$$00000011  c_p.l(libinit2.o)
    0x0800015c   0x0800015c   0x00000000   Code   RO         2631    .ARM.Collect$$libinit$$00000013  c_p.l(libinit2.o)
    0x0800015c   0x0800015c   0x0000000c   Code   RO         2632    .ARM.Collect$$libinit$$00000014  c_p.l(libinit2.o)
    0x08000168   0x08000168   0x00000000   Code   RO         2633    .ARM.Collect$$libinit$$00000015  c_p.l(libinit2.o)
    0x08000168   0x08000168   0x00000000   Code   RO         2635    .ARM.Collect$$libinit$$00000017  c_p.l(libinit2.o)
    0x08000168   0x08000168   0x0000000a   Code   RO         2636    .ARM.Collect$$libinit$$00000018  c_p.l(libinit2.o)
    0x08000172   0x08000172   0x00000000   Code   RO         2637    .ARM.Collect$$libinit$$00000019  c_p.l(libinit2.o)
    0x08000172   0x08000172   0x00000000   Code   RO         2639    .ARM.Collect$$libinit$$0000001B  c_p.l(libinit2.o)
    0x08000172   0x08000172   0x00000000   Code   RO         2641    .ARM.Collect$$libinit$$0000001D  c_p.l(libinit2.o)
    0x08000172   0x08000172   0x00000000   Code   RO         2643    .ARM.Collect$$libinit$$0000001F  c_p.l(libinit2.o)
    0x08000172   0x08000172   0x00000000   Code   RO         2645    .ARM.Collect$$libinit$$00000021  c_p.l(libinit2.o)
    0x08000172   0x08000172   0x00000000   Code   RO         2647    .ARM.Collect$$libinit$$00000023  c_p.l(libinit2.o)
    0x08000172   0x08000172   0x00000000   Code   RO         2649    .ARM.Collect$$libinit$$00000025  c_p.l(libinit2.o)
    0x08000172   0x08000172   0x00000000   Code   RO         2651    .ARM.Collect$$libinit$$00000027  c_p.l(libinit2.o)
    0x08000172   0x08000172   0x00000000   Code   RO         2655    .ARM.Collect$$libinit$$0000002E  c_p.l(libinit2.o)
    0x08000172   0x08000172   0x00000000   Code   RO         2657    .ARM.Collect$$libinit$$00000030  c_p.l(libinit2.o)
    0x08000172   0x08000172   0x00000000   Code   RO         2659    .ARM.Collect$$libinit$$00000032  c_p.l(libinit2.o)
    0x08000172   0x08000172   0x00000000   Code   RO         2661    .ARM.Collect$$libinit$$00000034  c_p.l(libinit2.o)
    0x08000172   0x08000172   0x00000002   Code   RO         2662    .ARM.Collect$$libinit$$00000035  c_p.l(libinit2.o)
    0x08000174   0x08000174   0x00000002   Code   RO         2923    .ARM.Collect$$libshutdown$$00000000  c_p.l(libshutdown.o)
    0x08000176   0x08000176   0x00000000   Code   RO         2881    .ARM.Collect$$libshutdown$$00000002  c_p.l(libshutdown2.o)
    0x08000176   0x08000176   0x00000000   Code   RO         2883    .ARM.Collect$$libshutdown$$00000004  c_p.l(libshutdown2.o)
    0x08000176   0x08000176   0x00000000   Code   RO         2886    .ARM.Collect$$libshutdown$$00000007  c_p.l(libshutdown2.o)
    0x08000176   0x08000176   0x00000000   Code   RO         2889    .ARM.Collect$$libshutdown$$0000000A  c_p.l(libshutdown2.o)
    0x08000176   0x08000176   0x00000000   Code   RO         2891    .ARM.Collect$$libshutdown$$0000000C  c_p.l(libshutdown2.o)
    0x08000176   0x08000176   0x00000000   Code   RO         2894    .ARM.Collect$$libshutdown$$0000000F  c_p.l(libshutdown2.o)
    0x08000176   0x08000176   0x00000002   Code   RO         2895    .ARM.Collect$$libshutdown$$00000010  c_p.l(libshutdown2.o)
    0x08000178   0x08000178   0x00000000   Code   RO         2565    .ARM.Collect$$rtentry$$00000000  c_p.l(__rtentry.o)
    0x08000178   0x08000178   0x00000000   Code   RO         2748    .ARM.Collect$$rtentry$$00000002  c_p.l(__rtentry2.o)
    0x08000178   0x08000178   0x00000006   Code   RO         2760    .ARM.Collect$$rtentry$$00000004  c_p.l(__rtentry4.o)
    0x0800017e   0x0800017e   0x00000000   Code   RO         2750    .ARM.Collect$$rtentry$$00000009  c_p.l(__rtentry2.o)
    0x0800017e   0x0800017e   0x00000004   Code   RO         2751    .ARM.Collect$$rtentry$$0000000A  c_p.l(__rtentry2.o)
    0x08000182   0x08000182   0x00000000   Code   RO         2753    .ARM.Collect$$rtentry$$0000000C  c_p.l(__rtentry2.o)
    0x08000182   0x08000182   0x00000008   Code   RO         2754    .ARM.Collect$$rtentry$$0000000D  c_p.l(__rtentry2.o)
    0x0800018a   0x0800018a   0x00000002   Code   RO         2863    .ARM.Collect$$rtexit$$00000000  c_p.l(rtexit.o)
    0x0800018c   0x0800018c   0x00000000   Code   RO         2899    .ARM.Collect$$rtexit$$00000002  c_p.l(rtexit2.o)
    0x0800018c   0x0800018c   0x00000004   Code   RO         2900    .ARM.Collect$$rtexit$$00000003  c_p.l(rtexit2.o)
    0x08000190   0x08000190   0x00000006   Code   RO         2901    .ARM.Collect$$rtexit$$00000004  c_p.l(rtexit2.o)
    0x08000196   0x08000196   0x00000002   PAD
    0x08000198   0x08000198   0x00000038   Code   RO            4    .text               startup_stm32g030xx.o
    0x080001d0   0x080001d0   0x00000002   Code   RO         2324    .text               c_p.l(use_no_semi_2.o)
    0x080001d2   0x080001d2   0x00000062   Code   RO         2330    .text               c_p.l(h1_alloc.o)
    0x08000234   0x08000234   0x0000004c   Code   RO         2332    .text               c_p.l(h1_free.o)
    0x08000280   0x08000280   0x00000030   Code   RO         2392    .text               c_p.l(llmul.o)
    0x080002b0   0x080002b0   0x0000002c   Code   RO         2398    .text               c_p.l(__2sprintf.o)
    0x080002dc   0x080002dc   0x00000138   Code   RO         2416    .text               c_p.l(__printf_flags_wp.o)
    0x08000414   0x08000414   0x00000040   Code   RO         2426    .text               c_p.l(__0sscanf.o)
    0x08000454   0x08000454   0x0000014a   Code   RO         2428    .text               c_p.l(_scanf_int.o)
    0x0800059e   0x0800059e   0x00000002   PAD
    0x080005a0   0x080005a0   0x0000002c   Code   RO         2430    .text               c_p.l(puts.o)
    0x080005cc   0x080005cc   0x00000040   Code   RO         2436    .text               c_p.l(rt_memclr.o)
    0x0800060c   0x0800060c   0x0000016c   Code   RO         2438    .text               c_p.l(aeabi_sdiv.o)
    0x08000778   0x08000778   0x00000006   Code   RO         2442    .text               c_p.l(heapauxi.o)
    0x0800077e   0x0800077e   0x00000002   PAD
    0x08000780   0x08000780   0x00000054   Code   RO         2475    .text               fz_ps.l(f2d.o)
    0x080007d4   0x080007d4   0x0000004c   Code   RO         2500    .text               fz_ps.l(ffixi.o)
    0x08000820   0x08000820   0x0000005e   Code   RO         2504    .text               fz_ps.l(fflti.o)
    0x0800087e   0x0800087e   0x00000002   Code   RO         2561    .text               c_p.l(use_no_semi.o)
    0x08000880   0x08000880   0x00000008   Code   RO         2577    .text               c_p.l(rt_heap_descriptor_intlibspace.o)
    0x08000888   0x08000888   0x00000004   Code   RO         2579    .text               c_p.l(hguard.o)
    0x0800088c   0x0800088c   0x00000088   Code   RO         2581    .text               c_p.l(init_alloc.o)
    0x08000914   0x08000914   0x0000000e   Code   RO         2585    .text               c_p.l(h1_init.o)
    0x08000922   0x08000922   0x00000002   PAD
    0x08000924   0x08000924   0x00000414   Code   RO         2599    .text               c_p.l(_printf_fp_dec.o)
    0x08000d38   0x08000d38   0x00000030   Code   RO         2603    .text               c_p.l(_printf_char_common.o)
    0x08000d68   0x08000d68   0x0000000a   Code   RO         2605    .text               c_p.l(_sputc.o)
    0x08000d72   0x08000d72   0x0000001e   Code   RO         2608    .text               c_p.l(_chval.o)
    0x08000d90   0x08000d90   0x00000030   Code   RO         2610    .text               c_p.l(scanf_char.o)
    0x08000dc0   0x08000dc0   0x00000044   Code   RO         2612    .text               c_p.l(_sgetc.o)
    0x08000e04   0x08000e04   0x00000008   Code   RO         2744    .text               c_p.l(libspace.o)
    0x08000e0c   0x08000e0c   0x00000008   Code   RO         2767    .text               c_p.l(rt_locale_intlibspace.o)
    0x08000e14   0x08000e14   0x00000000   Code   RO         2776    .text               c_p.l(maybetermalloc1.o)
    0x08000e14   0x08000e14   0x00000034   Code   RO         2778    .text               c_p.l(h1_extend.o)
    0x08000e48   0x08000e48   0x0000007a   Code   RO         2782    .text               c_p.l(lludiv10.o)
    0x08000ec2   0x08000ec2   0x00000012   Code   RO         2784    .text               c_p.l(isspace.o)
    0x08000ed4   0x08000ed4   0x00000088   Code   RO         2786    .text               c_p.l(_printf_fp_infnan.o)
    0x08000f5c   0x08000f5c   0x00000380   Code   RO         2790    .text               c_p.l(_scanf.o)
    0x080012dc   0x080012dc   0x000000d8   Code   RO         2792    .text               c_p.l(bigflt0.o)
    0x080013b4   0x080013b4   0x00000580   Code   RO         2795    .text               c_p.l(btod.o)
    0x08001934   0x08001934   0x0000000c   Code   RO         2805    .text               c_p.l(defsig_rtmem_outer.o)
    0x08001940   0x08001940   0x00000028   Code   RO         2809    .text               c_p.l(rtudiv10.o)
    0x08001968   0x08001968   0x0000003e   Code   RO         2823    .text               c_p.l(sys_stackheap_outer.o)
    0x080019a6   0x080019a6   0x00000002   PAD
    0x080019a8   0x080019a8   0x00000010   Code   RO         2826    .text               c_p.l(rt_ctype_table.o)
    0x080019b8   0x080019b8   0x00000010   Code   RO         2834    .text               c_p.l(exit.o)
    0x080019c8   0x080019c8   0x0000000c   Code   RO         2836    .text               c_p.l(defsig_exit.o)
    0x080019d4   0x080019d4   0x00000050   Code   RO         2842    .text               c_p.l(defsig_rtmem_inner.o)
    0x08001a24   0x08001a24   0x00000088   Code   RO         2844    .text               c_p.l(strcmp.o)
    0x08001aac   0x08001aac   0x00000034   Code   RO         2876    .text               c_p.l(defsig_general.o)
    0x08001ae0   0x08001ae0   0x00000064   Code   RO           59    .text.ADC1_DMA_Config_  adc.o
    0x08001b44   0x08001b44   0x00000002   Code   RO          146    .text.ADC1_IRQHandler  stm32g0xx_it.o
    0x08001b46   0x08001b46   0x00000002   PAD
    0x08001b48   0x08001b48   0x00000098   Code   RO          360    .text.Current_Sensor_get  current_sensor.o
    0x08001be0   0x08001be0   0x00000006   Code   RO          356    .text.Current_Sensor_init  current_sensor.o
    0x08001be6   0x08001be6   0x00000002   PAD
    0x08001be8   0x08001be8   0x00000018   Code   RO          358    .text.Current_Sensor_start_DMA  current_sensor.o
    0x08001c00   0x08001c00   0x00000018   Code   RO          144    .text.DMA1_Ch4_5_DMAMUX1_OVR_IRQHandler  stm32g0xx_it.o
    0x08001c18   0x08001c18   0x00000014   Code   RO          142    .text.DMA1_Channel2_3_IRQHandler  stm32g0xx_it.o
    0x08001c2c   0x08001c2c   0x0000004c   Code   RO          294    .text.FOC_Init      foc_motor.o
    0x08001c78   0x08001c78   0x00000002   Code   RO          134    .text.HardFault_Handler  stm32g0xx_it.o
    0x08001c7a   0x08001c7a   0x00000002   PAD
    0x08001c7c   0x08001c7c   0x00000034   Code   RO          432    .text.LL_ADC_Init   stm32g0xx_ll_adc.o
    0x08001cb0   0x08001cb0   0x00000068   Code   RO          436    .text.LL_ADC_REG_Init  stm32g0xx_ll_adc.o
    0x08001d18   0x08001d18   0x0000001c   Code   RO           91    .text.LL_APB2_GRP1_EnableClock  tim.o
    0x08001d34   0x08001d34   0x000000a0   Code   RO          412    .text.LL_GPIO_Init  stm32g0xx_ll_gpio.o
    0x08001dd4   0x08001dd4   0x00000018   Code   RO           47    .text.LL_IOP_GRP1_EnableClock  gpio.o
    0x08001dec   0x08001dec   0x0000001c   Code   RO           97    .text.LL_IOP_GRP1_EnableClock  tim.o
    0x08001e08   0x08001e08   0x00000020   Code   RO          372    .text.LL_Init1msTick  stm32g0xx_ll_utils.o
    0x08001e28   0x08001e28   0x00000038   Code   RO          464    .text.LL_RCC_GetSystemClocksFreq  stm32g0xx_ll_rcc.o
    0x08001e60   0x08001e60   0x00000088   Code   RO          468    .text.LL_RCC_GetUSARTClockFreq  stm32g0xx_ll_rcc.o
    0x08001ee8   0x08001ee8   0x00000074   Code   RO          488    .text.LL_SPI_Init   stm32g0xx_ll_spi.o
    0x08001f5c   0x08001f5c   0x0000000c   Code   RO          376    .text.LL_SetSystemCoreClock  stm32g0xx_ll_utils.o
    0x08001f68   0x08001f68   0x0000007c   Code   RO          520    .text.LL_TIM_Init   stm32g0xx_ll_tim.o
    0x08001fe4   0x08001fe4   0x00000074   Code   RO           95    .text.LL_TIM_OC_DisableFast  tim.o
    0x08002058   0x08002058   0x000002d4   Code   RO          524    .text.LL_TIM_OC_Init  stm32g0xx_ll_tim.o
    0x0800232c   0x0800232c   0x000000fc   Code   RO          552    .text.LL_USART_Init  stm32g0xx_ll_usart.o
    0x08002428   0x08002428   0x00000028   Code   RO          374    .text.LL_mDelay     stm32g0xx_ll_utils.o
    0x08002450   0x08002450   0x0000002c   Code   RO          244    .text.LPF_controller_calc  lpf_controller.o
    0x0800247c   0x0800247c   0x00000004   Code   RO          242    .text.LPF_controller_init  lpf_controller.o
    0x08002480   0x08002480   0x00000174   Code   RO           57    .text.MX_ADC1_Init  adc.o
    0x080025f4   0x080025f4   0x00000040   Code   RO           69    .text.MX_DMA_Init   dma.o
    0x08002634   0x08002634   0x0000007c   Code   RO           45    .text.MX_GPIO_Init  gpio.o
    0x080026b0   0x080026b0   0x000000c0   Code   RO           77    .text.MX_SPI1_Init  spi.o
    0x08002770   0x08002770   0x00000054   Code   RO           99    .text.MX_TIM17_Init  tim.o
    0x080027c4   0x080027c4   0x00000080   Code   RO           89    .text.MX_TIM1_Init  tim.o
    0x08002844   0x08002844   0x00000180   Code   RO           93    .text.MX_TIM3_Init  tim.o
    0x080029c4   0x080029c4   0x000001b4   Code   RO          116    .text.MX_USART1_UART_Init  usart.o
    0x08002b78   0x08002b78   0x0000001e   Code   RO          340    .text.Magnetic_Sensor_get  magnetic_sensor.o
    0x08002b96   0x08002b96   0x0000001e   Code   RO          342    .text.Magnetic_Sensor_get_V  magnetic_sensor.o
    0x08002bb4   0x08002bb4   0x00000004   Code   RO          336    .text.Magnetic_Sensor_init  magnetic_sensor.o
    0x08002bb8   0x08002bb8   0x00000074   Code   RO          338    .text.Magnetic_Sensor_start  magnetic_sensor.o
    0x08002c2c   0x08002c2c   0x00000098   Code   RO          278    .text.NI_Controller_calc  ni_controller.o
    0x08002cc4   0x08002cc4   0x00000058   Code   RO          282    .text.NI_Controller_get  ni_controller.o
    0x08002d1c   0x08002d1c   0x00000028   Code   RO          280    .text.NI_Controller_get_  ni_controller.o
    0x08002d44   0x08002d44   0x00000018   Code   RO          276    .text.NI_Controller_init  ni_controller.o
    0x08002d5c   0x08002d5c   0x00000002   Code   RO          132    .text.NMI_Handler   stm32g0xx_it.o
    0x08002d5e   0x08002d5e   0x00000002   PAD
    0x08002d60   0x08002d60   0x0000005c   Code   RO          260    .text.PID_Controller_calc  pid_controller.o
    0x08002dbc   0x08002dbc   0x00000050   Code   RO          258    .text.PID_Controller_init  pid_controller.o
    0x08002e0c   0x08002e0c   0x00000004   Code   RO          262    .text.PID_Controller_set  pid_controller.o
    0x08002e10   0x08002e10   0x00000002   Code   RO          138    .text.PendSV_Handler  stm32g0xx_it.o
    0x08002e12   0x08002e12   0x00000002   PAD
    0x08002e14   0x08002e14   0x00000044   Code   RO          466    .text.RCC_GetSystemClockFreq  stm32g0xx_ll_rcc.o
    0x08002e58   0x08002e58   0x00000022   Code   RO           79    .text.SPIx_ReadData16  spi.o
    0x08002e7a   0x08002e7a   0x00000002   Code   RO          136    .text.SVC_Handler   stm32g0xx_it.o
    0x08002e7c   0x08002e7c   0x00000002   Code   RO          140    .text.SysTick_Handler  stm32g0xx_it.o
    0x08002e7e   0x08002e7e   0x00000002   PAD
    0x08002e80   0x08002e80   0x00000098   Code   RO           31    .text.SystemClock_Config  main.o
    0x08002f18   0x08002f18   0x00000002   Code   RO          568    .text.SystemInit    system_stm32g0xx.o
    0x08002f1a   0x08002f1a   0x00000002   PAD
    0x08002f1c   0x08002f1c   0x00000018   Code   RO          103    .text.TIM17_Config  tim.o
    0x08002f34   0x08002f34   0x00000020   Code   RO          152    .text.TIM17_IRQHandler  stm32g0xx_it.o
    0x08002f54   0x08002f54   0x0000002c   Code   RO          148    .text.TIM1_BRK_UP_TRG_COM_IRQHandler  stm32g0xx_it.o
    0x08002f80   0x08002f80   0x00000002   Code   RO          150    .text.TIM1_CC_IRQHandler  stm32g0xx_it.o
    0x08002f82   0x08002f82   0x00000002   PAD
    0x08002f84   0x08002f84   0x00000060   Code   RO          101    .text.TIM_PWM_Config  tim.o
    0x08002fe4   0x08002fe4   0x0000005c   Code   RO          154    .text.USART1_IRQHandler  stm32g0xx_it.o
    0x08003040   0x08003040   0x000000dc   Code   RO          118    .text.USART_DMA_Config  usart.o
    0x0800311c   0x0800311c   0x00000002   Code   RO           17    .text._sys_exit     retarget.o
    0x0800311e   0x0800311e   0x00000008   Code   RO           15    .text._ttywrch      retarget.o
    0x08003126   0x08003126   0x00000002   PAD
    0x08003128   0x08003128   0x00000040   Code   RO         1164    .text.arm_cos_q15   fastmathfunctions.o
    0x08003168   0x08003168   0x0000003c   Code   RO         1997    .text.arm_float_to_q15  supportfunctions.o
    0x080031a4   0x080031a4   0x00000026   Code   RO         2005    .text.arm_q15_to_float  supportfunctions.o
    0x080031ca   0x080031ca   0x00000002   PAD
    0x080031cc   0x080031cc   0x00000038   Code   RO         1170    .text.arm_sin_q15   fastmathfunctions.o
    0x08003204   0x08003204   0x00000024   Code   RO          298    .text.foc_communication  foc_motor.o
    0x08003228   0x08003228   0x0000000c   Code   RO          296    .text.foc_controller  foc_motor.o
    0x08003234   0x08003234   0x000000c8   Code   RO          318    .text.foc_svpwm_calc  svpwm_driver.o
    0x080032fc   0x080032fc   0x00000004   Code   RO          316    .text.foc_svpwm_init  svpwm_driver.o
    0x08003300   0x08003300   0x0000000c   Code   RO          320    .text.foc_svpwm_stop  svpwm_driver.o
    0x0800330c   0x0800330c   0x0000006c   Code   RO          322    .text.foc_svpwm_write_  svpwm_driver.o
    0x08003378   0x08003378   0x00000008   Code   RO           11    .text.fputc         retarget.o
    0x08003380   0x08003380   0x0000007c   Code   RO           29    .text.main          main.o
    0x080033fc   0x080033fc   0x00000016   Code   RO          228    .text.my_float_to_q15  mymaths.o
    0x08003412   0x08003412   0x00000002   PAD
    0x08003414   0x08003414   0x0000002c   Code   RO          226    .text.my_float_to_q17_15_t  mymaths.o
    0x08003440   0x08003440   0x00000008   Code   RO          222    .text.my_mult_q15   mymaths.o
    0x08003448   0x08003448   0x00000018   Code   RO          218    .text.my_mult_q17_15_t_and_q15  mymaths.o
    0x08003460   0x08003460   0x00000014   Code   RO          230    .text.my_q15_to_float  mymaths.o
    0x08003474   0x08003474   0x000000b4   Code   RO          354    .text.new_Current_Sensor  current_sensor.o
    0x08003528   0x08003528   0x00000094   Code   RO          240    .text.new_LPF_Controller  lpf_controller.o
    0x080035bc   0x080035bc   0x000000c8   Code   RO          334    .text.new_Magnetic_Sensor  magnetic_sensor.o
    0x08003684   0x08003684   0x000000b0   Code   RO          274    .text.new_NI_Controller  ni_controller.o
    0x08003734   0x08003734   0x00000098   Code   RO          256    .text.new_PID_Controller  pid_controller.o
    0x080037cc   0x080037cc   0x000000f8   Code   RO          164    .text.new_PMSM_Motor  pmsm_motor.o
    0x080038c4   0x080038c4   0x000000a0   Code   RO          314    .text.new_SVPWM_Driver  svpwm_driver.o
    0x08003964   0x08003964   0x00000018   Code   RO          170    .text.pmsm_motor_ctrl  pmsm_motor.o
    0x0800397c   0x0800397c   0x00000090   Code   RO          172    .text.pmsm_motor_ctrl_position  pmsm_motor.o
    0x08003a0c   0x08003a0c   0x0000011c   Code   RO          166    .text.pmsm_motor_init  pmsm_motor.o
    0x08003b28   0x08003b28   0x00000044   Code   RO          178    .text.pmsm_motor_port  pmsm_motor.o
    0x08003b6c   0x08003b6c   0x000000c0   Code   RO          176    .text.pmsm_motor_run  pmsm_motor.o
    0x08003c2c   0x08003c2c   0x0000001c   Code   RO          174    .text.pmsm_motor_sensor_get  pmsm_motor.o
    0x08003c48   0x08003c48   0x00000010   Code   RO          168    .text.pmsm_motor_start  pmsm_motor.o
    0x08003c58   0x08003c58   0x00000014   Code   RO          120    .text.sendchar      usart.o
    0x08003c6c   0x08003c6c   0x00000030   Code   RO         2798    i.__ARM_common_ll_muluu  c_p.l(btod.o)
    0x08003c9c   0x08003c9c   0x0000002c   Code   RO         2709    i.__ARM_fpclassify  m_ps.l(fpclassify.o)
    0x08003cc8   0x08003cc8   0x0000000e   Code   RO         2414    i._is_digit         c_p.l(__printf_wp.o)
    0x08003cd6   0x08003cd6   0x00000002   PAD
    0x08003cd8   0x08003cd8   0x0000002c   Code   RO         2803    locale$$code        c_p.l(lc_numeric_c.o)
    0x08003d04   0x08003d04   0x0000002c   Code   RO         2872    locale$$code        c_p.l(lc_ctype_c.o)
    0x08003d30   0x08003d30   0x000000b0   Code   RO         2506    x$fpl$fmul          fz_ps.l(fmul.o)
    0x08003de0   0x08003de0   0x00000010   Code   RO         2510    x$fpl$printf1       fz_ps.l(printf1.o)
    0x08003df0   0x08003df0   0x00000000   Code   RO         2691    x$fpl$usenofp       fz_ps.l(usenofp.o)
    0x08003df0   0x08003df0   0x00000011   Data   RO         2417    .constdata          c_p.l(__printf_flags_wp.o)
    0x08003e01   0x08003e01   0x00000003   PAD
    0x08003e04   0x08003e04   0x00000094   Data   RO         2793    .constdata          c_p.l(bigflt0.o)
    0x08003e98   0x08003e98   0x00000040   Data   RO          573    .rodata.AHBPrescTable  system_stm32g0xx.o
    0x08003ed8   0x08003ed8   0x00000020   Data   RO          574    .rodata.APBPrescTable  system_stm32g0xx.o
    0x08003ef8   0x08003ef8   0x00000402   Data   RO          867    .rodata.sinTable_q15  commontables.o
    0x080042fa   0x080042fa   0x00000002   PAD
    0x080042fc   0x080042fc   0x00000020   Data   RO         2924    Region$$Table       anon$$obj.o
    0x0800431c   0x0800431c   0x0000001c   Data   RO         2802    locale$$data        c_p.l(lc_numeric_c.o)
    0x08004338   0x08004338   0x00000110   Data   RO         2871    locale$$data        c_p.l(lc_ctype_c.o)


    Execution Region RW_IRAM1 (Exec base: 0x20000000, Load base: 0x08004448, Size: 0x00000fd0, Max: 0x00002000, ABSOLUTE)

    Exec Addr    Load Addr    Size         Type   Attr      Idx    E Section Name        Object

    0x20000000   0x08004448   0x00000004   Data   RW          572    .data.SystemCoreClock  system_stm32g0xx.o
    0x20000004   0x0800444c   0x00000100   Data   RW          122    .data.usart1_tx_buf  usart.o
    0x20000104   0x0800454c   0x00000004   PAD
    0x20000108        -       0x00000060   Zero   RW         2745    .bss                c_p.l(libspace.o)
    0x20000168        -       0x00000008   Zero   RW          107    .bss..L_MergedGlobals  tim.o
    0x20000170        -       0x00000002   Zero   RW          187    .bss..L_MergedGlobals  pmsm_motor.o
    0x20000172   0x0800454c   0x00000002   PAD
    0x20000174        -       0x00000054   Zero   RW           19    .bss.__stdout       retarget.o
    0x200001c8        -       0x00000004   Zero   RW          184    .bss.global_time_stamp  pmsm_motor.o
    0x200001cc        -       0x00000004   Zero   RW          302    .bss.pmsm_motor     foc_motor.o
    0x200001d0        -       0x00000100   Zero   RW          185    .bss.uart_port_buf  pmsm_motor.o
    0x200002d0        -       0x00000100   Zero   RW          123    .bss.usart1_rx_buf  usart.o
    0x200003d0        -       0x00000400   Zero   RW            2    HEAP                startup_stm32g030xx.o
    0x200007d0        -       0x00000800   Zero   RW            1    STACK               startup_stm32g030xx.o


==============================================================================

Image component sizes


      Code (inc. data)   RO Data    RW Data    ZI Data      Debug   Object Name

       472         36          0          0          0       8693   adc.o
         0          0       1026          0          0      10726   commontables.o
       362        124          0          0          0       3493   current_sensor.o
        64          8          0          0          0       2991   dma.o
       120         12          0          0          0      24281   fastmathfunctions.o
       124         40          0          0          4       6089   foc_motor.o
       148          8          0          0          0       2434   gpio.o
       196        108          0          0          0       1957   lpf_controller.o
       380        120          0          0          0       4457   magnetic_sensor.o
       276         32          0          0          0       4660   main.o
       118          4          0          0          0       2879   mymaths.o
       480        120          0          0          0       3335   ni_controller.o
       328        116          0          0          0       2888   pid_controller.o
      1004        240          0          0        262      10410   pmsm_motor.o
        18          0          0          0         84       1352   retarget.o
       226          8          0          0          0       3913   spi.o
        56         26        192          0       3072        640   startup_stm32g030xx.o
       226         28          0          0          0       5221   stm32g0xx_it.o
       156          8          0          0          0       6065   stm32g0xx_ll_adc.o
       160          0          0          0          0       3538   stm32g0xx_ll_gpio.o
       260         36          0          0          0       6977   stm32g0xx_ll_rcc.o
       116          8          0          0          0       5296   stm32g0xx_ll_spi.o
       848         44          0          0          0      13024   stm32g0xx_ll_tim.o
       252         64          0          0          0       5552   stm32g0xx_ll_usart.o
        84         12          0          0          0       7091   stm32g0xx_ll_utils.o
        98          8          0          0          0      23411   supportfunctions.o
       484        126          0          0          0       4521   svpwm_driver.o
         2          0         96          4          0       1951   system_stm32g0xx.o
       888        104          0          0          8       9236   tim.o
       676         72          0        256        256      10258   usart.o

    ----------------------------------------------------------------------
      8644       1512       1348        260       3692     197339   Object Totals
         0          0         32          0          0          0   (incl. Generated)
        22          0          2          0          6          0   (incl. Padding)

    ----------------------------------------------------------------------

      Code (inc. data)   RO Data    RW Data    ZI Data      Debug   Library Member Name

        64         10          0          0          0         84   __0sscanf.o
        44          4          0          0          0         84   __2sprintf.o
         8          0          0          0          0         68   __main.o
       312          6         17          0          0         76   __printf_flags_wp.o
        14          0          0          0          0         60   __printf_wp.o
         0          0          0          0          0          0   __rtentry.o
        12          0          0          0          0          0   __rtentry2.o
         6          0          0          0          0          0   __rtentry4.o
        60          8          0          0          0          0   __scatter.o
        26          0          0          0          0          0   __scatter_copy.o
        28          0          0          0          0          0   __scatter_zi.o
        30          0          0          0          0         60   _chval.o
        48          6          0          0          0         88   _printf_char_common.o
        10          0          0          0          0          0   _printf_f.o
      1044         12          0          0          0        116   _printf_fp_dec.o
       136         16          0          0          0         76   _printf_fp_infnan.o
         2          0          0          0          0          0   _printf_percent.o
         4          0          0          0          0          0   _printf_percent_end.o
       896         16          0          0          0         84   _scanf.o
       330          0          0          0          0         84   _scanf_int.o
        68          0          0          0          0         76   _sgetc.o
        10          0          0          0          0         60   _sputc.o
       364          4          0          0          0         92   aeabi_sdiv.o
       216          6        148          0          0         80   bigflt0.o
      1456         30          0          0          0        336   btod.o
        12          0          0          0          0         68   defsig_exit.o
        52          0          0          0          0         72   defsig_general.o
        80         58          0          0          0         68   defsig_rtmem_inner.o
        12          0          0          0          0         68   defsig_rtmem_outer.o
        16          0          0          0          0         68   exit.o
        98          0          0          0          0         72   h1_alloc.o
        52          0          0          0          0         68   h1_extend.o
        76          0          0          0          0         72   h1_free.o
        14          0          0          0          0         76   h1_init.o
         6          0          0          0          0        136   heapauxi.o
         4          0          0          0          0        120   hguard.o
       136          0          0          0          0        160   init_alloc.o
        18          0          0          0          0         68   isspace.o
        44         10        272          0          0         76   lc_ctype_c.o
        44         10         28          0          0         76   lc_numeric_c.o
         2          0          0          0          0          0   libinit.o
        38          0          0          0          0          0   libinit2.o
         2          0          0          0          0          0   libshutdown.o
         2          0          0          0          0          0   libshutdown2.o
         8          4          0          0         96         68   libspace.o
        48          0          0          0          0         72   llmul.o
       122          0          0          0          0         72   lludiv10.o
         0          0          0          0          0          0   maybetermalloc1.o
        44          6          0          0          0         68   puts.o
        16          4          0          0          0         76   rt_ctype_table.o
         8          4          0          0          0         68   rt_heap_descriptor_intlibspace.o
         8          4          0          0          0         68   rt_locale_intlibspace.o
        64          0          0          0          0        108   rt_memclr.o
         2          0          0          0          0          0   rtexit.o
        10          0          0          0          0          0   rtexit2.o
        40          0          0          0          0         60   rtudiv10.o
        48          8          0          0          0         84   scanf_char.o
       136          4          0          0          0         72   strcmp.o
        62          0          0          0          0         80   sys_stackheap_outer.o
         2          0          0          0          0         68   use_no_semi.o
         2          0          0          0          0         68   use_no_semi_2.o
        84          4          0          0          0         60   f2d.o
        76          0          0          0          0         68   ffixi.o
        94          0          0          0          0         92   fflti.o
       176          4          0          0          0         80   fmul.o
        16          4          0          0          0         76   printf1.o
         0          0          0          0          0          0   usenofp.o
        44          4          0          0          0         60   fpclassify.o

    ----------------------------------------------------------------------
      7020        246        468          0         96       4260   Library Totals
        14          0          3          0          0          0   (incl. Padding)

    ----------------------------------------------------------------------

      Code (inc. data)   RO Data    RW Data    ZI Data      Debug   Library Name

      6516        230        465          0         96       3824   c_p.l
       446         12          0          0          0        376   fz_ps.l
        44          4          0          0          0         60   m_ps.l

    ----------------------------------------------------------------------
      7020        246        468          0         96       4260   Library Totals

    ----------------------------------------------------------------------

==============================================================================


      Code (inc. data)   RO Data    RW Data    ZI Data      Debug   

     15664       1758       1816        260       3788     198871   Grand Totals
     15664       1758       1816        260       3788     198871   ELF Image Totals
     15664       1758       1816        260          0          0   ROM Totals

==============================================================================

    Total RO  Size (Code + RO Data)                17480 (  17.07kB)
    Total RW  Size (RW Data + ZI Data)              4048 (   3.95kB)
    Total ROM Size (Code + RO Data + RW Data)      17740 (  17.32kB)

==============================================================================

